Archive member included to satisfy reference by file (symbol)

c:/program files (x86)/atollic/truestudio for arm 5.5.2/armtools/bin/../lib/gcc/arm-atollic-eabi/5.3.1/../../../../arm-atollic-eabi/lib/armv7e-m/fpu\libc.a(lib_a-init.o)
                              Application\TrueSTUDIO\startup_stm32f407xx.o (__libc_init_array)
c:/program files (x86)/atollic/truestudio for arm 5.5.2/armtools/bin/../lib/gcc/arm-atollic-eabi/5.3.1/../../../../arm-atollic-eabi/lib/armv7e-m/fpu\libc.a(lib_a-memcpy-stub.o)
                              Middlewares\FreeRTOS\queue.o (memcpy)
c:/program files (x86)/atollic/truestudio for arm 5.5.2/armtools/bin/../lib/gcc/arm-atollic-eabi/5.3.1/../../../../arm-atollic-eabi/lib/armv7e-m/fpu\libc.a(lib_a-memset.o)
                              Middlewares\FreeRTOS\tasks.o (memset)
c:/program files (x86)/atollic/truestudio for arm 5.5.2/armtools/bin/../lib/gcc/arm-atollic-eabi/5.3.1/../../../../arm-atollic-eabi/lib/armv7e-m/fpu\libc.a(lib_a-sprintf.o)
                              Application\User\main.o (sprintf)
c:/program files (x86)/atollic/truestudio for arm 5.5.2/armtools/bin/../lib/gcc/arm-atollic-eabi/5.3.1/../../../../arm-atollic-eabi/lib/armv7e-m/fpu\libc.a(lib_a-strlen.o)
                              Application\User\main.o (strlen)
c:/program files (x86)/atollic/truestudio for arm 5.5.2/armtools/bin/../lib/gcc/arm-atollic-eabi/5.3.1/../../../../arm-atollic-eabi/lib/armv7e-m/fpu\libc.a(lib_a-svfprintf.o)
                              c:/program files (x86)/atollic/truestudio for arm 5.5.2/armtools/bin/../lib/gcc/arm-atollic-eabi/5.3.1/../../../../arm-atollic-eabi/lib/armv7e-m/fpu\libc.a(lib_a-sprintf.o) (_svfprintf_r)
c:/program files (x86)/atollic/truestudio for arm 5.5.2/armtools/bin/../lib/gcc/arm-atollic-eabi/5.3.1/../../../../arm-atollic-eabi/lib/armv7e-m/fpu\libc.a(lib_a-dtoa.o)
                              c:/program files (x86)/atollic/truestudio for arm 5.5.2/armtools/bin/../lib/gcc/arm-atollic-eabi/5.3.1/../../../../arm-atollic-eabi/lib/armv7e-m/fpu\libc.a(lib_a-svfprintf.o) (_dtoa_r)
c:/program files (x86)/atollic/truestudio for arm 5.5.2/armtools/bin/../lib/gcc/arm-atollic-eabi/5.3.1/../../../../arm-atollic-eabi/lib/armv7e-m/fpu\libc.a(lib_a-impure.o)
                              c:/program files (x86)/atollic/truestudio for arm 5.5.2/armtools/bin/../lib/gcc/arm-atollic-eabi/5.3.1/../../../../arm-atollic-eabi/lib/armv7e-m/fpu\libc.a(lib_a-sprintf.o) (_impure_ptr)
c:/program files (x86)/atollic/truestudio for arm 5.5.2/armtools/bin/../lib/gcc/arm-atollic-eabi/5.3.1/../../../../arm-atollic-eabi/lib/armv7e-m/fpu\libc.a(lib_a-locale.o)
                              c:/program files (x86)/atollic/truestudio for arm 5.5.2/armtools/bin/../lib/gcc/arm-atollic-eabi/5.3.1/../../../../arm-atollic-eabi/lib/armv7e-m/fpu\libc.a(lib_a-svfprintf.o) (_localeconv_r)
c:/program files (x86)/atollic/truestudio for arm 5.5.2/armtools/bin/../lib/gcc/arm-atollic-eabi/5.3.1/../../../../arm-atollic-eabi/lib/armv7e-m/fpu\libc.a(lib_a-malloc.o)
                              c:/program files (x86)/atollic/truestudio for arm 5.5.2/armtools/bin/../lib/gcc/arm-atollic-eabi/5.3.1/../../../../arm-atollic-eabi/lib/armv7e-m/fpu\libc.a(lib_a-dtoa.o) (malloc)
c:/program files (x86)/atollic/truestudio for arm 5.5.2/armtools/bin/../lib/gcc/arm-atollic-eabi/5.3.1/../../../../arm-atollic-eabi/lib/armv7e-m/fpu\libc.a(lib_a-mallocr.o)
                              c:/program files (x86)/atollic/truestudio for arm 5.5.2/armtools/bin/../lib/gcc/arm-atollic-eabi/5.3.1/../../../../arm-atollic-eabi/lib/armv7e-m/fpu\libc.a(lib_a-svfprintf.o) (_malloc_r)
c:/program files (x86)/atollic/truestudio for arm 5.5.2/armtools/bin/../lib/gcc/arm-atollic-eabi/5.3.1/../../../../arm-atollic-eabi/lib/armv7e-m/fpu\libc.a(lib_a-memchr.o)
                              c:/program files (x86)/atollic/truestudio for arm 5.5.2/armtools/bin/../lib/gcc/arm-atollic-eabi/5.3.1/../../../../arm-atollic-eabi/lib/armv7e-m/fpu\libc.a(lib_a-svfprintf.o) (memchr)
c:/program files (x86)/atollic/truestudio for arm 5.5.2/armtools/bin/../lib/gcc/arm-atollic-eabi/5.3.1/../../../../arm-atollic-eabi/lib/armv7e-m/fpu\libc.a(lib_a-mlock.o)
                              c:/program files (x86)/atollic/truestudio for arm 5.5.2/armtools/bin/../lib/gcc/arm-atollic-eabi/5.3.1/../../../../arm-atollic-eabi/lib/armv7e-m/fpu\libc.a(lib_a-mallocr.o) (__malloc_lock)
c:/program files (x86)/atollic/truestudio for arm 5.5.2/armtools/bin/../lib/gcc/arm-atollic-eabi/5.3.1/../../../../arm-atollic-eabi/lib/armv7e-m/fpu\libc.a(lib_a-mprec.o)
                              c:/program files (x86)/atollic/truestudio for arm 5.5.2/armtools/bin/../lib/gcc/arm-atollic-eabi/5.3.1/../../../../arm-atollic-eabi/lib/armv7e-m/fpu\libc.a(lib_a-dtoa.o) (_Balloc)
c:/program files (x86)/atollic/truestudio for arm 5.5.2/armtools/bin/../lib/gcc/arm-atollic-eabi/5.3.1/../../../../arm-atollic-eabi/lib/armv7e-m/fpu\libc.a(lib_a-sbrkr.o)
[...]
Memory Configuration

Name             Origin             Length             Attributes
FLASH            0x08000000         0x00100000         xr
RAM              0x20000000         0x00020000         xrw
CCMRAM           0x10000000         0x00010000         rw
*default*        0x00000000         0xffffffff

Linker script and memory map

LOAD c:/program files (x86)/atollic/truestudio for arm 5.5.2/armtools/bin/../lib/gcc/arm-atollic-eabi/5.3.1/armv7e-m/fpu/crti.o
LOAD c:/program files (x86)/atollic/truestudio for arm 5.5.2/armtools/bin/../lib/gcc/arm-atollic-eabi/5.3.1/armv7e-m/fpu/crtbegin.o
LOAD Middlewares\FreeRTOS\timers.o
LOAD Middlewares\FreeRTOS\tasks.o
LOAD Middlewares\FreeRTOS\queue.o
LOAD Middlewares\FreeRTOS\port.o
LOAD Middlewares\FreeRTOS\list.o
LOAD Middlewares\FreeRTOS\heap_4.o
LOAD Middlewares\FreeRTOS\event_groups.o
LOAD Middlewares\FreeRTOS\croutine.o
LOAD Middlewares\FreeRTOS\cmsis_os.o
LOAD Drivers\STM32F4xx_HAL_Driver\stm32f4xx_hal_uart.o
LOAD Drivers\STM32F4xx_HAL_Driver\stm32f4xx_hal_tim_ex.o
LOAD Drivers\STM32F4xx_HAL_Driver\stm32f4xx_hal_tim.o
LOAD Drivers\STM32F4xx_HAL_Driver\stm32f4xx_hal_rcc_ex.o
LOAD Drivers\STM32F4xx_HAL_Driver\stm32f4xx_hal_rcc.o
LOAD Drivers\STM32F4xx_HAL_Driver\stm32f4xx_hal_pwr_ex.o
LOAD Drivers\STM32F4xx_HAL_Driver\stm32f4xx_hal_pwr.o
LOAD Drivers\STM32F4xx_HAL_Driver\stm32f4xx_hal_gpio.o
LOAD Drivers\STM32F4xx_HAL_Driver\stm32f4xx_hal_flash_ramfunc.o
LOAD Drivers\STM32F4xx_HAL_Driver\stm32f4xx_hal_flash_ex.o
LOAD Drivers\STM32F4xx_HAL_Driver\stm32f4xx_hal_flash.o
LOAD Drivers\STM32F4xx_HAL_Driver\stm32f4xx_hal_dma_ex.o
LOAD Drivers\STM32F4xx_HAL_Driver\stm32f4xx_hal_dma.o
LOAD Drivers\STM32F4xx_HAL_Driver\stm32f4xx_hal_cortex.o
LOAD Drivers\STM32F4xx_HAL_Driver\stm32f4xx_hal.o
LOAD Drivers\CMSIS\system_stm32f4xx.o
LOAD Application\User\stm32f4xx_it.o
LOAD Application\User\stm32f4xx_hal_timebase_TIM.o
LOAD Application\User\stm32f4xx_hal_msp.o
LOAD Application\User\main.o
LOAD Application\User\freertos.o
LOAD Application\TrueSTUDIO\startup_stm32f407xx.o
START GROUP
LOAD c:/program files (x86)/atollic/truestudio for arm 5.5.2/armtools/bin/../lib/gcc/arm-atollic-eabi/5.3.1/../../../../arm-atollic-eabi/lib/armv7e-m/fpu\libc.a
LOAD c:/program files (x86)/atollic/truestudio for arm 5.5.2/armtools/bin/../lib/gcc/arm-atollic-eabi/5.3.1/../../../../arm-atollic-eabi/lib/armv7e-m/fpu\libm.a
END GROUP
                0x00000080                malloc_getpagesize_P = 0x80
START GROUP
LOAD c:/program files (x86)/atollic/truestudio for arm 5.5.2/armtools/bin/../lib/gcc/arm-atollic-eabi/5.3.1/armv7e-m/fpu\libgcc.a
LOAD c:/program files (x86)/atollic/truestudio for arm 5.5.2/armtools/bin/../lib/gcc/arm-atollic-eabi/5.3.1/../../../../arm-atollic-eabi/lib/armv7e-m/fpu\libc.a
END GROUP
START GROUP
LOAD c:/program files (x86)/atollic/truestudio for arm 5.5.2/armtools/bin/../lib/gcc/arm-atollic-eabi/5.3.1/armv7e-m/fpu\libgcc.a
LOAD c:/program files (x86)/atollic/truestudio for arm 5.5.2/armtools/bin/../lib/gcc/arm-atollic-eabi/5.3.1/../../../../arm-atollic-eabi/lib/armv7e-m/fpu\libc.a
LOAD c:/program files (x86)/atollic/truestudio for arm 5.5.2/armtools/bin/../lib/gcc/arm-atollic-eabi/5.3.1/../../../../arm-atollic-eabi/lib/armv7e-m/fpu\libnosys.a
END GROUP
LOAD c:/program files (x86)/atollic/truestudio for arm 5.5.2/armtools/bin/../lib/gcc/arm-atollic-eabi/5.3.1/armv7e-m/fpu/crtend.o
LOAD c:/program files (x86)/atollic/truestudio for arm 5.5.2/armtools/bin/../lib/gcc/arm-atollic-eabi/5.3.1/armv7e-m/fpu/crtn.o
                0x20020000                _estack = 0x20020000
                0x00000200                _Min_Heap_Size = 0x200
                0x00000400                _Min_Stack_Size = 0x400

.isr_vector     0x08000000      0x188
                0x08000000                . = ALIGN (0x4)
 *(.isr_vector)
 .isr_vector    0x08000000      0x188 Application\TrueSTUDIO\startup_stm32f407xx.o
                0x08000000                g_pfnVectors
                0x08000188                . = ALIGN (0x4)

.text           0x08000190     0x6f74
                0x08000190                . = ALIGN (0x4)
 *(.text)
 .text          0x08000190       0x40 c:/program files (x86)/atollic/truestudio for arm 5.5.2/armtools/bin/../lib/gcc/arm-atollic-eabi/5.3.1/armv7e-m/fpu/crtbegin.o
 .text          0x080001d0       0x10 c:/program files (x86)/atollic/truestudio for arm 5.5.2/armtools/bin/../lib/gcc/arm-atollic-eabi/5.3.1/../../../../arm-atollic-eabi/lib/armv7e-m/fpu\libc.a(lib_a-strlen.o)
                0x080001d0                strlen
 .text          0x080001e0       0xa0 c:/program files (x86)/atollic/truestudio for arm 5.5.2/armtools/bin/../lib/gcc/arm-atollic-eabi/5.3.1/../../../../arm-atollic-eabi/lib/armv7e-m/fpu\libc.a(lib_a-memchr.o)
                0x080001e0                memchr
 .text          0x08000280      0x370 c:/program files (x86)/atollic/truestudio for arm 5.5.2/armtools/bin/../lib/gcc/arm-atollic-eabi/5.3.1/armv7e-m/fpu\libgcc.a(_arm_addsubdf3.o)
                0x08000280                __aeabi_drsub
                0x08000288                __aeabi_dsub
                0x08000288                __subdf3
                0x0800028c                __aeabi_dadd
                0x0800028c                __adddf3
                0x08000504                __floatunsidf
                0x08000504                __aeabi_ui2d
                0x08000524                __floatsidf
                0x08000524                __aeabi_i2d
                0x08000548                __aeabi_f2d
                0x08000548                __extendsfdf2
                0x08000584                __floatundidf
                0x08000584                __aeabi_ul2d
                0x08000594                __floatdidf
                0x08000594                __aeabi_l2d
 .text          0x080005f0      0x424 c:/program files (x86)/atollic/truestudio for arm 5.5.2/armtools/bin/../lib/gcc/arm-atollic-eabi/5.3.1/armv7e-m/fpu\libgcc.a(_arm_muldivdf3.o)
                0x080005f0                __aeabi_dmul
                0x080005f0                __muldf3
                0x08000844                __divdf3
                0x08000844                __aeabi_ddiv
 .text          0x08000a14      0x110 c:/program files (x86)/atollic/truestudio for arm 5.5.2/armtools/bin/../lib/gcc/arm-atollic-eabi/5.3.1/armv7e-m/fpu\libgcc.a(_arm_cmpdf2.o)
                0x08000a14                __gtdf2
                0x08000a14                __gedf2
                0x08000a1c                __ltdf2
                0x08000a1c                __ledf2
                0x08000a24                __nedf2
                0x08000a24                __eqdf2
                0x08000a24                __cmpdf2
                0x08000aa0                __aeabi_cdrcmple
                0x08000ab0                __aeabi_cdcmpeq
                0x08000ab0                __aeabi_cdcmple
                0x08000ac0                __aeabi_dcmpeq
                0x08000ad4                __aeabi_dcmplt
                0x08000ae8                __aeabi_dcmple
                0x08000afc                __aeabi_dcmpge
                0x08000b10                __aeabi_dcmpgt
 .text          0x08000b24       0x2c c:/program files (x86)/atollic/truestudio for arm 5.5.2/armtools/bin/../lib/gcc/arm-atollic-eabi/5.3.1/armv7e-m/fpu\libgcc.a(_arm_unorddf2.o)
                0x08000b24                __unorddf2
                0x08000b24                __aeabi_dcmpun
 .text          0x08000b50       0x50 c:/program files (x86)/atollic/truestudio for arm 5.5.2/armtools/bin/../lib/gcc/arm-atollic-eabi/5.3.1/armv7e-m/fpu\libgcc.a(_arm_fixdfsi.o)
                0x08000b50                __aeabi_d2iz
                0x08000b50                __fixdfsi
 .text          0x08000ba0       0x30 c:/program files (x86)/atollic/truestudio for arm 5.5.2/armtools/bin/../lib/gcc/arm-atollic-eabi/5.3.1/armv7e-m/fpu\libgcc.a(_aeabi_uldivmod.o)
                0x08000ba0                __aeabi_uldivmod
 .text          0x08000bd0      0x2e4 c:/program files (x86)/atollic/truestudio for arm 5.5.2/armtools/bin/../lib/gcc/arm-atollic-eabi/5.3.1/armv7e-m/fpu\libgcc.a(_udivmoddi4.o)
                0x08000bd0                __udivmoddi4
 .text          0x08000eb4        0x4 c:/program files (x86)/atollic/truestudio for arm 5.5.2/armtools/bin/../lib/gcc/arm-atollic-eabi/5.3.1/armv7e-m/fpu\libgcc.a(_dvmd_tls.o)
                0x08000eb4                __aeabi_idiv0
                0x08000eb4                __aeabi_ldiv0
 *(.text*)
 .text.prvResetNextTaskUnblockTime
                0x08000eb8       0x24 Middlewares\FreeRTOS\tasks.o
 .text.prvAddCurrentTaskToDelayedList
                0x08000edc       0x50 Middlewares\FreeRTOS\tasks.o
 .text.xTaskGenericCreate.part.5
                0x08000f2c      0x1c4 Middlewares\FreeRTOS\tasks.o
 .text.vTaskSetTimeOutState.part.7
                0x080010f0       0x12 Middlewares\FreeRTOS\tasks.o
 .text.xTaskGenericCreate
                0x08001102       0x3c Middlewares\FreeRTOS\tasks.o
                0x08001102                xTaskGenericCreate
 *fill*         0x0800113e        0x2 
 .text.vTaskStartScheduler
                0x08001140       0x70 Middlewares\FreeRTOS\tasks.o
                0x08001140                vTaskStartScheduler
 .text.vTaskSuspendAll
                0x080011b0       0x10 Middlewares\FreeRTOS\tasks.o
                0x080011b0                vTaskSuspendAll
 .text.xTaskIncrementTick
                0x080011c0      0x130 Middlewares\FreeRTOS\tasks.o
                0x080011c0                xTaskIncrementTick
 .text.xTaskResumeAll
                0x080012f0       0xec Middlewares\FreeRTOS\tasks.o
                0x080012f0                xTaskResumeAll
 .text.vTaskDelay
                0x080013dc       0x7c Middlewares\FreeRTOS\tasks.o
                0x080013dc                vTaskDelay
 .text.prvIdleTask
                0x08001458       0x78 Middlewares\FreeRTOS\tasks.o
 .text.vTaskSwitchContext
                0x080014d0       0x74 Middlewares\FreeRTOS\tasks.o
                0x080014d0                vTaskSwitchContext
 .text.vTaskPlaceOnEventList
                0x08001544       0x70 Middlewares\FreeRTOS\tasks.o
                0x08001544                vTaskPlaceOnEventList
 .text.xTaskRemoveFromEventList
                0x080015b4       0x84 Middlewares\FreeRTOS\tasks.o
                0x080015b4                xTaskRemoveFromEventList
 .text.vTaskSetTimeOutState
                0x08001638       0x20 Middlewares\FreeRTOS\tasks.o
                0x08001638                vTaskSetTimeOutState
 .text.xTaskCheckForTimeOut
                0x08001658       0x74 Middlewares\FreeRTOS\tasks.o
                0x08001658                xTaskCheckForTimeOut
 .text.vTaskMissedYield
                0x080016cc        0xc Middlewares\FreeRTOS\tasks.o
                0x080016cc                vTaskMissedYield
 .text.xTaskGetSchedulerState
                0x080016d8       0x20 Middlewares\FreeRTOS\tasks.o
                0x080016d8                xTaskGetSchedulerState
 .text.vTaskPriorityInherit
                0x080016f8       0x8c Middlewares\FreeRTOS\tasks.o
                0x080016f8                vTaskPriorityInherit
 .text.xTaskPriorityDisinherit
                0x08001784       0xa0 Middlewares\FreeRTOS\tasks.o
                0x08001784                xTaskPriorityDisinherit
 .text.pvTaskIncrementMutexHeldCount
                0x08001824       0x18 Middlewares\FreeRTOS\tasks.o
                0x08001824                pvTaskIncrementMutexHeldCount
 .text.unlikely.prvCopyDataToQueue
                0x0800183c       0x6a Middlewares\FreeRTOS\queue.o
 .text.unlikely.prvCopyDataFromQueue
                0x080018a6       0x2a Middlewares\FreeRTOS\queue.o
 .text.prvUnlockQueue
                0x080018d0       0x68 Middlewares\FreeRTOS\queue.o
 .text.xQueueGenericReset
                0x08001938       0x80 Middlewares\FreeRTOS\queue.o
                0x08001938                xQueueGenericReset
 .text.xQueueGenericCreate
                0x080019b8       0x64 Middlewares\FreeRTOS\queue.o
                0x080019b8                xQueueGenericCreate
 .text.xQueueGenericSend
                0x08001a1c      0x164 Middlewares\FreeRTOS\queue.o
                0x08001a1c                xQueueGenericSend
 .text.xQueueGenericSendFromISR
                0x08001b80       0xb8 Middlewares\FreeRTOS\queue.o
                0x08001b80                xQueueGenericSendFromISR
 .text.xQueueGenericReceive
                0x08001c38      0x16c Middlewares\FreeRTOS\queue.o
                0x08001c38                xQueueGenericReceive
 .text.xQueueReceiveFromISR
                0x08001da4       0x88 Middlewares\FreeRTOS\queue.o
                0x08001da4                xQueueReceiveFromISR
 .text.prvTaskExitError
                0x08001e2c       0x30 Middlewares\FreeRTOS\port.o
 .text.prvPortStartFirstTask
                0x08001e5c       0x20 Middlewares\FreeRTOS\port.o
 .text.vPortEnableVFP
                0x08001e7c       0x14 Middlewares\FreeRTOS\port.o
 .text.pxPortInitialiseStack
                0x08001e90       0x24 Middlewares\FreeRTOS\port.o
                0x08001e90                pxPortInitialiseStack
 .text.SVC_Handler
                0x08001eb4       0x20 Middlewares\FreeRTOS\port.o
                0x08001eb4                SVC_Handler
 .text.vPortEnterCritical
                0x08001ed4       0x44 Middlewares\FreeRTOS\port.o
                0x08001ed4                vPortEnterCritical
 .text.vPortExitCritical
                0x08001f18       0x28 Middlewares\FreeRTOS\port.o
                0x08001f18                vPortExitCritical
 .text.PendSV_Handler
                0x08001f40       0x60 Middlewares\FreeRTOS\port.o
                0x08001f40                PendSV_Handler
 .text.xPortSysTickHandler
                0x08001fa0       0x30 Middlewares\FreeRTOS\port.o
                0x08001fa0                xPortSysTickHandler
 .text.vPortSetupTimerInterrupt
                0x08001fd0       0x28 Middlewares\FreeRTOS\port.o
                0x08001fd0                vPortSetupTimerInterrupt
 .text.xPortStartScheduler
                0x08001ff8       0xec Middlewares\FreeRTOS\port.o
                0x08001ff8                xPortStartScheduler
 .text.vPortValidateInterruptPriority
                0x080020e4       0x5c Middlewares\FreeRTOS\port.o
                0x080020e4                vPortValidateInterruptPriority
 .text.vListInitialise
                0x08002140       0x16 Middlewares\FreeRTOS\list.o
                0x08002140                vListInitialise
 .text.vListInitialiseItem
                0x08002156        0x6 Middlewares\FreeRTOS\list.o
                0x08002156                vListInitialiseItem
 .text.vListInsertEnd
                0x0800215c       0x18 Middlewares\FreeRTOS\list.o
                0x0800215c                vListInsertEnd
 .text.vListInsert
                0x08002174       0x30 Middlewares\FreeRTOS\list.o
                0x08002174                vListInsert
 .text.uxListRemove
                0x080021a4       0x20 Middlewares\FreeRTOS\list.o
                0x080021a4                uxListRemove
 .text.unlikely.prvInsertBlockIntoFreeList
                0x080021c4       0x48 Middlewares\FreeRTOS\heap_4.o
 .text.pvPortMalloc
                0x0800220c      0x124 Middlewares\FreeRTOS\heap_4.o
                0x0800220c                pvPortMalloc
 .text.vPortFree
                0x08002330       0x70 Middlewares\FreeRTOS\heap_4.o
                0x08002330                vPortFree
 .text.osKernelStart
                0x080023a0        0xa Middlewares\FreeRTOS\cmsis_os.o
                0x080023a0                osKernelStart
 .text.osThreadCreate
                0x080023aa       0x38 Middlewares\FreeRTOS\cmsis_os.o
                0x080023aa                osThreadCreate
 *fill*         0x080023e2        0x2 
 .text.osThreadYield
                0x080023e4       0x18 Middlewares\FreeRTOS\cmsis_os.o
                0x080023e4                osThreadYield
 .text.osDelay  0x080023fc       0x10 Middlewares\FreeRTOS\cmsis_os.o
                0x080023fc                osDelay
 .text.osPoolAlloc
                0x0800240c       0x68 Middlewares\FreeRTOS\cmsis_os.o
                0x0800240c                osPoolAlloc
 .text.osPoolFree
                0x08002474       0x2a Middlewares\FreeRTOS\cmsis_os.o
                0x08002474                osPoolFree
 .text.osMessageCreate
                0x0800249e        0x8 Middlewares\FreeRTOS\cmsis_os.o
                0x0800249e                osMessageCreate
 *fill*         0x080024a6        0x2 
 .text.osMessagePut
                0x080024a8       0x54 Middlewares\FreeRTOS\cmsis_os.o
                0x080024a8                osMessagePut
 .text.osMessageGet
                0x080024fc       0x74 Middlewares\FreeRTOS\cmsis_os.o
                0x080024fc                osMessageGet
 .text.osSystickHandler
                0x08002570       0x14 Middlewares\FreeRTOS\cmsis_os.o
                0x08002570                osSystickHandler
 .text.UART_EndRxTransfer
                0x08002584       0x1a Drivers\STM32F4xx_HAL_Driver\stm32f4xx_hal_uart.o
 *fill*         0x0800259e        0x2 
 .text.UART_SetConfig
                0x080025a0      0x23c Drivers\STM32F4xx_HAL_Driver\stm32f4xx_hal_uart.o
 .text.UART_WaitOnFlagUntilTimeout.constprop.3
                0x080027dc       0x50 Drivers\STM32F4xx_HAL_Driver\stm32f4xx_hal_uart.o
 .text.HAL_UART_Init
                0x0800282c       0x5c Drivers\STM32F4xx_HAL_Driver\stm32f4xx_hal_uart.o
                0x0800282c                HAL_UART_Init
 .text.HAL_UART_Transmit
                0x08002888       0xb6 Drivers\STM32F4xx_HAL_Driver\stm32f4xx_hal_uart.o
                0x08002888                HAL_UART_Transmit
 *fill*         0x0800293e        0x2 
 .text.HAL_UART_Transmit_DMA
                0x08002940       0x74 Drivers\STM32F4xx_HAL_Driver\stm32f4xx_hal_uart.o
                0x08002940                HAL_UART_Transmit_DMA
 .text.HAL_UART_TxCpltCallback
                0x080029b4        0x2 Drivers\STM32F4xx_HAL_Driver\stm32f4xx_hal_uart.o
                0x080029b4                HAL_UART_TxCpltCallback
 .text.UART_DMATransmitCplt
                0x080029b6       0x2c Drivers\STM32F4xx_HAL_Driver\stm32f4xx_hal_uart.o
 .text.HAL_UART_TxHalfCpltCallback
                0x080029e2        0x2 Drivers\STM32F4xx_HAL_Driver\stm32f4xx_hal_uart.o
                0x080029e2                HAL_UART_TxHalfCpltCallback
 .text.UART_DMATxHalfCplt
                0x080029e4        0xa Drivers\STM32F4xx_HAL_Driver\stm32f4xx_hal_uart.o
 .text.HAL_UART_ErrorCallback
                0x080029ee        0x2 Drivers\STM32F4xx_HAL_Driver\stm32f4xx_hal_uart.o
                0x080029ee                HAL_UART_ErrorCallback
 .text.UART_DMAError
                0x080029f0       0x4e Drivers\STM32F4xx_HAL_Driver\stm32f4xx_hal_uart.o
 .text.HAL_TIMEx_CommutationCallback
                0x08002a3e        0x2 Drivers\STM32F4xx_HAL_Driver\stm32f4xx_hal_tim_ex.o
                0x08002a3e                HAL_TIMEx_CommutationCallback
 .text.HAL_TIMEx_BreakCallback
                0x08002a40        0x2 Drivers\STM32F4xx_HAL_Driver\stm32f4xx_hal_tim_ex.o
                0x08002a40                HAL_TIMEx_BreakCallback
 .text.HAL_TIM_Base_MspInit
                0x08002a42        0x2 Drivers\STM32F4xx_HAL_Driver\stm32f4xx_hal_tim.o
                0x08002a42                HAL_TIM_Base_MspInit
 .text.HAL_TIM_Base_Start_IT
                0x08002a44       0x16 Drivers\STM32F4xx_HAL_Driver\stm32f4xx_hal_tim.o
                0x08002a44                HAL_TIM_Base_Start_IT
 .text.HAL_TIM_OC_DelayElapsedCallback
                0x08002a5a        0x2 Drivers\STM32F4xx_HAL_Driver\stm32f4xx_hal_tim.o
                0x08002a5a                HAL_TIM_OC_DelayElapsedCallback
 .text.HAL_TIM_IC_CaptureCallback
                0x08002a5c        0x2 Drivers\STM32F4xx_HAL_Driver\stm32f4xx_hal_tim.o
                0x08002a5c                HAL_TIM_IC_CaptureCallback
 .text.HAL_TIM_PWM_PulseFinishedCallback
                0x08002a5e        0x2 Drivers\STM32F4xx_HAL_Driver\stm32f4xx_hal_tim.o
                0x08002a5e                HAL_TIM_PWM_PulseFinishedCallback
 .text.HAL_TIM_TriggerCallback
                0x08002a60        0x2 Drivers\STM32F4xx_HAL_Driver\stm32f4xx_hal_tim.o
                0x08002a60                HAL_TIM_TriggerCallback
 .text.HAL_TIM_IRQHandler
                0x08002a62      0x144 Drivers\STM32F4xx_HAL_Driver\stm32f4xx_hal_tim.o
                0x08002a62                HAL_TIM_IRQHandler
 *fill*         0x08002ba6        0x2 
 .text.TIM_Base_SetConfig
                0x08002ba8       0xc8 Drivers\STM32F4xx_HAL_Driver\stm32f4xx_hal_tim.o
                0x08002ba8                TIM_Base_SetConfig
 .text.HAL_TIM_Base_Init
                0x08002c70       0x34 Drivers\STM32F4xx_HAL_Driver\stm32f4xx_hal_tim.o
                0x08002c70                HAL_TIM_Base_Init
 .text.HAL_RCC_OscConfig
                0x08002ca4      0x2d0 Drivers\STM32F4xx_HAL_Driver\stm32f4xx_hal_rcc.o
                0x08002ca4                HAL_RCC_OscConfig
 .text.HAL_RCC_GetSysClockFreq
                0x08002f74       0x7c Drivers\STM32F4xx_HAL_Driver\stm32f4xx_hal_rcc.o
                0x08002f74                HAL_RCC_GetSysClockFreq
 .text.HAL_RCC_ClockConfig
                0x08002ff0      0x168 Drivers\STM32F4xx_HAL_Driver\stm32f4xx_hal_rcc.o
                0x08002ff0                HAL_RCC_ClockConfig
 .text.HAL_RCC_GetHCLKFreq
                0x08003158        0xc Drivers\STM32F4xx_HAL_Driver\stm32f4xx_hal_rcc.o
                0x08003158                HAL_RCC_GetHCLKFreq
 .text.HAL_RCC_GetPCLK1Freq
                0x08003164       0x30 Drivers\STM32F4xx_HAL_Driver\stm32f4xx_hal_rcc.o
                0x08003164                HAL_RCC_GetPCLK1Freq
 .text.HAL_RCC_GetPCLK2Freq
                0x08003194       0x30 Drivers\STM32F4xx_HAL_Driver\stm32f4xx_hal_rcc.o
                0x08003194                HAL_RCC_GetPCLK2Freq
 .text.HAL_RCC_GetClockConfig
                0x080031c4       0x3c Drivers\STM32F4xx_HAL_Driver\stm32f4xx_hal_rcc.o
                0x080031c4                HAL_RCC_GetClockConfig
 .text.HAL_GPIO_Init
                0x08003200      0x1c0 Drivers\STM32F4xx_HAL_Driver\stm32f4xx_hal_gpio.o
                0x08003200                HAL_GPIO_Init
 .text.DMA_CalcBaseAndBitshift
                0x080033c0       0x2c Drivers\STM32F4xx_HAL_Driver\stm32f4xx_hal_dma.o
 .text.HAL_DMA_Init
                0x080033ec       0xec Drivers\STM32F4xx_HAL_Driver\stm32f4xx_hal_dma.o
                0x080033ec                HAL_DMA_Init
 .text.HAL_DMA_Start_IT
                0x080034d8       0x80 Drivers\STM32F4xx_HAL_Driver\stm32f4xx_hal_dma.o
                0x080034d8                HAL_DMA_Start_IT
 .text.HAL_DMA_IRQHandler
                0x08003558      0x17c Drivers\STM32F4xx_HAL_Driver\stm32f4xx_hal_dma.o
                0x08003558                HAL_DMA_IRQHandler
 .text.HAL_NVIC_SetPriorityGrouping
                0x080036d4       0x24 Drivers\STM32F4xx_HAL_Driver\stm32f4xx_hal_cortex.o
                0x080036d4                HAL_NVIC_SetPriorityGrouping
 .text.HAL_NVIC_SetPriority
                0x080036f8       0x68 Drivers\STM32F4xx_HAL_Driver\stm32f4xx_hal_cortex.o
                0x080036f8                HAL_NVIC_SetPriority
 .text.HAL_NVIC_EnableIRQ
                0x08003760       0x18 Drivers\STM32F4xx_HAL_Driver\stm32f4xx_hal_cortex.o
                0x08003760                HAL_NVIC_EnableIRQ
 .text.HAL_SYSTICK_Config
                0x08003778       0x2c Drivers\STM32F4xx_HAL_Driver\stm32f4xx_hal_cortex.o
                0x08003778                HAL_SYSTICK_Config
 .text.HAL_SYSTICK_CLKSourceConfig
                0x080037a4       0x18 Drivers\STM32F4xx_HAL_Driver\stm32f4xx_hal_cortex.o
                0x080037a4                HAL_SYSTICK_CLKSourceConfig
 .text.HAL_Init
                0x080037bc       0x34 Drivers\STM32F4xx_HAL_Driver\stm32f4xx_hal.o
                0x080037bc                HAL_Init
 .text.HAL_IncTick
                0x080037f0       0x10 Drivers\STM32F4xx_HAL_Driver\stm32f4xx_hal.o
                0x080037f0                HAL_IncTick
 .text.HAL_GetTick
                0x08003800        0xc Drivers\STM32F4xx_HAL_Driver\stm32f4xx_hal.o
                0x08003800                HAL_GetTick
 .text.SystemInit
                0x0800380c       0x4c Drivers\CMSIS\system_stm32f4xx.o
                0x0800380c                SystemInit
 .text.NMI_Handler
                0x08003858        0x2 Application\User\stm32f4xx_it.o
                0x08003858                NMI_Handler
 .text.HardFault_Handler
                0x0800385a        0x2 Application\User\stm32f4xx_it.o
                0x0800385a                HardFault_Handler
 .text.MemManage_Handler
                0x0800385c        0x2 Application\User\stm32f4xx_it.o
                0x0800385c                MemManage_Handler
 .text.BusFault_Handler
                0x0800385e        0x2 Application\User\stm32f4xx_it.o
                0x0800385e                BusFault_Handler
 .text.UsageFault_Handler
                0x08003860        0x2 Application\User\stm32f4xx_it.o
                0x08003860                UsageFault_Handler
 .text.DebugMon_Handler
                0x08003862        0x2 Application\User\stm32f4xx_it.o
                0x08003862                DebugMon_Handler
 .text.SysTick_Handler
                0x08003864        0x4 Application\User\stm32f4xx_it.o
                0x08003864                SysTick_Handler
 .text.DMA1_Stream1_IRQHandler
                0x08003868        0xc Application\User\stm32f4xx_it.o
                0x08003868                DMA1_Stream1_IRQHandler
 .text.DMA1_Stream3_IRQHandler
                0x08003874        0xc Application\User\stm32f4xx_it.o
                0x08003874                DMA1_Stream3_IRQHandler
 .text.DMA1_Stream5_IRQHandler
                0x08003880        0xc Application\User\stm32f4xx_it.o
                0x08003880                DMA1_Stream5_IRQHandler
 .text.DMA1_Stream6_IRQHandler
                0x0800388c        0xc Application\User\stm32f4xx_it.o
                0x0800388c                DMA1_Stream6_IRQHandler
 .text.TIM1_UP_TIM10_IRQHandler
                0x08003898        0xc Application\User\stm32f4xx_it.o
                0x08003898                TIM1_UP_TIM10_IRQHandler
 .text.DMA2_Stream1_IRQHandler
                0x080038a4        0xc Application\User\stm32f4xx_it.o
                0x080038a4                DMA2_Stream1_IRQHandler
 .text.DMA2_Stream6_IRQHandler
                0x080038b0        0xc Application\User\stm32f4xx_it.o
                0x080038b0                DMA2_Stream6_IRQHandler
 .text.HAL_InitTick
                0x080038bc       0x78 Application\User\stm32f4xx_hal_timebase_TIM.o
                0x080038bc                HAL_InitTick
 .text.HAL_MspInit
                0x08003934       0x60 Application\User\stm32f4xx_hal_msp.o
                0x08003934                HAL_MspInit
 .text.HAL_UART_MspInit
                0x08003994      0x258 Application\User\stm32f4xx_hal_msp.o
                0x08003994                HAL_UART_MspInit
 .text.StartTXMotor2
                0x08003bec       0x10 Application\User\main.o
                0x08003bec                StartTXMotor2
 .text.StartTXMotor1
                0x08003bfc        0x6 Application\User\main.o
                0x08003bfc                StartTXMotor1
 .text.StartRXPC
                0x08003c02        0x6 Application\User\main.o
                0x08003c02                StartRXPC
 .text.StartTXPC
                0x08003c08        0x6 Application\User\main.o
                0x08003c08                StartTXPC
 *fill*         0x08003c0e        0x2 
 .text.StartDefaultTask
                0x08003c10       0x48 Application\User\main.o
                0x08003c10                StartDefaultTask
 .text.StartRXiNemo
                0x08003c58       0x50 Application\User\main.o
                0x08003c58                StartRXiNemo
 .text.StartRXMotor1
                0x08003ca8       0x48 Application\User\main.o
                0x08003ca8                StartRXMotor1
 .text.StartRXMotor2
                0x08003cf0       0x48 Application\User\main.o
                0x08003cf0                StartRXMotor2
 .text.StartCombineiNemo
                0x08003d38       0x54 Application\User\main.o
                0x08003d38                StartCombineiNemo
 .text.StartCombineM1
                0x08003d8c       0x44 Application\User\main.o
                0x08003d8c                StartCombineM1
 .text.StartCombineM2
                0x08003dd0       0x44 Application\User\main.o
                0x08003dd0                StartCombineM2
 .text.SystemClock_Config
                0x08003e14       0x94 Application\User\main.o
                0x08003e14                SystemClock_Config
 .text.Motor_Init
                0x08003ea8       0x70 Application\User\main.o
                0x08003ea8                Motor_Init
 .text.startup.main
                0x08003f18      0x374 Application\User\main.o
                0x08003f18                main
 .text.HAL_TIM_PeriodElapsedCallback
                0x0800428c       0x14 Application\User\main.o
                0x0800428c                HAL_TIM_PeriodElapsedCallback
 .text.Error_Handler
                0x080042a0        0x2 Application\User\main.o
                0x080042a0                Error_Handler
 *fill*         0x080042a2        0x2 
 .text.Reset_Handler
                0x080042a4       0x50 Application\TrueSTUDIO\startup_stm32f407xx.o
                0x080042a4                Reset_Handler
 .text.Default_Handler
                0x080042f4        0x2 Application\TrueSTUDIO\startup_stm32f407xx.o
                0x080042f4                RTC_Alarm_IRQHandler
                0x080042f4                HASH_RNG_IRQHandler
                0x080042f4                EXTI2_IRQHandler
                0x080042f4                TIM8_CC_IRQHandler
                0x080042f4                TIM1_CC_IRQHandler
                0x080042f4                DMA2_Stream5_IRQHandler
                0x080042f4                PVD_IRQHandler
                0x080042f4                SDIO_IRQHandler
                0x080042f4                TAMP_STAMP_IRQHandler
                0x080042f4                CAN2_RX1_IRQHandler
                0x080042f4                EXTI3_IRQHandler
                0x080042f4                TIM8_TRG_COM_TIM14_IRQHandler
                0x080042f4                TIM8_UP_TIM13_IRQHandler
                0x080042f4                I2C3_ER_IRQHandler
                0x080042f4                EXTI0_IRQHandler
                0x080042f4                I2C2_EV_IRQHandler
                0x080042f4                DMA1_Stream2_IRQHandler
                0x080042f4                CAN1_RX0_IRQHandler
                0x080042f4                FPU_IRQHandler
                0x080042f4                OTG_HS_WKUP_IRQHandler
                0x080042f4                CAN2_SCE_IRQHandler
                0x080042f4                DMA2_Stream2_IRQHandler
                0x080042f4                SPI1_IRQHandler
                0x080042f4                TIM6_DAC_IRQHandler
                0x080042f4                TIM1_BRK_TIM9_IRQHandler
                0x080042f4                DCMI_IRQHandler
                0x080042f4                CAN2_RX0_IRQHandler
                0x080042f4                DMA2_Stream3_IRQHandler
                0x080042f4                USART6_IRQHandler
                0x080042f4                USART3_IRQHandler
                0x080042f4                CAN1_RX1_IRQHandler
                0x080042f4                UART5_IRQHandler
                0x080042f4                DMA2_Stream0_IRQHandler
                0x080042f4                TIM4_IRQHandler
                0x080042f4                I2C1_EV_IRQHandler
                0x080042f4                UART4_IRQHandler
                0x080042f4                TIM3_IRQHandler
                0x080042f4                RCC_IRQHandler
                0x080042f4                TIM8_BRK_TIM12_IRQHandler
                0x080042f4                Default_Handler
                0x080042f4                EXTI15_10_IRQHandler
                0x080042f4                ADC_IRQHandler
                0x080042f4                DMA1_Stream7_IRQHandler
                0x080042f4                TIM7_IRQHandler
                0x080042f4                CAN2_TX_IRQHandler
                0x080042f4                TIM5_IRQHandler
                0x080042f4                DMA2_Stream7_IRQHandler
                0x080042f4                I2C3_EV_IRQHandler
                0x080042f4                EXTI9_5_IRQHandler
                0x080042f4                RTC_WKUP_IRQHandler
                0x080042f4                ETH_WKUP_IRQHandler
                0x080042f4                SPI2_IRQHandler
                0x080042f4                OTG_HS_EP1_IN_IRQHandler
                0x080042f4                DMA1_Stream0_IRQHandler
                0x080042f4                CAN1_TX_IRQHandler
                0x080042f4                EXTI4_IRQHandler
                0x080042f4                FSMC_IRQHandler
                0x080042f4                ETH_IRQHandler
                0x080042f4                OTG_HS_EP1_OUT_IRQHandler
                0x080042f4                WWDG_IRQHandler
                0x080042f4                TIM2_IRQHandler
                0x080042f4                OTG_FS_WKUP_IRQHandler
                0x080042f4                TIM1_TRG_COM_TIM11_IRQHandler
                0x080042f4                OTG_HS_IRQHandler
                0x080042f4                EXTI1_IRQHandler
                0x080042f4                USART2_IRQHandler
                0x080042f4                I2C2_ER_IRQHandler
                0x080042f4                CAN1_SCE_IRQHandler
                0x080042f4                FLASH_IRQHandler
                0x080042f4                DMA2_Stream4_IRQHandler
                0x080042f4                USART1_IRQHandler
                0x080042f4                OTG_FS_IRQHandler
                0x080042f4                SPI3_IRQHandler
                0x080042f4                DMA1_Stream4_IRQHandler
                0x080042f4                I2C1_ER_IRQHandler
 *fill*         0x080042f6        0x2 
 .text.__libc_init_array
                0x080042f8       0x4c c:/program files (x86)/atollic/truestudio for arm 5.5.2/armtools/bin/../lib/gcc/arm-atollic-eabi/5.3.1/../../../../arm-atollic-eabi/lib/armv7e-m/fpu\libc.a(lib_a-init.o)
                0x080042f8                __libc_init_array
 .text.memcpy   0x08004344       0x16 c:/program files (x86)/atollic/truestudio for arm 5.5.2/armtools/bin/../lib/gcc/arm-atollic-eabi/5.3.1/../../../../arm-atollic-eabi/lib/armv7e-m/fpu\libc.a(lib_a-memcpy-stub.o)
                0x08004344                memcpy
 .text.memset   0x0800435a       0x10 c:/program files (x86)/atollic/truestudio for arm 5.5.2/armtools/bin/../lib/gcc/arm-atollic-eabi/5.3.1/../../../../arm-atollic-eabi/lib/armv7e-m/fpu\libc.a(lib_a-memset.o)
                0x0800435a                memset
 *fill*         0x0800436a        0x2 
 .text.sprintf  0x0800436c       0x48 c:/program files (x86)/atollic/truestudio for arm 5.5.2/armtools/bin/../lib/gcc/arm-atollic-eabi/5.3.1/../../../../arm-atollic-eabi/lib/armv7e-m/fpu\libc.a(lib_a-sprintf.o)
                0x0800436c                sprintf
 *fill*         0x080043b4        0x4 
 .text._svfprintf_r
                0x080043b8      0xf84 c:/program files (x86)/atollic/truestudio for arm 5.5.2/armtools/bin/../lib/gcc/arm-atollic-eabi/5.3.1/../../../../arm-atollic-eabi/lib/armv7e-m/fpu\libc.a(lib_a-svfprintf.o)
                0x080043b8                _svfprintf_r
 .text.quorem   0x0800533c      0x11e c:/program files (x86)/atollic/truestudio for arm 5.5.2/armtools/bin/../lib/gcc/arm-atollic-eabi/5.3.1/../../../../arm-atollic-eabi/lib/armv7e-m/fpu\libc.a(lib_a-dtoa.o)
 *fill*         0x0800545a        0x6 
 .text._dtoa_r  0x08005460      0xb40 c:/program files (x86)/atollic/truestudio for arm 5.5.2/armtools/bin/../lib/gcc/arm-atollic-eabi/5.3.1/../../../../arm-atollic-eabi/lib/armv7e-m/fpu\libc.a(lib_a-dtoa.o)
                0x08005460                _dtoa_r
 .text._localeconv_r
                0x08005fa0        0x8 c:/program files (x86)/atollic/truestudio for arm 5.5.2/armtools/bin/../lib/gcc/arm-atollic-eabi/5.3.1/../../../../arm-atollic-eabi/lib/armv7e-m/fpu\libc.a(lib_a-locale.o)
                0x08005fa0                _localeconv_r
 .text.malloc   0x08005fa8       0x10 c:/program files (x86)/atollic/truestudio for arm 5.5.2/armtools/bin/../lib/gcc/arm-atollic-eabi/5.3.1/../../../../arm-atollic-eabi/lib/armv7e-m/fpu\libc.a(lib_a-malloc.o)
                0x08005fa8                malloc
 .text._malloc_r
                0x08005fb8      0x440 c:/program files (x86)/atollic/truestudio for arm 5.5.2/armtools/bin/../lib/gcc/arm-atollic-eabi/5.3.1/../../../../arm-atollic-eabi/lib/armv7e-m/fpu\libc.a(lib_a-mallocr.o)
                0x08005fb8                _malloc_r
 .text.__malloc_lock
                0x080063f8        0x2 c:/program files (x86)/atollic/truestudio for arm 5.5.2/armtools/bin/../lib/gcc/arm-atollic-eabi/5.3.1/../../../../arm-atollic-eabi/lib/armv7e-m/fpu\libc.a(lib_a-mlock.o)
                0x080063f8                __malloc_lock
 .text.__malloc_unlock
                0x080063fa        0x2 c:/program files (x86)/atollic/truestudio for arm 5.5.2/armtools/bin/../lib/gcc/arm-atollic-eabi/5.3.1/../../../../arm-atollic-eabi/lib/armv7e-m/fpu\libc.a(lib_a-mlock.o)
                0x080063fa                __malloc_unlock
 .text._Balloc  0x080063fc       0x6a c:/program files (x86)/atollic/truestudio for arm 5.5.2/armtools/bin/../lib/gcc/arm-atollic-eabi/5.3.1/../../../../arm-atollic-eabi/lib/armv7e-m/fpu\libc.a(lib_a-mprec.o)
                0x080063fc                _Balloc
 .text._Bfree   0x08006466       0x2e c:/program files (x86)/atollic/truestudio for arm 5.5.2/armtools/bin/../lib/gcc/arm-atollic-eabi/5.3.1/../../../../arm-atollic-eabi/lib/armv7e-m/fpu\libc.a(lib_a-mprec.o)
                0x08006466                _Bfree
 .text.__multadd
                0x08006494       0x76 c:/program files (x86)/atollic/truestudio for arm 5.5.2/armtools/bin/../lib/gcc/arm-atollic-eabi/5.3.1/../../../../arm-atollic-eabi/lib/armv7e-m/fpu\libc.a(lib_a-mprec.o)
                0x08006494                __multadd
 .text.__hi0bits
                0x0800650a       0x40 c:/program files (x86)/atollic/truestudio for arm 5.5.2/armtools/bin/../lib/gcc/arm-atollic-eabi/5.3.1/../../../../arm-atollic-eabi/lib/armv7e-m/fpu\libc.a(lib_a-mprec.o)
                0x0800650a                __hi0bits
 .text.__lo0bits
                0x0800654a       0x5a c:/program files (x86)/atollic/truestudio for arm 5.5.2/armtools/bin/../lib/gcc/arm-atollic-eabi/5.3.1/../../../../arm-atollic-eabi/lib/armv7e-m/fpu\libc.a(lib_a-mprec.o)
                0x0800654a                __lo0bits
 .text.__i2b    0x080065a4       0x12 c:/program files (x86)/atollic/truestudio for arm 5.5.2/armtools/bin/../lib/gcc/arm-atollic-eabi/5.3.1/../../../../arm-atollic-eabi/lib/armv7e-m/fpu\libc.a(lib_a-mprec.o)
                0x080065a4                __i2b
 .text.__multiply
                0x080065b6      0x122 c:/program files (x86)/atollic/truestudio for arm 5.5.2/armtools/bin/../lib/gcc/arm-atollic-eabi/5.3.1/../../../../arm-atollic-eabi/lib/armv7e-m/fpu\libc.a(lib_a-mprec.o)
                0x080065b6                __multiply
 .text.__pow5mult
                0x080066d8       0x9c c:/program files (x86)/atollic/truestudio for arm 5.5.2/armtools/bin/../lib/gcc/arm-atollic-eabi/5.3.1/../../../../arm-atollic-eabi/lib/armv7e-m/fpu\libc.a(lib_a-mprec.o)
                0x080066d8                __pow5mult
 .text.__lshift
                0x08006774       0xa2 c:/program files (x86)/atollic/truestudio for arm 5.5.2/armtools/bin/../lib/gcc/arm-atollic-eabi/5.3.1/../../../../arm-atollic-eabi/lib/armv7e-m/fpu\libc.a(lib_a-mprec.o)
                0x08006774                __lshift
 .text.__mcmp   0x08006816       0x38 c:/program files (x86)/atollic/truestudio for arm 5.5.2/armtools/bin/../lib/gcc/arm-atollic-eabi/5.3.1/../../../../arm-atollic-eabi/lib/armv7e-m/fpu\libc.a(lib_a-mprec.o)
                0x08006816                __mcmp
 .text.__mdiff  0x0800684e       0xbe c:/program files (x86)/atollic/truestudio for arm 5.5.2/armtools/bin/../lib/gcc/arm-atollic-eabi/5.3.1/../../../../arm-atollic-eabi/lib/armv7e-m/fpu\libc.a(lib_a-mprec.o)
                0x0800684e                __mdiff
 .text.__d2b    0x0800690c       0x9c c:/program files (x86)/atollic/truestudio for arm 5.5.2/armtools/bin/../lib/gcc/arm-atollic-eabi/5.3.1/../../../../arm-atollic-eabi/lib/armv7e-m/fpu\libc.a(lib_a-mprec.o)
                0x0800690c                __d2b
 .text._sbrk_r  0x080069a8       0x20 c:/program files (x86)/atollic/truestudio for arm 5.5.2/armtools/bin/../lib/gcc/arm-atollic-eabi/5.3.1/../../../../arm-atollic-eabi/lib/armv7e-m/fpu\libc.a(lib_a-sbrkr.o)
                0x080069a8                _sbrk_r
 .text.__ssprint_r
                0x080069c8       0xfe c:/program files (x86)/atollic/truestudio for arm 5.5.2/armtools/bin/../lib/gcc/arm-atollic-eabi/5.3.1/../../../../arm-atollic-eabi/lib/armv7e-m/fpu\libc.a(lib_a-svfiprintf.o)
                0x080069c8                __ssprint_r
 .text._calloc_r
                0x08006ac6       0x5a c:/program files (x86)/atollic/truestudio for arm 5.5.2/armtools/bin/../lib/gcc/arm-atollic-eabi/5.3.1/../../../../arm-atollic-eabi/lib/armv7e-m/fpu\libc.a(lib_a-callocr.o)
                0x08006ac6                _calloc_r
 .text._malloc_trim_r
                0x08006b20       0xac c:/program files (x86)/atollic/truestudio for arm 5.5.2/armtools/bin/../lib/gcc/arm-atollic-eabi/5.3.1/../../../../arm-atollic-eabi/lib/armv7e-m/fpu\libc.a(lib_a-freer.o)
                0x08006b20                _malloc_trim_r
 .text._free_r  0x08006bcc      0x17c c:/program files (x86)/atollic/truestudio for arm 5.5.2/armtools/bin/../lib/gcc/arm-atollic-eabi/5.3.1/../../../../arm-atollic-eabi/lib/armv7e-m/fpu\libc.a(lib_a-freer.o)
                0x08006bcc                _free_r
 .text.memmove  0x08006d48       0x36 c:/program files (x86)/atollic/truestudio for arm 5.5.2/armtools/bin/../lib/gcc/arm-atollic-eabi/5.3.1/../../../../arm-atollic-eabi/lib/armv7e-m/fpu\libc.a(lib_a-memmove.o)
                0x08006d48                memmove
 *fill*         0x08006d7e        0x2 
 .text._realloc_r
                0x08006d80      0x350 c:/program files (x86)/atollic/truestudio for arm 5.5.2/armtools/bin/../lib/gcc/arm-atollic-eabi/5.3.1/../../../../arm-atollic-eabi/lib/armv7e-m/fpu\libc.a(lib_a-reallocr.o)
                0x08006d80                _realloc_r
 .text._sbrk    0x080070d0       0x1c c:/program files (x86)/atollic/truestudio for arm 5.5.2/armtools/bin/../lib/gcc/arm-atollic-eabi/5.3.1/../../../../arm-atollic-eabi/lib/armv7e-m/fpu\libnosys.a(sbrk.o)
                0x080070d0                _sbrk
 *(.glue_7)
 .glue_7        0x080070ec        0x0 linker stubs
 *(.glue_7t)
 .glue_7t       0x080070ec        0x0 linker stubs
 *(.eh_frame)
 .eh_frame      0x080070ec        0x0 c:/program files (x86)/atollic/truestudio for arm 5.5.2/armtools/bin/../lib/gcc/arm-atollic-eabi/5.3.1/armv7e-m/fpu/crtbegin.o
 *(.init)
 .init          0x080070ec        0x4 c:/program files (x86)/atollic/truestudio for arm 5.5.2/armtools/bin/../lib/gcc/arm-atollic-eabi/5.3.1/armv7e-m/fpu/crti.o
                0x080070ec                _init
 .init          0x080070f0        0x8 c:/program files (x86)/atollic/truestudio for arm 5.5.2/armtools/bin/../lib/gcc/arm-atollic-eabi/5.3.1/armv7e-m/fpu/crtn.o
 *(.fini)
 .fini          0x080070f8        0x4 c:/program files (x86)/atollic/truestudio for arm 5.5.2/armtools/bin/../lib/gcc/arm-atollic-eabi/5.3.1/armv7e-m/fpu/crti.o
                0x080070f8                _fini
 .fini          0x080070fc        0x8 c:/program files (x86)/atollic/truestudio for arm 5.5.2/armtools/bin/../lib/gcc/arm-atollic-eabi/5.3.1/armv7e-m/fpu/crtn.o
                0x08007104                . = ALIGN (0x4)
                0x08007104                _etext = .

.vfp11_veneer   0x08007104        0x0
 .vfp11_veneer  0x08007104        0x0 linker stubs

.v4_bx          0x08007104        0x0
 .v4_bx         0x08007104        0x0 linker stubs

.iplt           0x08007104        0x0
 .iplt          0x08007104        0x0 c:/program files (x86)/atollic/truestudio for arm 5.5.2/armtools/bin/../lib/gcc/arm-atollic-eabi/5.3.1/armv7e-m/fpu/crtbegin.o

.rodata         0x08007108      0x2d4
                0x08007108                . = ALIGN (0x4)
 *(.rodata)
 .rodata        0x08007108       0xec Application\User\main.o
 *(.rodata*)
 .rodata.str1.1
                0x080071f4        0x5 Middlewares\FreeRTOS\tasks.o
 .rodata.APBAHBPrescTable
                0x080071f9       0x10 Drivers\STM32F4xx_HAL_Driver\stm32f4xx_hal_rcc.o
                0x080071f9                APBAHBPrescTable
 .rodata.flagBitshiftOffset.7682
                0x08007209        0x8 Drivers\STM32F4xx_HAL_Driver\stm32f4xx_hal_dma.o
 .rodata.str1.1
                0x08007211       0x66 Application\User\main.o
 .rodata.zeroes.7045
                0x08007277       0x10 c:/program files (x86)/atollic/truestudio for arm 5.5.2/armtools/bin/../lib/gcc/arm-atollic-eabi/5.3.1/../../../../arm-atollic-eabi/lib/armv7e-m/fpu\libc.a(lib_a-svfprintf.o)
 .rodata.str1.1
                0x08007287       0x34 c:/program files (x86)/atollic/truestudio for arm 5.5.2/armtools/bin/../lib/gcc/arm-atollic-eabi/5.3.1/../../../../arm-atollic-eabi/lib/armv7e-m/fpu\libc.a(lib_a-svfprintf.o)
 .rodata.blanks.7044
                0x080072bb       0x10 c:/program files (x86)/atollic/truestudio for arm 5.5.2/armtools/bin/../lib/gcc/arm-atollic-eabi/5.3.1/../../../../arm-atollic-eabi/lib/armv7e-m/fpu\libc.a(lib_a-svfprintf.o)
 .rodata.str1.1
                0x080072cb        0xd c:/program files (x86)/atollic/truestudio for arm 5.5.2/armtools/bin/../lib/gcc/arm-atollic-eabi/5.3.1/../../../../arm-atollic-eabi/lib/armv7e-m/fpu\libc.a(lib_a-dtoa.o)
                                  0xf (size before relaxing)
 .rodata.str1.1
                0x080072d8        0xd c:/program files (x86)/atollic/truestudio for arm 5.5.2/armtools/bin/../lib/gcc/arm-atollic-eabi/5.3.1/../../../../arm-atollic-eabi/lib/armv7e-m/fpu\libc.a(lib_a-impure.o)
                                  0x2 (size before relaxing)
 .rodata.str1.1
                0x080072d8        0x8 c:/program files (x86)/atollic/truestudio for arm 5.5.2/armtools/bin/../lib/gcc/arm-atollic-eabi/5.3.1/../../../../arm-atollic-eabi/lib/armv7e-m/fpu\libc.a(lib_a-locale.o)
                                  0xb (size before relaxing)
 .rodata.__mprec_tens
                0x080072e0       0xc8 c:/program files (x86)/atollic/truestudio for arm 5.5.2/armtools/bin/../lib/gcc/arm-atollic-eabi/5.3.1/../../../../arm-atollic-eabi/lib/armv7e-m/fpu\libc.a(lib_a-mprec.o)
                0x080072e0                __mprec_tens
 .rodata.__mprec_bigtens
                0x080073a8       0x28 c:/program files (x86)/atollic/truestudio for arm 5.5.2/armtools/bin/../lib/gcc/arm-atollic-eabi/5.3.1/../../../../arm-atollic-eabi/lib/armv7e-m/fpu\libc.a(lib_a-mprec.o)
                0x080073a8                __mprec_bigtens
 .rodata.p05.5388
                0x080073d0        0xc c:/program files (x86)/atollic/truestudio for arm 5.5.2/armtools/bin/../lib/gcc/arm-atollic-eabi/5.3.1/../../../../arm-atollic-eabi/lib/armv7e-m/fpu\libc.a(lib_a-mprec.o)
                0x080073dc                . = ALIGN (0x4)

.ARM.extab
 *(.ARM.extab* .gnu.linkonce.armextab.*)

.ARM            0x080073dc        0x8
                0x080073dc                __exidx_start = .
 *(.ARM.exidx*)
 .ARM.exidx     0x080073dc        0x8 c:/program files (x86)/atollic/truestudio for arm 5.5.2/armtools/bin/../lib/gcc/arm-atollic-eabi/5.3.1/armv7e-m/fpu\libgcc.a(_udivmoddi4.o)
                0x080073e4                __exidx_end = .

.rel.dyn        0x080073e4        0x0
 .rel.iplt      0x080073e4        0x0 c:/program files (x86)/atollic/truestudio for arm 5.5.2/armtools/bin/../lib/gcc/arm-atollic-eabi/5.3.1/armv7e-m/fpu/crtbegin.o

.preinit_array  0x080073e4        0x0
                0x080073e4                PROVIDE (__preinit_array_start, .)
 *(.preinit_array*)
                0x080073e4                PROVIDE (__preinit_array_end, .)

.init_array     0x080073e4        0x4
                0x080073e4                PROVIDE (__init_array_start, .)
 *(SORT(.init_array.*))
 *(.init_array*)
 .init_array    0x080073e4        0x4 c:/program files (x86)/atollic/truestudio for arm 5.5.2/armtools/bin/../lib/gcc/arm-atollic-eabi/5.3.1/armv7e-m/fpu/crtbegin.o
                0x080073e8                PROVIDE (__init_array_end, .)

.fini_array     0x080073e8        0x4
                [!provide]                PROVIDE (__fini_array_start, .)
 *(SORT(.fini_array.*))
 *(.fini_array*)
 .fini_array    0x080073e8        0x4 c:/program files (x86)/atollic/truestudio for arm 5.5.2/armtools/bin/../lib/gcc/arm-atollic-eabi/5.3.1/armv7e-m/fpu/crtbegin.o
                [!provide]                PROVIDE (__fini_array_end, .)
                0x080073ec                _sidata = LOADADDR (.data)

.data           0x20000000      0x55c load address 0x080073ec
                0x20000000                . = ALIGN (0x4)
                0x20000000                _sdata = .
 *(.data)
 *(.data*)
 .data.uxCriticalNesting
                0x20000000        0x4 Middlewares\FreeRTOS\port.o
 .data.SystemCoreClock
                0x20000004        0x4 Drivers\CMSIS\system_stm32f4xx.o
                0x20000004                SystemCoreClock
 .data.Ts       0x20000008        0x1 Application\User\main.o
                0x20000008                Ts
 .data.test     0x20000009       0x14 Application\User\main.o
                0x20000009                test
 *fill*         0x2000001d        0x3 
 .data.impure_data
                0x20000020       0xf0 c:/program files (x86)/atollic/truestudio for arm 5.5.2/armtools/bin/../lib/gcc/arm-atollic-eabi/5.3.1/../../../../arm-atollic-eabi/lib/armv7e-m/fpu\libc.a(lib_a-impure.o)
 .data._impure_ptr
                0x20000110        0x4 c:/program files (x86)/atollic/truestudio for arm 5.5.2/armtools/bin/../lib/gcc/arm-atollic-eabi/5.3.1/../../../../arm-atollic-eabi/lib/armv7e-m/fpu\libc.a(lib_a-impure.o)
                0x20000110                _impure_ptr
 .data.lconv    0x20000114       0x38 c:/program files (x86)/atollic/truestudio for arm 5.5.2/armtools/bin/../lib/gcc/arm-atollic-eabi/5.3.1/../../../../arm-atollic-eabi/lib/armv7e-m/fpu\libc.a(lib_a-locale.o)
 .data.__malloc_av_
                0x2000014c      0x408 c:/program files (x86)/atollic/truestudio for arm 5.5.2/armtools/bin/../lib/gcc/arm-atollic-eabi/5.3.1/../../../../arm-atollic-eabi/lib/armv7e-m/fpu\libc.a(lib_a-mallocr.o)
                0x2000014c                __malloc_av_
 .data.__malloc_trim_threshold
                0x20000554        0x4 c:/program files (x86)/atollic/truestudio for arm 5.5.2/armtools/bin/../lib/gcc/arm-atollic-eabi/5.3.1/../../../../arm-atollic-eabi/lib/armv7e-m/fpu\libc.a(lib_a-mallocr.o)
                0x20000554                __malloc_trim_threshold
 .data.__malloc_sbrk_base
                0x20000558        0x4 c:/program files (x86)/atollic/truestudio for arm 5.5.2/armtools/bin/../lib/gcc/arm-atollic-eabi/5.3.1/../../../../arm-atollic-eabi/lib/armv7e-m/fpu\libc.a(lib_a-mallocr.o)
                0x20000558                __malloc_sbrk_base
                0x2000055c                . = ALIGN (0x4)
                0x2000055c                _edata = .
                0x08007948                _siccmram = LOADADDR (.ccmram)

.igot.plt       0x2000055c        0x0 load address 0x08007948
 .igot.plt      0x2000055c        0x0 c:/program files (x86)/atollic/truestudio for arm 5.5.2/armtools/bin/../lib/gcc/arm-atollic-eabi/5.3.1/armv7e-m/fpu/crtbegin.o

.ccmram         0x10000000        0x0 load address 0x08007948
                0x10000000                . = ALIGN (0x4)
                0x10000000                _sccmram = .
 *(.ccmram)
 *(.ccmram*)
                0x10000000                . = ALIGN (0x4)
                0x10000000                _eccmram = .
                0x10000000                . = ALIGN (0x4)

.bss            0x2000055c     0x420c
                0x2000055c                _sbss = .
                0x2000055c                __bss_start__ = _sbss
 *(.bss)
 .bss           0x2000055c       0x1c c:/program files (x86)/atollic/truestudio for arm 5.5.2/armtools/bin/../lib/gcc/arm-atollic-eabi/5.3.1/armv7e-m/fpu/crtbegin.o
 *(.bss*)
 .bss.xNumOfOverflows
                0x20000578        0x4 Middlewares\FreeRTOS\tasks.o
 .bss.pxDelayedTaskList
                0x2000057c        0x4 Middlewares\FreeRTOS\tasks.o
 .bss.xSchedulerRunning
                0x20000580        0x4 Middlewares\FreeRTOS\tasks.o
 .bss.uxTasksDeleted
                0x20000584        0x4 Middlewares\FreeRTOS\tasks.o
 .bss.xTasksWaitingTermination
                0x20000588       0x14 Middlewares\FreeRTOS\tasks.o
 .bss.xSuspendedTaskList
                0x2000059c       0x14 Middlewares\FreeRTOS\tasks.o
 .bss.uxPendedTicks
                0x200005b0        0x4 Middlewares\FreeRTOS\tasks.o
 .bss.pxReadyTasksLists
                0x200005b4       0x8c Middlewares\FreeRTOS\tasks.o
 .bss.uxSchedulerSuspended
                0x20000640        0x4 Middlewares\FreeRTOS\tasks.o
 .bss.pxCurrentTCB
                0x20000644        0x4 Middlewares\FreeRTOS\tasks.o
                0x20000644                pxCurrentTCB
 .bss.xNextTaskUnblockTime
                0x20000648        0x4 Middlewares\FreeRTOS\tasks.o
 .bss.xTickCount
                0x2000064c        0x4 Middlewares\FreeRTOS\tasks.o
 .bss.pxOverflowDelayedTaskList
                0x20000650        0x4 Middlewares\FreeRTOS\tasks.o
 .bss.xPendingReadyList
                0x20000654       0x14 Middlewares\FreeRTOS\tasks.o
 .bss.uxTaskNumber
                0x20000668        0x4 Middlewares\FreeRTOS\tasks.o
 .bss.xDelayedTaskList1
                0x2000066c       0x14 Middlewares\FreeRTOS\tasks.o
 .bss.xDelayedTaskList2
                0x20000680       0x14 Middlewares\FreeRTOS\tasks.o
 .bss.uxCurrentNumberOfTasks
                0x20000694        0x4 Middlewares\FreeRTOS\tasks.o
 .bss.uxTopReadyPriority
                0x20000698        0x4 Middlewares\FreeRTOS\tasks.o
 .bss.xYieldPending
                0x2000069c        0x4 Middlewares\FreeRTOS\tasks.o
 .bss.ucMaxSysCallPriority
                0x200006a0        0x1 Middlewares\FreeRTOS\port.o
 *fill*         0x200006a1        0x3 
 .bss.ulMaxPRIGROUPValue
                0x200006a4        0x4 Middlewares\FreeRTOS\port.o
 .bss.xFreeBytesRemaining
                0x200006a8        0x4 Middlewares\FreeRTOS\heap_4.o
 .bss.pxEnd     0x200006ac        0x4 Middlewares\FreeRTOS\heap_4.o
 .bss.xStart    0x200006b0        0x8 Middlewares\FreeRTOS\heap_4.o
 .bss.ucHeap    0x200006b8     0x3c00 Middlewares\FreeRTOS\heap_4.o
 .bss.xBlockAllocatedBit
                0x200042b8        0x4 Middlewares\FreeRTOS\heap_4.o
 .bss.xMinimumEverFreeBytesRemaining
                0x200042bc        0x4 Middlewares\FreeRTOS\heap_4.o
 .bss.__malloc_max_total_mem
                0x200042c0        0x4 c:/program files (x86)/atollic/truestudio for arm 5.5.2/armtools/bin/../lib/gcc/arm-atollic-eabi/5.3.1/../../../../arm-atollic-eabi/lib/armv7e-m/fpu\libc.a(lib_a-mallocr.o)
                0x200042c0                __malloc_max_total_mem
 .bss.__malloc_max_sbrked_mem
                0x200042c4        0x4 c:/program files (x86)/atollic/truestudio for arm 5.5.2/armtools/bin/../lib/gcc/arm-atollic-eabi/5.3.1/../../../../arm-atollic-eabi/lib/armv7e-m/fpu\libc.a(lib_a-mallocr.o)
                0x200042c4                __malloc_max_sbrked_mem
 .bss.__malloc_top_pad
                0x200042c8        0x4 c:/program files (x86)/atollic/truestudio for arm 5.5.2/armtools/bin/../lib/gcc/arm-atollic-eabi/5.3.1/../../../../arm-atollic-eabi/lib/armv7e-m/fpu\libc.a(lib_a-mallocr.o)
                0x200042c8                __malloc_top_pad
 .bss.__malloc_current_mallinfo
                0x200042cc       0x28 c:/program files (x86)/atollic/truestudio for arm 5.5.2/armtools/bin/../lib/gcc/arm-atollic-eabi/5.3.1/../../../../arm-atollic-eabi/lib/armv7e-m/fpu\libc.a(lib_a-mallocr.o)
                0x200042cc                __malloc_current_mallinfo
 .bss.heap_end.4169
                0x200042f4        0x4 c:/program files (x86)/atollic/truestudio for arm 5.5.2/armtools/bin/../lib/gcc/arm-atollic-eabi/5.3.1/../../../../arm-atollic-eabi/lib/armv7e-m/fpu\libnosys.a(sbrk.o)
 *(COMMON)
 COMMON         0x200042f8        0x4 Drivers\STM32F4xx_HAL_Driver\stm32f4xx_hal.o
                0x200042f8                uwTick
 COMMON         0x200042fc       0x3c Application\User\stm32f4xx_hal_timebase_TIM.o
                0x200042fc                htim1
 COMMON         0x20004338      0x42c Application\User\main.o
                0x20004338                defaultTaskHandle
                0x2000433c                hdma_usart2_rx
                0x2000439c                TXBoxM2Handle
                0x200043a0                hdma_usart6_rx
                0x20004400                TXMotor2Handle
                0x20004404                rptr
                0x20004408                Current_Command
                0x20004418                hdma_usart3_rx
                0x20004478                huart3
                0x200044b8                RXBoxM1Handle
                0x200044bc                RXBoxiNemoHandle
                0x200044c0                Read_Current
                0x200044c8                Disable_Bridge
                0x200044d4                hdma_usart3_tx
                0x20004534                TXMotor1Handle
                0x20004538                TXBoxHandle
                0x2000453c                hdma_usart6_tx
                0x2000459c                hdma_usart2_tx
                0x200045fc                Enable_Bridge
                0x20004608                mpool
                0x2000460c                huart1
                0x2000464c                MB
                0x20004650                CombineM2Handle
                0x20004654                Read_Position
                0x2000465c                Read_Velocity
                0x20004664                MW
                0x20004668                TXBoxM1Handle
                0x2000466c                mptr
                0x20004670                RXiNemoHandle
                0x20004674                TXPCHandle
                0x20004678                RXMotor2Handle
                0x2000467c                RXBoxM2Handle
                0x20004680                CombineiNemoHandle
                0x20004684                RXMotor1Handle
                0x20004688                Position_Command
                0x20004698                huart6
                0x200046d8                Write_Access
                0x200046e4                huart2
                0x20004724                TXBuf
                0x2000475c                RXPCHandle
                0x20004760                CombineM1Handle
 COMMON         0x20004764        0x4 c:/program files (x86)/atollic/truestudio for arm 5.5.2/armtools/bin/../lib/gcc/arm-atollic-eabi/5.3.1/../../../../arm-atollic-eabi/lib/armv7e-m/fpu\libc.a(lib_a-reent.o)
                0x20004764                errno
                0x20004768                . = ALIGN (0x4)
                0x20004768                _ebss = .
                0x20004768                __bss_end__ = _ebss

._user_heap_stack
                0x20004768      0x600
                0x20004768                . = ALIGN (0x4)
                0x20004768                PROVIDE (end, .)
                [!provide]                PROVIDE (_end, .)
                0x20004968                . = (. + _Min_Heap_Size)
 *fill*         0x20004768      0x200 
                0x20004d68                . = (. + _Min_Stack_Size)
 *fill*         0x20004968      0x400 
                0x20004d68                . = ALIGN (0x4)

/DISCARD/
 libc.a(*)
 libm.a(*)
 libgcc.a(*)

.ARM.attributes
                0x00000000       0x30
 *(.ARM.attributes)
 .ARM.attributes
                0x00000000       0x22 c:/program files (x86)/atollic/truestudio for arm 5.5.2/armtools/bin/../lib/gcc/arm-atollic-eabi/5.3.1/armv7e-m/fpu/crti.o
 .ARM.attributes
                0x00000022       0x34 c:/program files (x86)/atollic/truestudio for arm 5.5.2/armtools/bin/../lib/gcc/arm-atollic-eabi/5.3.1/armv7e-m/fpu/crtbegin.o
 .ARM.attributes
                0x00000056       0x39 Middlewares\FreeRTOS\tasks.o
 .ARM.attributes
                0x0000008f       0x39 Middlewares\FreeRTOS\queue.o
 .ARM.attributes
                0x000000c8       0x39 Middlewares\FreeRTOS\port.o
 .ARM.attributes
                0x00000101       0x39 Middlewares\FreeRTOS\list.o
 .ARM.attributes
                0x0000013a       0x39 Middlewares\FreeRTOS\heap_4.o
 .ARM.attributes
                0x00000173       0x39 Middlewares\FreeRTOS\cmsis_os.o
 .ARM.attributes
                0x000001ac       0x39 Drivers\STM32F4xx_HAL_Driver\stm32f4xx_hal_uart.o
 .ARM.attributes
                0x000001e5       0x39 Drivers\STM32F4xx_HAL_Driver\stm32f4xx_hal_tim_ex.o
 .ARM.attributes
                0x0000021e       0x39 Drivers\STM32F4xx_HAL_Driver\stm32f4xx_hal_tim.o
 .ARM.attributes
                0x00000257       0x39 Drivers\STM32F4xx_HAL_Driver\stm32f4xx_hal_rcc.o
 .ARM.attributes
                0x00000290       0x39 Drivers\STM32F4xx_HAL_Driver\stm32f4xx_hal_gpio.o
 .ARM.attributes
                0x000002c9       0x39 Drivers\STM32F4xx_HAL_Driver\stm32f4xx_hal_dma.o
 .ARM.attributes
                0x00000302       0x39 Drivers\STM32F4xx_HAL_Driver\stm32f4xx_hal_cortex.o
 .ARM.attributes
                0x0000033b       0x39 Drivers\STM32F4xx_HAL_Driver\stm32f4xx_hal.o
 .ARM.attributes
                0x00000374       0x39 Drivers\CMSIS\system_stm32f4xx.o
 .ARM.attributes
                0x000003ad       0x39 Application\User\stm32f4xx_it.o
 .ARM.attributes
                0x000003e6       0x39 Application\User\stm32f4xx_hal_timebase_TIM.o
 .ARM.attributes
                0x0000041f       0x39 Application\User\stm32f4xx_hal_msp.o
 .ARM.attributes
                0x00000458       0x39 Application\User\main.o
 .ARM.attributes
                0x00000491       0x21 Application\TrueSTUDIO\startup_stm32f407xx.o
 .ARM.attributes
                0x000004b2       0x34 c:/program files (x86)/atollic/truestudio for arm 5.5.2/armtools/bin/../lib/gcc/arm-atollic-eabi/5.3.1/../../../../arm-atollic-eabi/lib/armv7e-m/fpu\libc.a(lib_a-init.o)
 .ARM.attributes
                0x000004e6       0x34 c:/program files (x86)/atollic/truestudio for arm 5.5.2/armtools/bin/../lib/gcc/arm-atollic-eabi/5.3.1/../../../../arm-atollic-eabi/lib/armv7e-m/fpu\libc.a(lib_a-memcpy-stub.o)
 .ARM.attributes
                0x0000051a       0x34 c:/program files (x86)/atollic/truestudio for arm 5.5.2/armtools/bin/../lib/gcc/arm-atollic-eabi/5.3.1/../../../../arm-atollic-eabi/lib/armv7e-m/fpu\libc.a(lib_a-memset.o)
 .ARM.attributes
                0x0000054e       0x34 c:/program files (x86)/atollic/truestudio for arm 5.5.2/armtools/bin/../lib/gcc/arm-atollic-eabi/5.3.1/../../../../arm-atollic-eabi/lib/armv7e-m/fpu\libc.a(lib_a-sprintf.o)
 .ARM.attributes
                0x00000582       0x1b c:/program files (x86)/atollic/truestudio for arm 5.5.2/armtools/bin/../lib/gcc/arm-atollic-eabi/5.3.1/../../../../arm-atollic-eabi/lib/armv7e-m/fpu\libc.a(lib_a-strlen.o)
 .ARM.attributes
                0x0000059d       0x34 c:/program files (x86)/atollic/truestudio for arm 5.5.2/armtools/bin/../lib/gcc/arm-atollic-eabi/5.3.1/../../../../arm-atollic-eabi/lib/armv7e-m/fpu\libc.a(lib_a-svfprintf.o)
 .ARM.attributes
                0x000005d1       0x34 c:/program files (x86)/atollic/truestudio for arm 5.5.2/armtools/bin/../lib/gcc/arm-atollic-eabi/5.3.1/../../../../arm-atollic-eabi/lib/armv7e-m/fpu\libc.a(lib_a-dtoa.o)
 .ARM.attributes
                0x00000605       0x34 c:/program files (x86)/atollic/truestudio for arm 5.5.2/armtools/bin/../lib/gcc/arm-atollic-eabi/5.3.1/../../../../arm-atollic-eabi/lib/armv7e-m/fpu\libc.a(lib_a-impure.o)
 .ARM.attributes
                0x00000639       0x34 c:/program files (x86)/atollic/truestudio for arm 5.5.2/armtools/bin/../lib/gcc/arm-atollic-eabi/5.3.1/../../../../arm-atollic-eabi/lib/armv7e-m/fpu\libc.a(lib_a-locale.o)
 .ARM.attributes
                0x0000066d       0x34 c:/program files (x86)/atollic/truestudio for arm 5.5.2/armtools/bin/../lib/gcc/arm-atollic-eabi/5.3.1/../../../../arm-atollic-eabi/lib/armv7e-m/fpu\libc.a(lib_a-malloc.o)
 .ARM.attributes
                0x000006a1       0x34 c:/program files (x86)/atollic/truestudio for arm 5.5.2/armtools/bin/../lib/gcc/arm-atollic-eabi/5.3.1/../../../../arm-atollic-eabi/lib/armv7e-m/fpu\libc.a(lib_a-mallocr.o)
 .ARM.attributes
                0x000006d5       0x20 c:/program files (x86)/atollic/truestudio for arm 5.5.2/armtools/bin/../lib/gcc/arm-atollic-eabi/5.3.1/../../../../arm-atollic-eabi/lib/armv7e-m/fpu\libc.a(lib_a-memchr.o)
 .ARM.attributes
                0x000006f5       0x34 c:/program files (x86)/atollic/truestudio for arm 5.5.2/armtools/bin/../lib/gcc/arm-atollic-eabi/5.3.1/../../../../arm-atollic-eabi/lib/armv7e-m/fpu\libc.a(lib_a-mlock.o)
 .ARM.attributes
                0x00000729       0x34 c:/program files (x86)/atollic/truestudio for arm 5.5.2/armtools/bin/../lib/gcc/arm-atollic-eabi/5.3.1/../../../../arm-atollic-eabi/lib/armv7e-m/fpu\libc.a(lib_a-mprec.o)
 .ARM.attributes
                0x0000075d       0x34 c:/program files (x86)/atollic/truestudio for arm 5.5.2/armtools/bin/../lib/gcc/arm-atollic-eabi/5.3.1/../../../../arm-atollic-eabi/lib/armv7e-m/fpu\libc.a(lib_a-sbrkr.o)
 .ARM.attributes
                0x00000791       0x34 c:/program files (x86)/atollic/truestudio for arm 5.5.2/armtools/bin/../lib/gcc/arm-atollic-eabi/5.3.1/../../../../arm-atollic-eabi/lib/armv7e-m/fpu\libc.a(lib_a-svfiprintf.o)
 .ARM.attributes
                0x000007c5       0x34 c:/program files (x86)/atollic/truestudio for arm 5.5.2/armtools/bin/../lib/gcc/arm-atollic-eabi/5.3.1/../../../../arm-atollic-eabi/lib/armv7e-m/fpu\libc.a(lib_a-callocr.o)
 .ARM.attributes
                0x000007f9       0x34 c:/program files (x86)/atollic/truestudio for arm 5.5.2/armtools/bin/../lib/gcc/arm-atollic-eabi/5.3.1/../../../../arm-atollic-eabi/lib/armv7e-m/fpu\libc.a(lib_a-freer.o)
 .ARM.attributes
                0x0000082d       0x34 c:/program files (x86)/atollic/truestudio for arm 5.5.2/armtools/bin/../lib/gcc/arm-atollic-eabi/5.3.1/../../../../arm-atollic-eabi/lib/armv7e-m/fpu\libc.a(lib_a-memmove.o)
 .ARM.attributes
                0x00000861       0x34 c:/program files (x86)/atollic/truestudio for arm 5.5.2/armtools/bin/../lib/gcc/arm-atollic-eabi/5.3.1/../../../../arm-atollic-eabi/lib/armv7e-m/fpu\libc.a(lib_a-reallocr.o)
 .ARM.attributes
                0x00000895       0x34 c:/program files (x86)/atollic/truestudio for arm 5.5.2/armtools/bin/../lib/gcc/arm-atollic-eabi/5.3.1/../../../../arm-atollic-eabi/lib/armv7e-m/fpu\libc.a(lib_a-reent.o)
 .ARM.attributes
                0x000008c9       0x22 c:/program files (x86)/atollic/truestudio for arm 5.5.2/armtools/bin/../lib/gcc/arm-atollic-eabi/5.3.1/armv7e-m/fpu\libgcc.a(_arm_addsubdf3.o)
 .ARM.attributes
                0x000008eb       0x22 c:/program files (x86)/atollic/truestudio for arm 5.5.2/armtools/bin/../lib/gcc/arm-atollic-eabi/5.3.1/armv7e-m/fpu\libgcc.a(_arm_muldivdf3.o)
 .ARM.attributes
                0x0000090d       0x22 c:/program files (x86)/atollic/truestudio for arm 5.5.2/armtools/bin/../lib/gcc/arm-atollic-eabi/5.3.1/armv7e-m/fpu\libgcc.a(_arm_cmpdf2.o)
 .ARM.attributes
                0x0000092f       0x22 c:/program files (x86)/atollic/truestudio for arm 5.5.2/armtools/bin/../lib/gcc/arm-atollic-eabi/5.3.1/armv7e-m/fpu\libgcc.a(_arm_unorddf2.o)
 .ARM.attributes
                0x00000951       0x22 c:/program files (x86)/atollic/truestudio for arm 5.5.2/armtools/bin/../lib/gcc/arm-atollic-eabi/5.3.1/armv7e-m/fpu\libgcc.a(_arm_fixdfsi.o)
 .ARM.attributes
                0x00000973       0x22 c:/program files (x86)/atollic/truestudio for arm 5.5.2/armtools/bin/../lib/gcc/arm-atollic-eabi/5.3.1/armv7e-m/fpu\libgcc.a(_aeabi_uldivmod.o)
 .ARM.attributes
                0x00000995       0x34 c:/program files (x86)/atollic/truestudio for arm 5.5.2/armtools/bin/../lib/gcc/arm-atollic-eabi/5.3.1/armv7e-m/fpu\libgcc.a(_udivmoddi4.o)
 .ARM.attributes
                0x000009c9       0x22 c:/program files (x86)/atollic/truestudio for arm 5.5.2/armtools/bin/../lib/gcc/arm-atollic-eabi/5.3.1/armv7e-m/fpu\libgcc.a(_dvmd_tls.o)
 .ARM.attributes
                0x000009eb       0x34 c:/program files (x86)/atollic/truestudio for arm 5.5.2/armtools/bin/../lib/gcc/arm-atollic-eabi/5.3.1/../../../../arm-atollic-eabi/lib/armv7e-m/fpu\libnosys.a(sbrk.o)
 .ARM.attributes
                0x00000a1f       0x22 c:/program files (x86)/atollic/truestudio for arm 5.5.2/armtools/bin/../lib/gcc/arm-atollic-eabi/5.3.1/armv7e-m/fpu/crtn.o
OUTPUT(Baleka.elf elf32-littlearm)

.debug_info     0x00000000    0x13112
 .debug_info    0x00000000     0x2718 Middlewares\FreeRTOS\tasks.o
 .debug_info    0x00002718     0x1674 Middlewares\FreeRTOS\queue.o
 .debug_info    0x00003d8c      0x557 Middlewares\FreeRTOS\port.o
 .debug_info    0x000042e3      0x2a1 Middlewares\FreeRTOS\list.o
 .debug_info    0x00004584      0x486 Middlewares\FreeRTOS\heap_4.o
 .debug_info    0x00004a0a     0x1ae7 Middlewares\FreeRTOS\cmsis_os.o
 .debug_info    0x000064f1     0x128c Drivers\STM32F4xx_HAL_Driver\stm32f4xx_hal_uart.o
 .debug_info    0x0000777d      0xf6b Drivers\STM32F4xx_HAL_Driver\stm32f4xx_hal_tim_ex.o
 .debug_info    0x000086e8     0x2ea6 Drivers\STM32F4xx_HAL_Driver\stm32f4xx_hal_tim.o
 .debug_info    0x0000b58e      0xc93 Drivers\STM32F4xx_HAL_Driver\stm32f4xx_hal_rcc.o
 .debug_info    0x0000c221      0x72d Drivers\STM32F4xx_HAL_Driver\stm32f4xx_hal_gpio.o
 .debug_info    0x0000c94e      0xa28 Drivers\STM32F4xx_HAL_Driver\stm32f4xx_hal_dma.o
 .debug_info    0x0000d376      0xe7b Drivers\STM32F4xx_HAL_Driver\stm32f4xx_hal_cortex.o
 .debug_info    0x0000e1f1      0x8dc Drivers\STM32F4xx_HAL_Driver\stm32f4xx_hal.o
 .debug_info    0x0000eacd      0x4d6 Drivers\CMSIS\system_stm32f4xx.o
 .debug_info    0x0000efa3      0x73c Application\User\stm32f4xx_it.o
 .debug_info    0x0000f6df      0xb46 Application\User\stm32f4xx_hal_timebase_TIM.o
 .debug_info    0x00010225      0xd7a Application\User\stm32f4xx_hal_msp.o
 .debug_info    0x00010f9f     0x208f Application\User\main.o
 .debug_info    0x0001302e       0xe4 Application\TrueSTUDIO\startup_stm32f407xx.o

.debug_abbrev   0x00000000     0x2e61
 .debug_abbrev  0x00000000      0x383 Middlewares\FreeRTOS\tasks.o
 .debug_abbrev  0x00000383      0x2d0 Middlewares\FreeRTOS\queue.o
 .debug_abbrev  0x00000653      0x21b Middlewares\FreeRTOS\port.o
 .debug_abbrev  0x0000086e       0xdc Middlewares\FreeRTOS\list.o
 .debug_abbrev  0x0000094a      0x230 Middlewares\FreeRTOS\heap_4.o
 .debug_abbrev  0x00000b7a      0x36c Middlewares\FreeRTOS\cmsis_os.o
 .debug_abbrev  0x00000ee6      0x2ec Drivers\STM32F4xx_HAL_Driver\stm32f4xx_hal_uart.o
 .debug_abbrev  0x000011d2      0x270 Drivers\STM32F4xx_HAL_Driver\stm32f4xx_hal_tim_ex.o
 .debug_abbrev  0x00001442      0x311 Drivers\STM32F4xx_HAL_Driver\stm32f4xx_hal_tim.o
 .debug_abbrev  0x00001753      0x31e Drivers\STM32F4xx_HAL_Driver\stm32f4xx_hal_rcc.o
 .debug_abbrev  0x00001a71      0x1c8 Drivers\STM32F4xx_HAL_Driver\stm32f4xx_hal_gpio.o
 .debug_abbrev  0x00001c39      0x2dd Drivers\STM32F4xx_HAL_Driver\stm32f4xx_hal_dma.o
 .debug_abbrev  0x00001f16      0x32f Drivers\STM32F4xx_HAL_Driver\stm32f4xx_hal_cortex.o
 .debug_abbrev  0x00002245      0x244 Drivers\STM32F4xx_HAL_Driver\stm32f4xx_hal.o
 .debug_abbrev  0x00002489      0x101 Drivers\CMSIS\system_stm32f4xx.o
 .debug_abbrev  0x0000258a      0x191 Application\User\stm32f4xx_it.o
 .debug_abbrev  0x0000271b      0x1cf Application\User\stm32f4xx_hal_timebase_TIM.o
 .debug_abbrev  0x000028ea      0x201 Application\User\stm32f4xx_hal_msp.o
 .debug_abbrev  0x00002aeb      0x364 Application\User\main.o
 .debug_abbrev  0x00002e4f       0x12 Application\TrueSTUDIO\startup_stm32f407xx.o

.debug_loc      0x00000000     0x993c
 .debug_loc     0x00000000     0x17c5 Middlewares\FreeRTOS\tasks.o
 .debug_loc     0x000017c5      0xa46 Middlewares\FreeRTOS\queue.o
 .debug_loc     0x0000220b       0xae Middlewares\FreeRTOS\port.o
 .debug_loc     0x000022b9       0x94 Middlewares\FreeRTOS\list.o
 .debug_loc     0x0000234d      0x3a7 Middlewares\FreeRTOS\heap_4.o
 .debug_loc     0x000026f4      0xf7e Middlewares\FreeRTOS\cmsis_os.o
 .debug_loc     0x00003672     0x1194 Drivers\STM32F4xx_HAL_Driver\stm32f4xx_hal_uart.o
 .debug_loc     0x00004806      0x7b9 Drivers\STM32F4xx_HAL_Driver\stm32f4xx_hal_tim_ex.o
 .debug_loc     0x00004fbf     0x3146 Drivers\STM32F4xx_HAL_Driver\stm32f4xx_hal_tim.o
 .debug_loc     0x00008105      0x49b Drivers\STM32F4xx_HAL_Driver\stm32f4xx_hal_rcc.o
 .debug_loc     0x000085a0      0x374 Drivers\STM32F4xx_HAL_Driver\stm32f4xx_hal_gpio.o
 .debug_loc     0x00008914      0x757 Drivers\STM32F4xx_HAL_Driver\stm32f4xx_hal_dma.o
 .debug_loc     0x0000906b      0x4ab Drivers\STM32F4xx_HAL_Driver\stm32f4xx_hal_cortex.o
 .debug_loc     0x00009516       0x92 Drivers\STM32F4xx_HAL_Driver\stm32f4xx_hal.o
 .debug_loc     0x000095a8       0xd7 Drivers\CMSIS\system_stm32f4xx.o
 .debug_loc     0x0000967f       0x94 Application\User\stm32f4xx_hal_timebase_TIM.o
 .debug_loc     0x00009713       0xf5 Application\User\stm32f4xx_hal_msp.o
 .debug_loc     0x00009808      0x134 Application\User\main.o

.debug_aranges  0x00000000      0xda8
 .debug_aranges
                0x00000000      0x190 Middlewares\FreeRTOS\tasks.o
 .debug_aranges
                0x00000190       0xd0 Middlewares\FreeRTOS\queue.o
 .debug_aranges
                0x00000260       0x80 Middlewares\FreeRTOS\port.o
 .debug_aranges
                0x000002e0       0x40 Middlewares\FreeRTOS\list.o
 .debug_aranges
                0x00000320       0x48 Middlewares\FreeRTOS\heap_4.o
 .debug_aranges
                0x00000368      0x178 Middlewares\FreeRTOS\cmsis_os.o
 .debug_aranges
                0x000004e0      0x120 Drivers\STM32F4xx_HAL_Driver\stm32f4xx_hal_uart.o
 .debug_aranges
                0x00000600       0xf0 Drivers\STM32F4xx_HAL_Driver\stm32f4xx_hal_tim_ex.o
 .debug_aranges
                0x000006f0      0x250 Drivers\STM32F4xx_HAL_Driver\stm32f4xx_hal_tim.o
 .debug_aranges
                0x00000940       0x80 Drivers\STM32F4xx_HAL_Driver\stm32f4xx_hal_rcc.o
 .debug_aranges
                0x000009c0       0x58 Drivers\STM32F4xx_HAL_Driver\stm32f4xx_hal_gpio.o
 .debug_aranges
                0x00000a18       0x80 Drivers\STM32F4xx_HAL_Driver\stm32f4xx_hal_dma.o
 .debug_aranges
                0x00000a98       0x98 Drivers\STM32F4xx_HAL_Driver\stm32f4xx_hal_cortex.o
 .debug_aranges
                0x00000b30       0xb8 Drivers\STM32F4xx_HAL_Driver\stm32f4xx_hal.o
 .debug_aranges
                0x00000be8       0x28 Drivers\CMSIS\system_stm32f4xx.o
 .debug_aranges
                0x00000c10       0x80 Application\User\stm32f4xx_it.o
 .debug_aranges
                0x00000c90       0x30 Application\User\stm32f4xx_hal_timebase_TIM.o
 .debug_aranges
                0x00000cc0       0x30 Application\User\stm32f4xx_hal_msp.o
 .debug_aranges
                0x00000cf0       0x90 Application\User\main.o
 .debug_aranges
                0x00000d80       0x28 Application\TrueSTUDIO\startup_stm32f407xx.o

.debug_ranges   0x00000000     0x10e0
 .debug_ranges  0x00000000      0x200 Middlewares\FreeRTOS\tasks.o
 .debug_ranges  0x00000200       0xc0 Middlewares\FreeRTOS\queue.o
 .debug_ranges  0x000002c0       0x70 Middlewares\FreeRTOS\port.o
 .debug_ranges  0x00000330       0x30 Middlewares\FreeRTOS\list.o
 .debug_ranges  0x00000360       0x38 Middlewares\FreeRTOS\heap_4.o
 .debug_ranges  0x00000398      0x168 Middlewares\FreeRTOS\cmsis_os.o
 .debug_ranges  0x00000500      0x128 Drivers\STM32F4xx_HAL_Driver\stm32f4xx_hal_uart.o
 .debug_ranges  0x00000628       0xe0 Drivers\STM32F4xx_HAL_Driver\stm32f4xx_hal_tim_ex.o
 .debug_ranges  0x00000708      0x330 Drivers\STM32F4xx_HAL_Driver\stm32f4xx_hal_tim.o
 .debug_ranges  0x00000a38      0x150 Drivers\STM32F4xx_HAL_Driver\stm32f4xx_hal_rcc.o
 .debug_ranges  0x00000b88       0x70 Drivers\STM32F4xx_HAL_Driver\stm32f4xx_hal_gpio.o
 .debug_ranges  0x00000bf8       0xa8 Drivers\STM32F4xx_HAL_Driver\stm32f4xx_hal_dma.o
 .debug_ranges  0x00000ca0      0x148 Drivers\STM32F4xx_HAL_Driver\stm32f4xx_hal_cortex.o
 .debug_ranges  0x00000de8       0xa8 Drivers\STM32F4xx_HAL_Driver\stm32f4xx_hal.o
 .debug_ranges  0x00000e90       0x18 Drivers\CMSIS\system_stm32f4xx.o
 .debug_ranges  0x00000ea8       0x70 Application\User\stm32f4xx_it.o
 .debug_ranges  0x00000f18       0x40 Application\User\stm32f4xx_hal_timebase_TIM.o
 .debug_ranges  0x00000f58       0x80 Application\User\stm32f4xx_hal_msp.o
 .debug_ranges  0x00000fd8       0xe8 Application\User\main.o
 .debug_ranges  0x000010c0       0x20 Application\TrueSTUDIO\startup_stm32f407xx.o

.debug_line     0x00000000     0x6d4b
 .debug_line    0x00000000      0xbcd Middlewares\FreeRTOS\tasks.o
 .debug_line    0x00000bcd      0x755 Middlewares\FreeRTOS\queue.o
 .debug_line    0x00001322      0x351 Middlewares\FreeRTOS\port.o
 .debug_line    0x00001673      0x25b Middlewares\FreeRTOS\list.o
 .debug_line    0x000018ce      0x384 Middlewares\FreeRTOS\heap_4.o
 .debug_line    0x00001c52      0x7ac Middlewares\FreeRTOS\cmsis_os.o
 .debug_line    0x000023fe      0x9d2 Drivers\STM32F4xx_HAL_Driver\stm32f4xx_hal_uart.o
 .debug_line    0x00002dd0      0x638 Drivers\STM32F4xx_HAL_Driver\stm32f4xx_hal_tim_ex.o
 .debug_line    0x00003408     0x109f Drivers\STM32F4xx_HAL_Driver\stm32f4xx_hal_tim.o
 .debug_line    0x000044a7      0x586 Drivers\STM32F4xx_HAL_Driver\stm32f4xx_hal_rcc.o
 .debug_line    0x00004a2d      0x3e2 Drivers\STM32F4xx_HAL_Driver\stm32f4xx_hal_gpio.o
 .debug_line    0x00004e0f      0x551 Drivers\STM32F4xx_HAL_Driver\stm32f4xx_hal_dma.o
 .debug_line    0x00005360      0x40a Drivers\STM32F4xx_HAL_Driver\stm32f4xx_hal_cortex.o
 .debug_line    0x0000576a      0x3c3 Drivers\STM32F4xx_HAL_Driver\stm32f4xx_hal.o
 .debug_line    0x00005b2d      0x204 Drivers\CMSIS\system_stm32f4xx.o
 .debug_line    0x00005d31      0x31f Application\User\stm32f4xx_it.o
 .debug_line    0x00006050      0x288 Application\User\stm32f4xx_hal_timebase_TIM.o
 .debug_line    0x000062d8      0x33f Application\User\stm32f4xx_hal_msp.o
 .debug_line    0x00006617      0x680 Application\User\main.o
 .debug_line    0x00006c97       0xb4 Application\TrueSTUDIO\startup_stm32f407xx.o

.debug_str      0x00000000     0x521c
 .debug_str     0x00000000      0xf3c Middlewares\FreeRTOS\tasks.o
                                0xfea (size before relaxing)
 .debug_str     0x00000f3c      0x410 Middlewares\FreeRTOS\queue.o
                                0x928 (size before relaxing)
 .debug_str     0x0000134c      0x1a2 Middlewares\FreeRTOS\port.o
                                0x4d7 (size before relaxing)
 .debug_str     0x000014ee       0x79 Middlewares\FreeRTOS\list.o
                                0x34d (size before relaxing)
 .debug_str     0x00001567      0x1e7 Middlewares\FreeRTOS\heap_4.o
                                0x436 (size before relaxing)
 .debug_str     0x0000174e      0x75b Middlewares\FreeRTOS\cmsis_os.o
                                0xd08 (size before relaxing)
 .debug_str     0x00001ea9      0x7e9 Drivers\STM32F4xx_HAL_Driver\stm32f4xx_hal_uart.o
                                0xa72 (size before relaxing)
 .debug_str     0x00002692      0x700 Drivers\STM32F4xx_HAL_Driver\stm32f4xx_hal_tim_ex.o
                                0xbc9 (size before relaxing)
 .debug_str     0x00002d92      0x9a1 Drivers\STM32F4xx_HAL_Driver\stm32f4xx_hal_tim.o
                               0x117a (size before relaxing)
 .debug_str     0x00003733      0x446 Drivers\STM32F4xx_HAL_Driver\stm32f4xx_hal_rcc.o
                                0x71b (size before relaxing)
 .debug_str     0x00003b79      0x16c Drivers\STM32F4xx_HAL_Driver\stm32f4xx_hal_gpio.o
                                0x54f (size before relaxing)
 .debug_str     0x00003ce5      0x2e4 Drivers\STM32F4xx_HAL_Driver\stm32f4xx_hal_dma.o
                                0x7e5 (size before relaxing)
 .debug_str     0x00003fc9      0x8df Drivers\STM32F4xx_HAL_Driver\stm32f4xx_hal_cortex.o
                                0xc47 (size before relaxing)
 .debug_str     0x000048a8      0x1e5 Drivers\STM32F4xx_HAL_Driver\stm32f4xx_hal.o
                                0xae7 (size before relaxing)
 .debug_str     0x00004a8d       0x7a Drivers\CMSIS\system_stm32f4xx.o
                                0x400 (size before relaxing)
 .debug_str     0x00004b07      0x18e Application\User\stm32f4xx_it.o
                                0x7c7 (size before relaxing)
 .debug_str     0x00004c95       0x61 Application\User\stm32f4xx_hal_timebase_TIM.o
                                0xdac (size before relaxing)
 .debug_str     0x00004cf6       0x5f Application\User\stm32f4xx_hal_msp.o
                                0xdb1 (size before relaxing)
 .debug_str     0x00004d55      0x4c7 Application\User\main.o
                               0x1850 (size before relaxing)

.comment        0x00000000       0x7e
 .comment       0x00000000       0x7e Middlewares\FreeRTOS\tasks.o
                                 0x7f (size before relaxing)
 .comment       0x0000007e       0x7f Middlewares\FreeRTOS\queue.o
 .comment       0x0000007e       0x7f Middlewares\FreeRTOS\port.o
 .comment       0x0000007e       0x7f Middlewares\FreeRTOS\list.o
 .comment       0x0000007e       0x7f Middlewares\FreeRTOS\heap_4.o
 .comment       0x0000007e       0x7f Middlewares\FreeRTOS\cmsis_os.o
 .comment       0x0000007e       0x7f Drivers\STM32F4xx_HAL_Driver\stm32f4xx_hal_uart.o
 .comment       0x0000007e       0x7f Drivers\STM32F4xx_HAL_Driver\stm32f4xx_hal_tim_ex.o
 .comment       0x0000007e       0x7f Drivers\STM32F4xx_HAL_Driver\stm32f4xx_hal_tim.o
 .comment       0x0000007e       0x7f Drivers\STM32F4xx_HAL_Driver\stm32f4xx_hal_rcc.o
 .comment       0x0000007e       0x7f Drivers\STM32F4xx_HAL_Driver\stm32f4xx_hal_gpio.o
 .comment       0x0000007e       0x7f Drivers\STM32F4xx_HAL_Driver\stm32f4xx_hal_dma.o
 .comment       0x0000007e       0x7f Drivers\STM32F4xx_HAL_Driver\stm32f4xx_hal_cortex.o
 .comment       0x0000007e       0x7f Drivers\STM32F4xx_HAL_Driver\stm32f4xx_hal.o
 .comment       0x0000007e       0x7f Drivers\CMSIS\system_stm32f4xx.o
 .comment       0x0000007e       0x7f Application\User\stm32f4xx_it.o
 .comment       0x0000007e       0x7f Application\User\stm32f4xx_hal_timebase_TIM.o
 .comment       0x0000007e       0x7f Application\User\stm32f4xx_hal_msp.o
 .comment       0x0000007e       0x7f Application\User\main.o

.debug_frame    0x00000000     0x2e64
 .debug_frame   0x00000000      0x558 Middlewares\FreeRTOS\tasks.o
 .debug_frame   0x00000558      0x270 Middlewares\FreeRTOS\queue.o
 .debug_frame   0x000007c8       0xf0 Middlewares\FreeRTOS\port.o
 .debug_frame   0x000008b8       0x6c Middlewares\FreeRTOS\list.o
 .debug_frame   0x00000924       0x98 Middlewares\FreeRTOS\heap_4.o
 .debug_frame   0x000009bc      0x460 Middlewares\FreeRTOS\cmsis_os.o
 .debug_frame   0x00000e1c      0x374 Drivers\STM32F4xx_HAL_Driver\stm32f4xx_hal_uart.o
 .debug_frame   0x00001190      0x334 Drivers\STM32F4xx_HAL_Driver\stm32f4xx_hal_tim_ex.o
 .debug_frame   0x000014c4      0x854 Drivers\STM32F4xx_HAL_Driver\stm32f4xx_hal_tim.o
 .debug_frame   0x00001d18      0x138 Drivers\STM32F4xx_HAL_Driver\stm32f4xx_hal_rcc.o
 .debug_frame   0x00001e50       0xd4 Drivers\STM32F4xx_HAL_Driver\stm32f4xx_hal_gpio.o
 .debug_frame   0x00001f24      0x150 Drivers\STM32F4xx_HAL_Driver\stm32f4xx_hal_dma.o
 .debug_frame   0x00002074      0x130 Drivers\STM32F4xx_HAL_Driver\stm32f4xx_hal_cortex.o
 .debug_frame   0x000021a4      0x184 Drivers\STM32F4xx_HAL_Driver\stm32f4xx_hal.o
 .debug_frame   0x00002328       0x30 Drivers\CMSIS\system_stm32f4xx.o
 .debug_frame   0x00002358       0xf0 Application\User\stm32f4xx_it.o
 .debug_frame   0x00002448       0x50 Application\User\stm32f4xx_hal_timebase_TIM.o
 .debug_frame   0x00002498       0x78 Application\User\stm32f4xx_hal_msp.o
 .debug_frame   0x00002510      0x1e4 Application\User\main.o
 .debug_frame   0x000026f4       0x2c c:/program files (x86)/atollic/truestudio for arm 5.5.2/armtools/bin/../lib/gcc/arm-atollic-eabi/5.3.1/../../../../arm-atollic-eabi/lib/armv7e-m/fpu\libc.a(lib_a-init.o)
 .debug_frame   0x00002720       0x28 c:/program files (x86)/atollic/truestudio for arm 5.5.2/armtools/bin/../lib/gcc/arm-atollic-eabi/5.3.1/../../../../arm-atollic-eabi/lib/armv7e-m/fpu\libc.a(lib_a-memcpy-stub.o)
 .debug_frame   0x00002748       0x20 c:/program files (x86)/atollic/truestudio for arm 5.5.2/armtools/bin/../lib/gcc/arm-atollic-eabi/5.3.1/../../../../arm-atollic-eabi/lib/armv7e-m/fpu\libc.a(lib_a-memset.o)
 .debug_frame   0x00002768       0x70 c:/program files (x86)/atollic/truestudio for arm 5.5.2/armtools/bin/../lib/gcc/arm-atollic-eabi/5.3.1/../../../../arm-atollic-eabi/lib/armv7e-m/fpu\libc.a(lib_a-sprintf.o)
 .debug_frame   0x000027d8       0x40 c:/program files (x86)/atollic/truestudio for arm 5.5.2/armtools/bin/../lib/gcc/arm-atollic-eabi/5.3.1/../../../../arm-atollic-eabi/lib/armv7e-m/fpu\libc.a(lib_a-svfprintf.o)
 .debug_frame   0x00002818       0x6c c:/program files (x86)/atollic/truestudio for arm 5.5.2/armtools/bin/../lib/gcc/arm-atollic-eabi/5.3.1/../../../../arm-atollic-eabi/lib/armv7e-m/fpu\libc.a(lib_a-dtoa.o)
 .debug_frame   0x00002884       0x98 c:/program files (x86)/atollic/truestudio for arm 5.5.2/armtools/bin/../lib/gcc/arm-atollic-eabi/5.3.1/../../../../arm-atollic-eabi/lib/armv7e-m/fpu\libc.a(lib_a-locale.o)
 .debug_frame   0x0000291c       0x30 c:/program files (x86)/atollic/truestudio for arm 5.5.2/armtools/bin/../lib/gcc/arm-atollic-eabi/5.3.1/../../../../arm-atollic-eabi/lib/armv7e-m/fpu\libc.a(lib_a-malloc.o)
 .debug_frame   0x0000294c       0x40 c:/program files (x86)/atollic/truestudio for arm 5.5.2/armtools/bin/../lib/gcc/arm-atollic-eabi/5.3.1/../../../../arm-atollic-eabi/lib/armv7e-m/fpu\libc.a(lib_a-mallocr.o)
 .debug_frame   0x0000298c       0x30 c:/program files (x86)/atollic/truestudio for arm 5.5.2/armtools/bin/../lib/gcc/arm-atollic-eabi/5.3.1/../../../../arm-atollic-eabi/lib/armv7e-m/fpu\libc.a(lib_a-mlock.o)
 .debug_frame   0x000029bc      0x238 c:/program files (x86)/atollic/truestudio for arm 5.5.2/armtools/bin/../lib/gcc/arm-atollic-eabi/5.3.1/../../../../arm-atollic-eabi/lib/armv7e-m/fpu\libc.a(lib_a-mprec.o)
 .debug_frame   0x00002bf4       0x2c c:/program files (x86)/atollic/truestudio for arm 5.5.2/armtools/bin/../lib/gcc/arm-atollic-eabi/5.3.1/../../../../arm-atollic-eabi/lib/armv7e-m/fpu\libc.a(lib_a-sbrkr.o)
 .debug_frame   0x00002c20       0x6c c:/program files (x86)/atollic/truestudio for arm 5.5.2/armtools/bin/../lib/gcc/arm-atollic-eabi/5.3.1/../../../../arm-atollic-eabi/lib/armv7e-m/fpu\libc.a(lib_a-svfiprintf.o)
 .debug_frame   0x00002c8c       0x28 c:/program files (x86)/atollic/truestudio for arm 5.5.2/armtools/bin/../lib/gcc/arm-atollic-eabi/5.3.1/../../../../arm-atollic-eabi/lib/armv7e-m/fpu\libc.a(lib_a-callocr.o)
 .debug_frame   0x00002cb4       0x60 c:/program files (x86)/atollic/truestudio for arm 5.5.2/armtools/bin/../lib/gcc/arm-atollic-eabi/5.3.1/../../../../arm-atollic-eabi/lib/armv7e-m/fpu\libc.a(lib_a-freer.o)
 .debug_frame   0x00002d14       0x28 c:/program files (x86)/atollic/truestudio for arm 5.5.2/armtools/bin/../lib/gcc/arm-atollic-eabi/5.3.1/../../../../arm-atollic-eabi/lib/armv7e-m/fpu\libc.a(lib_a-memmove.o)
 .debug_frame   0x00002d3c       0x4c c:/program files (x86)/atollic/truestudio for arm 5.5.2/armtools/bin/../lib/gcc/arm-atollic-eabi/5.3.1/../../../../arm-atollic-eabi/lib/armv7e-m/fpu\libc.a(lib_a-reallocr.o)
 .debug_frame   0x00002d88       0x5c c:/program files (x86)/atollic/truestudio for arm 5.5.2/armtools/bin/../lib/gcc/arm-atollic-eabi/5.3.1/../../../../arm-atollic-eabi/lib/armv7e-m/fpu\libc.a(lib_a-reent.o)
 .debug_frame   0x00002de4       0x2c c:/program files (x86)/atollic/truestudio for arm 5.5.2/armtools/bin/../lib/gcc/arm-atollic-eabi/5.3.1/armv7e-m/fpu\libgcc.a(_aeabi_uldivmod.o)
 .debug_frame   0x00002e10       0x34 c:/program files (x86)/atollic/truestudio for arm 5.5.2/armtools/bin/../lib/gcc/arm-atollic-eabi/5.3.1/armv7e-m/fpu\libgcc.a(_udivmoddi4.o)
 .debug_frame   0x00002e44       0x20 c:/program files (x86)/atollic/truestudio for arm 5.5.2/armtools/bin/../lib/gcc/arm-atollic-eabi/5.3.1/../../../../arm-atollic-eabi/lib/armv7e-m/fpu\libnosys.a(sbrk.o)

Cross Reference Table

Symbol                                            File
ADC_IRQHandler                                    Application\TrueSTUDIO\startup_stm32f407xx.o
AHBPrescTable                                     Drivers\CMSIS\system_stm32f4xx.o
APBAHBPrescTable                                  Drivers\STM32F4xx_HAL_Driver\stm32f4xx_hal_rcc.o
BusFault_Handler                                  Application\User\stm32f4xx_it.o
CAN1_RX0_IRQHandler                               Application\TrueSTUDIO\startup_stm32f407xx.o
CAN1_RX1_IRQHandler                               Application\TrueSTUDIO\startup_stm32f407xx.o
CAN1_SCE_IRQHandler                               Application\TrueSTUDIO\startup_stm32f407xx.o
CAN1_TX_IRQHandler                                Application\TrueSTUDIO\startup_stm32f407xx.o
CAN2_RX0_IRQHandler                               Application\TrueSTUDIO\startup_stm32f407xx.o
CAN2_RX1_IRQHandler                               Application\TrueSTUDIO\startup_stm32f407xx.o
CAN2_SCE_IRQHandler                               Application\TrueSTUDIO\startup_stm32f407xx.o
CAN2_TX_IRQHandler                                Application\TrueSTUDIO\startup_stm32f407xx.o
CombineM1Handle                                   Application\User\main.o
CombineM2Handle                                   Application\User\main.o
CombineiNemoHandle                                Application\User\main.o
Current_Command                                   Application\User\main.o
DCMI_IRQHandler                                   Application\TrueSTUDIO\startup_stm32f407xx.o
DMA1_Stream0_IRQHandler                           Application\TrueSTUDIO\startup_stm32f407xx.o
DMA1_Stream1_IRQHandler                           Application\User\stm32f4xx_it.o
DMA1_Stream2_IRQHandler                           Application\TrueSTUDIO\startup_stm32f407xx.o
DMA1_Stream3_IRQHandler                           Application\User\stm32f4xx_it.o
DMA1_Stream4_IRQHandler                           Application\TrueSTUDIO\startup_stm32f407xx.o
DMA1_Stream5_IRQHandler                           Application\User\stm32f4xx_it.o
DMA1_Stream6_IRQHandler                           Application\User\stm32f4xx_it.o
DMA1_Stream7_IRQHandler                           Application\TrueSTUDIO\startup_stm32f407xx.o
DMA2_Stream0_IRQHandler                           Application\TrueSTUDIO\startup_stm32f407xx.o
DMA2_Stream1_IRQHandler                           Application\User\stm32f4xx_it.o
DMA2_Stream2_IRQHandler                           Application\TrueSTUDIO\startup_stm32f407xx.o
DMA2_Stream3_IRQHandler                           Application\TrueSTUDIO\startup_stm32f407xx.o
DMA2_Stream4_IRQHandler                           Application\TrueSTUDIO\startup_stm32f407xx.o
DMA2_Stream5_IRQHandler                           Application\TrueSTUDIO\startup_stm32f407xx.o
DMA2_Stream6_IRQHandler                           Application\User\stm32f4xx_it.o
DMA2_Stream7_IRQHandler                           Application\TrueSTUDIO\startup_stm32f407xx.o
DebugMon_Handler                                  Application\User\stm32f4xx_it.o
Default_Handler                                   Application\TrueSTUDIO\startup_stm32f407xx.o
Disable_Bridge                                    Application\User\main.o
ETH_IRQHandler                                    Application\TrueSTUDIO\startup_stm32f407xx.o
ETH_WKUP_IRQHandler                               Application\TrueSTUDIO\startup_stm32f407xx.o
EXTI0_IRQHandler                                  Application\TrueSTUDIO\startup_stm32f407xx.o
EXTI15_10_IRQHandler                              Application\TrueSTUDIO\startup_stm32f407xx.o
EXTI1_IRQHandler                                  Application\TrueSTUDIO\startup_stm32f407xx.o
EXTI2_IRQHandler                                  Application\TrueSTUDIO\startup_stm32f407xx.o
EXTI3_IRQHandler                                  Application\TrueSTUDIO\startup_stm32f407xx.o
EXTI4_IRQHandler                                  Application\TrueSTUDIO\startup_stm32f407xx.o