Archive member included to satisfy reference by file (symbol)

c:/program files (x86)/atollic/truestudio for arm 5.5.2/armtools/bin/../lib/gcc/arm-atollic-eabi/5.3.1/../../../../arm-atollic-eabi/lib/armv7e-m/fpu\libc.a(lib_a-init.o)
                              Application\TrueSTUDIO\startup_stm32f407xx.o (__libc_init_array)
c:/program files (x86)/atollic/truestudio for arm 5.5.2/armtools/bin/../lib/gcc/arm-atollic-eabi/5.3.1/../../../../arm-atollic-eabi/lib/armv7e-m/fpu\libc.a(lib_a-memcpy-stub.o)
                              Middlewares\FreeRTOS\queue.o (memcpy)
c:/program files (x86)/atollic/truestudio for arm 5.5.2/armtools/bin/../lib/gcc/arm-atollic-eabi/5.3.1/../../../../arm-atollic-eabi/lib/armv7e-m/fpu\libc.a(lib_a-memset.o)
                              Middlewares\FreeRTOS\tasks.o (memset)

Allocating common symbols
Common symbol       size              file

defaultTaskHandle   0x4               Application\User\main.o
hdma_usart2_rx      0x60              Application\User\main.o
TXBoxM2Handle       0x4               Application\User\main.o
TXBufM1             0xe               Application\User\main.o
hdma_usart6_rx      0x60              Application\User\main.o
TXMotor2Handle      0x4               Application\User\main.o
TXBufM2             0xe               Application\User\main.o
rptr                0x4               Application\User\main.o
Current_Command     0xe               Application\User\main.o
hdma_usart3_rx      0x60              Application\User\main.o
huart3              0x40              Application\User\main.o
RXBoxM1Handle       0x4               Application\User\main.o
RXBoxiNemoHandle    0x4               Application\User\main.o
Read_Current        0x8               Application\User\main.o
uwTick              0x4               Drivers\STM32F4xx_HAL_Driver\stm32f4xx_hal.o
xQueueRegistry      0x40              Middlewares\FreeRTOS\queue.o
Disable_Bridge      0xc               Application\User\main.o
hdma_usart3_tx      0x60              Application\User\main.o
pFlash              0x20              Drivers\STM32F4xx_HAL_Driver\stm32f4xx_hal_flash.o
RXBufM1             0xe               Application\User\main.o
TXMotor1Handle      0x4               Application\User\main.o
TXBoxHandle         0x4               Application\User\main.o
hdma_usart1_tx      0x60              Application\User\main.o
hdma_usart6_tx      0x60              Application\User\main.o
hdma_usart1_rx      0x60              Application\User\main.o
hdma_usart2_tx      0x60              Application\User\main.o
Enable_Bridge       0xc               Application\User\main.o
mpool               0x4               Application\User\main.o
huart1              0x40              Application\User\main.o
MB                  0x2               Application\User\main.o
CombineM2Handle     0x4               Application\User\main.o
Read_Position       0x8               Application\User\main.o
Read_Velocity       0x8               Application\User\main.o
MW                  0x2               Application\User\main.o
TXBoxM1Handle       0x4               Application\User\main.o
mptr                0x4               Application\User\main.o
RXiNemoHandle       0x4               Application\User\main.o
htim1               0x3c              Application\User\stm32f4xx_hal_timebase_TIM.o
TXPCHandle          0x4               Application\User\main.o
RXMotor2Handle      0x4               Application\User\main.o
RXBoxM2Handle       0x4               Application\User\main.o
CombineiNemoHandle  0x4               Application\User\main.o
RXMotor1Handle      0x4               Application\User\main.o
Position_Command    0xe               Application\User\main.o
huart6              0x40              Application\User\main.o
Write_Access        0xc               Application\User\main.o
RXBuf               0xa               Application\User\main.o
RXBufM2             0xe               Application\User\main.o
huart2              0x40              Application\User\main.o
TXBuf               0xa               Application\User\main.o
RXPCHandle          0x4               Application\User\main.o
CombineM1Handle     0x4               Application\User\main.o

Discarded input sections

 .text          0x00000000        0x0 c:/program files (x86)/atollic/truestudio for arm 5.5.2/armtools/bin/../lib/gcc/arm-atollic-eabi/5.3.1/armv7e-m/fpu/crti.o
 .data          0x00000000        0x0 c:/program files (x86)/atollic/truestudio for arm 5.5.2/armtools/bin/../lib/gcc/arm-atollic-eabi/5.3.1/armv7e-m/fpu/crti.o
 .bss           0x00000000        0x0 c:/program files (x86)/atollic/truestudio for arm 5.5.2/armtools/bin/../lib/gcc/arm-atollic-eabi/5.3.1/armv7e-m/fpu/crti.o
 .data          0x00000000        0x4 c:/program files (x86)/atollic/truestudio for arm 5.5.2/armtools/bin/../lib/gcc/arm-atollic-eabi/5.3.1/armv7e-m/fpu/crtbegin.o
 .text          0x00000000        0x0 Middlewares\FreeRTOS\timers.o
[...]
Memory Configuration

Name             Origin             Length             Attributes
FLASH            0x08000000         0x00100000         xr
RAM              0x20000000         0x00020000         xrw
CCMRAM           0x10000000         0x00010000         rw
*default*        0x00000000         0xffffffff

Linker script and memory map

LOAD c:/program files (x86)/atollic/truestudio for arm 5.5.2/armtools/bin/../lib/gcc/arm-atollic-eabi/5.3.1/armv7e-m/fpu/crti.o
LOAD c:/program files (x86)/atollic/truestudio for arm 5.5.2/armtools/bin/../lib/gcc/arm-atollic-eabi/5.3.1/armv7e-m/fpu/crtbegin.o
LOAD Middlewares\FreeRTOS\timers.o
LOAD Middlewares\FreeRTOS\tasks.o
LOAD Middlewares\FreeRTOS\queue.o
LOAD Middlewares\FreeRTOS\port.o
LOAD Middlewares\FreeRTOS\list.o
LOAD Middlewares\FreeRTOS\heap_4.o
LOAD Middlewares\FreeRTOS\event_groups.o
LOAD Middlewares\FreeRTOS\croutine.o
LOAD Middlewares\FreeRTOS\cmsis_os.o
LOAD Drivers\STM32F4xx_HAL_Driver\stm32f4xx_hal_uart.o
LOAD Drivers\STM32F4xx_HAL_Driver\stm32f4xx_hal_tim_ex.o
LOAD Drivers\STM32F4xx_HAL_Driver\stm32f4xx_hal_tim.o
LOAD Drivers\STM32F4xx_HAL_Driver\stm32f4xx_hal_rcc_ex.o
LOAD Drivers\STM32F4xx_HAL_Driver\stm32f4xx_hal_rcc.o
LOAD Drivers\STM32F4xx_HAL_Driver\stm32f4xx_hal_pwr_ex.o
LOAD Drivers\STM32F4xx_HAL_Driver\stm32f4xx_hal_pwr.o
LOAD Drivers\STM32F4xx_HAL_Driver\stm32f4xx_hal_gpio.o
LOAD Drivers\STM32F4xx_HAL_Driver\stm32f4xx_hal_flash_ramfunc.o
LOAD Drivers\STM32F4xx_HAL_Driver\stm32f4xx_hal_flash_ex.o
LOAD Drivers\STM32F4xx_HAL_Driver\stm32f4xx_hal_flash.o
LOAD Drivers\STM32F4xx_HAL_Driver\stm32f4xx_hal_dma_ex.o
LOAD Drivers\STM32F4xx_HAL_Driver\stm32f4xx_hal_dma.o
LOAD Drivers\STM32F4xx_HAL_Driver\stm32f4xx_hal_cortex.o
LOAD Drivers\STM32F4xx_HAL_Driver\stm32f4xx_hal.o
LOAD Drivers\CMSIS\system_stm32f4xx.o
LOAD Application\User\stm32f4xx_it.o
LOAD Application\User\stm32f4xx_hal_timebase_TIM.o
LOAD Application\User\stm32f4xx_hal_msp.o
LOAD Application\User\main.o
LOAD Application\User\freertos.o
LOAD Application\TrueSTUDIO\startup_stm32f407xx.o
START GROUP
LOAD c:/program files (x86)/atollic/truestudio for arm 5.5.2/armtools/bin/../lib/gcc/arm-atollic-eabi/5.3.1/../../../../arm-atollic-eabi/lib/armv7e-m/fpu\libc.a
LOAD c:/program files (x86)/atollic/truestudio for arm 5.5.2/armtools/bin/../lib/gcc/arm-atollic-eabi/5.3.1/../../../../arm-atollic-eabi/lib/armv7e-m/fpu\libm.a
END GROUP
                0x00000080                malloc_getpagesize_P = 0x80
START GROUP
LOAD c:/program files (x86)/atollic/truestudio for arm 5.5.2/armtools/bin/../lib/gcc/arm-atollic-eabi/5.3.1/armv7e-m/fpu\libgcc.a
LOAD c:/program files (x86)/atollic/truestudio for arm 5.5.2/armtools/bin/../lib/gcc/arm-atollic-eabi/5.3.1/../../../../arm-atollic-eabi/lib/armv7e-m/fpu\libc.a
END GROUP
START GROUP
LOAD c:/program files (x86)/atollic/truestudio for arm 5.5.2/armtools/bin/../lib/gcc/arm-atollic-eabi/5.3.1/armv7e-m/fpu\libgcc.a
LOAD c:/program files (x86)/atollic/truestudio for arm 5.5.2/armtools/bin/../lib/gcc/arm-atollic-eabi/5.3.1/../../../../arm-atollic-eabi/lib/armv7e-m/fpu\libc.a
LOAD c:/program files (x86)/atollic/truestudio for arm 5.5.2/armtools/bin/../lib/gcc/arm-atollic-eabi/5.3.1/../../../../arm-atollic-eabi/lib/armv7e-m/fpu\libnosys.a
END GROUP
LOAD c:/program files (x86)/atollic/truestudio for arm 5.5.2/armtools/bin/../lib/gcc/arm-atollic-eabi/5.3.1/armv7e-m/fpu/crtend.o
LOAD c:/program files (x86)/atollic/truestudio for arm 5.5.2/armtools/bin/../lib/gcc/arm-atollic-eabi/5.3.1/armv7e-m/fpu/crtn.o
                0x20020000                _estack = 0x20020000
                0x00000200                _Min_Heap_Size = 0x200
                0x00000400                _Min_Stack_Size = 0x400

.isr_vector     0x08000000      0x188
                0x08000000                . = ALIGN (0x4)
 *(.isr_vector)
 .isr_vector    0x08000000      0x188 Application\TrueSTUDIO\startup_stm32f407xx.o
                0x08000000                g_pfnVectors
                0x08000188                . = ALIGN (0x4)

.text           0x08000188     0x2fa8
                0x08000188                . = ALIGN (0x4)
 *(.text)
 .text          0x08000188       0x40 c:/program files (x86)/atollic/truestudio for arm 5.5.2/armtools/bin/../lib/gcc/arm-atollic-eabi/5.3.1/armv7e-m/fpu/crtbegin.o
 *(.text*)
 .text.prvResetNextTaskUnblockTime
                0x080001c8       0x24 Middlewares\FreeRTOS\tasks.o
 .text.prvAddCurrentTaskToDelayedList
                0x080001ec       0x50 Middlewares\FreeRTOS\tasks.o
 .text.xTaskGenericCreate.part.5
                0x0800023c      0x1c4 Middlewares\FreeRTOS\tasks.o
 .text.xTaskGenericCreate
                0x08000400       0x3c Middlewares\FreeRTOS\tasks.o
                0x08000400                xTaskGenericCreate
 .text.vTaskStartScheduler
                0x0800043c       0x70 Middlewares\FreeRTOS\tasks.o
                0x0800043c                vTaskStartScheduler
 .text.vTaskSuspendAll
                0x080004ac       0x10 Middlewares\FreeRTOS\tasks.o
                0x080004ac                vTaskSuspendAll
 .text.xTaskIncrementTick
                0x080004bc      0x130 Middlewares\FreeRTOS\tasks.o
                0x080004bc                xTaskIncrementTick
 .text.xTaskResumeAll
                0x080005ec       0xec Middlewares\FreeRTOS\tasks.o
                0x080005ec                xTaskResumeAll
 .text.vTaskDelay
                0x080006d8       0x7c Middlewares\FreeRTOS\tasks.o
                0x080006d8                vTaskDelay
 .text.prvIdleTask
                0x08000754       0x78 Middlewares\FreeRTOS\tasks.o
 .text.vTaskSwitchContext
                0x080007cc       0x74 Middlewares\FreeRTOS\tasks.o
                0x080007cc                vTaskSwitchContext
 .text.xTaskRemoveFromEventList
                0x08000840       0x84 Middlewares\FreeRTOS\tasks.o
                0x08000840                xTaskRemoveFromEventList
 .text.xTaskGetSchedulerState
                0x080008c4       0x20 Middlewares\FreeRTOS\tasks.o
                0x080008c4                xTaskGetSchedulerState
 .text.xQueueGenericReset
                0x080008e4       0x80 Middlewares\FreeRTOS\queue.o
                0x080008e4                xQueueGenericReset
 .text.xQueueGenericCreate
                0x08000964       0x64 Middlewares\FreeRTOS\queue.o
                0x08000964                xQueueGenericCreate
 .text.prvTaskExitError
                0x080009c8       0x30 Middlewares\FreeRTOS\port.o
 .text.prvPortStartFirstTask
                0x080009f8       0x20 Middlewares\FreeRTOS\port.o
 .text.vPortEnableVFP
                0x08000a18       0x14 Middlewares\FreeRTOS\port.o
 .text.pxPortInitialiseStack
                0x08000a2c       0x24 Middlewares\FreeRTOS\port.o
                0x08000a2c                pxPortInitialiseStack
 .text.SVC_Handler
                0x08000a50       0x20 Middlewares\FreeRTOS\port.o
                0x08000a50                SVC_Handler
 .text.vPortEnterCritical
                0x08000a70       0x44 Middlewares\FreeRTOS\port.o
                0x08000a70                vPortEnterCritical
 .text.vPortExitCritical
                0x08000ab4       0x28 Middlewares\FreeRTOS\port.o
                0x08000ab4                vPortExitCritical
 .text.PendSV_Handler
                0x08000adc       0x60 Middlewares\FreeRTOS\port.o
                0x08000adc                PendSV_Handler
 .text.xPortSysTickHandler
                0x08000b3c       0x30 Middlewares\FreeRTOS\port.o
                0x08000b3c                xPortSysTickHandler
 .text.vPortSetupTimerInterrupt
                0x08000b6c       0x28 Middlewares\FreeRTOS\port.o
                0x08000b6c                vPortSetupTimerInterrupt
 .text.xPortStartScheduler
                0x08000b94       0xec Middlewares\FreeRTOS\port.o
                0x08000b94                xPortStartScheduler
 .text.vListInitialise
                0x08000c80       0x16 Middlewares\FreeRTOS\list.o
                0x08000c80                vListInitialise
 .text.vListInitialiseItem
                0x08000c96        0x6 Middlewares\FreeRTOS\list.o
                0x08000c96                vListInitialiseItem
 .text.vListInsertEnd
                0x08000c9c       0x18 Middlewares\FreeRTOS\list.o
                0x08000c9c                vListInsertEnd
 .text.vListInsert
                0x08000cb4       0x30 Middlewares\FreeRTOS\list.o
                0x08000cb4                vListInsert
 .text.uxListRemove
                0x08000ce4       0x20 Middlewares\FreeRTOS\list.o
                0x08000ce4                uxListRemove
 .text.unlikely.prvInsertBlockIntoFreeList
                0x08000d04       0x48 Middlewares\FreeRTOS\heap_4.o
 .text.pvPortMalloc
                0x08000d4c      0x124 Middlewares\FreeRTOS\heap_4.o
                0x08000d4c                pvPortMalloc
 .text.vPortFree
                0x08000e70       0x70 Middlewares\FreeRTOS\heap_4.o
                0x08000e70                vPortFree
 .text.osKernelStart
                0x08000ee0        0xa Middlewares\FreeRTOS\cmsis_os.o
                0x08000ee0                osKernelStart
 .text.osThreadCreate
                0x08000eea       0x38 Middlewares\FreeRTOS\cmsis_os.o
                0x08000eea                osThreadCreate
 .text.osDelay  0x08000f22       0x10 Middlewares\FreeRTOS\cmsis_os.o
                0x08000f22                osDelay
 .text.osMessageCreate
                0x08000f32        0x8 Middlewares\FreeRTOS\cmsis_os.o
                0x08000f32                osMessageCreate
 .text.osSystickHandler
                0x08000f3a       0x14 Middlewares\FreeRTOS\cmsis_os.o
                0x08000f3a                osSystickHandler
 .text.UART_EndRxTransfer
                0x08000f4e       0x1a Drivers\STM32F4xx_HAL_Driver\stm32f4xx_hal_uart.o
 .text.UART_SetConfig
                0x08000f68      0x23c Drivers\STM32F4xx_HAL_Driver\stm32f4xx_hal_uart.o
 .text.UART_WaitOnFlagUntilTimeout.constprop.3
                0x080011a4       0x50 Drivers\STM32F4xx_HAL_Driver\stm32f4xx_hal_uart.o
 .text.HAL_UART_Init
                0x080011f4       0x5c Drivers\STM32F4xx_HAL_Driver\stm32f4xx_hal_uart.o
                0x080011f4                HAL_UART_Init
 .text.HAL_UART_Transmit
                0x08001250       0xb6 Drivers\STM32F4xx_HAL_Driver\stm32f4xx_hal_uart.o
                0x08001250                HAL_UART_Transmit
 *fill*         0x08001306        0x2 
 .text.HAL_UART_Transmit_DMA
                0x08001308       0x74 Drivers\STM32F4xx_HAL_Driver\stm32f4xx_hal_uart.o
                0x08001308                HAL_UART_Transmit_DMA
 .text.HAL_UART_Receive_DMA
                0x0800137c       0x80 Drivers\STM32F4xx_HAL_Driver\stm32f4xx_hal_uart.o
                0x0800137c                HAL_UART_Receive_DMA
 .text.HAL_UART_DMAStop
                0x080013fc       0x5e Drivers\STM32F4xx_HAL_Driver\stm32f4xx_hal_uart.o
                0x080013fc                HAL_UART_DMAStop
 .text.HAL_UART_TxCpltCallback
                0x0800145a        0x2 Drivers\STM32F4xx_HAL_Driver\stm32f4xx_hal_uart.o
                0x0800145a                HAL_UART_TxCpltCallback
 .text.UART_DMATransmitCplt
                0x0800145c       0x2c Drivers\STM32F4xx_HAL_Driver\stm32f4xx_hal_uart.o
 .text.HAL_UART_TxHalfCpltCallback
                0x08001488        0x2 Drivers\STM32F4xx_HAL_Driver\stm32f4xx_hal_uart.o
                0x08001488                HAL_UART_TxHalfCpltCallback
 .text.UART_DMATxHalfCplt
                0x0800148a        0xa Drivers\STM32F4xx_HAL_Driver\stm32f4xx_hal_uart.o
 .text.HAL_UART_RxCpltCallback
                0x08001494        0x2 Drivers\STM32F4xx_HAL_Driver\stm32f4xx_hal_uart.o
                0x08001494                HAL_UART_RxCpltCallback
 .text.UART_DMAReceiveCplt
                0x08001496       0x38 Drivers\STM32F4xx_HAL_Driver\stm32f4xx_hal_uart.o
 .text.HAL_UART_RxHalfCpltCallback
                0x080014ce        0x2 Drivers\STM32F4xx_HAL_Driver\stm32f4xx_hal_uart.o
                0x080014ce                HAL_UART_RxHalfCpltCallback
 .text.UART_DMARxHalfCplt
                0x080014d0        0xa Drivers\STM32F4xx_HAL_Driver\stm32f4xx_hal_uart.o
 .text.HAL_UART_ErrorCallback
                0x080014da        0x2 Drivers\STM32F4xx_HAL_Driver\stm32f4xx_hal_uart.o
                0x080014da                HAL_UART_ErrorCallback
 .text.UART_DMAError
                0x080014dc       0x4e Drivers\STM32F4xx_HAL_Driver\stm32f4xx_hal_uart.o
 .text.HAL_TIMEx_CommutationCallback
                0x0800152a        0x2 Drivers\STM32F4xx_HAL_Driver\stm32f4xx_hal_tim_ex.o
                0x0800152a                HAL_TIMEx_CommutationCallback
 .text.HAL_TIMEx_BreakCallback
                0x0800152c        0x2 Drivers\STM32F4xx_HAL_Driver\stm32f4xx_hal_tim_ex.o
                0x0800152c                HAL_TIMEx_BreakCallback
 .text.HAL_TIM_Base_MspInit
                0x0800152e        0x2 Drivers\STM32F4xx_HAL_Driver\stm32f4xx_hal_tim.o
                0x0800152e                HAL_TIM_Base_MspInit
 .text.HAL_TIM_Base_Start_IT
                0x08001530       0x16 Drivers\STM32F4xx_HAL_Driver\stm32f4xx_hal_tim.o
                0x08001530                HAL_TIM_Base_Start_IT
 .text.HAL_TIM_OC_DelayElapsedCallback
                0x08001546        0x2 Drivers\STM32F4xx_HAL_Driver\stm32f4xx_hal_tim.o
                0x08001546                HAL_TIM_OC_DelayElapsedCallback
 .text.HAL_TIM_IC_CaptureCallback
                0x08001548        0x2 Drivers\STM32F4xx_HAL_Driver\stm32f4xx_hal_tim.o
                0x08001548                HAL_TIM_IC_CaptureCallback
 .text.HAL_TIM_PWM_PulseFinishedCallback
                0x0800154a        0x2 Drivers\STM32F4xx_HAL_Driver\stm32f4xx_hal_tim.o
                0x0800154a                HAL_TIM_PWM_PulseFinishedCallback
 .text.HAL_TIM_TriggerCallback
                0x0800154c        0x2 Drivers\STM32F4xx_HAL_Driver\stm32f4xx_hal_tim.o
                0x0800154c                HAL_TIM_TriggerCallback
 .text.HAL_TIM_IRQHandler
                0x0800154e      0x144 Drivers\STM32F4xx_HAL_Driver\stm32f4xx_hal_tim.o
                0x0800154e                HAL_TIM_IRQHandler
 *fill*         0x08001692        0x2 
 .text.TIM_Base_SetConfig
                0x08001694       0xc8 Drivers\STM32F4xx_HAL_Driver\stm32f4xx_hal_tim.o
                0x08001694                TIM_Base_SetConfig
 .text.HAL_TIM_Base_Init
                0x0800175c       0x34 Drivers\STM32F4xx_HAL_Driver\stm32f4xx_hal_tim.o
                0x0800175c                HAL_TIM_Base_Init
 .text.HAL_RCC_OscConfig
                0x08001790      0x2d0 Drivers\STM32F4xx_HAL_Driver\stm32f4xx_hal_rcc.o
                0x08001790                HAL_RCC_OscConfig
 .text.HAL_RCC_GetSysClockFreq
                0x08001a60       0x7c Drivers\STM32F4xx_HAL_Driver\stm32f4xx_hal_rcc.o
                0x08001a60                HAL_RCC_GetSysClockFreq
 .text.HAL_RCC_ClockConfig
                0x08001adc      0x168 Drivers\STM32F4xx_HAL_Driver\stm32f4xx_hal_rcc.o
                0x08001adc                HAL_RCC_ClockConfig
 .text.HAL_RCC_GetHCLKFreq
                0x08001c44        0xc Drivers\STM32F4xx_HAL_Driver\stm32f4xx_hal_rcc.o
                0x08001c44                HAL_RCC_GetHCLKFreq
 .text.HAL_RCC_GetPCLK1Freq
                0x08001c50       0x30 Drivers\STM32F4xx_HAL_Driver\stm32f4xx_hal_rcc.o
                0x08001c50                HAL_RCC_GetPCLK1Freq
 .text.HAL_RCC_GetPCLK2Freq
                0x08001c80       0x30 Drivers\STM32F4xx_HAL_Driver\stm32f4xx_hal_rcc.o
                0x08001c80                HAL_RCC_GetPCLK2Freq
 .text.HAL_RCC_GetClockConfig
                0x08001cb0       0x3c Drivers\STM32F4xx_HAL_Driver\stm32f4xx_hal_rcc.o
                0x08001cb0                HAL_RCC_GetClockConfig
 .text.HAL_GPIO_Init
                0x08001cec      0x1c0 Drivers\STM32F4xx_HAL_Driver\stm32f4xx_hal_gpio.o
                0x08001cec                HAL_GPIO_Init
 .text.DMA_CalcBaseAndBitshift
                0x08001eac       0x2c Drivers\STM32F4xx_HAL_Driver\stm32f4xx_hal_dma.o
 .text.HAL_DMA_Init
                0x08001ed8       0xec Drivers\STM32F4xx_HAL_Driver\stm32f4xx_hal_dma.o
                0x08001ed8                HAL_DMA_Init
 .text.HAL_DMA_Start_IT
                0x08001fc4       0x80 Drivers\STM32F4xx_HAL_Driver\stm32f4xx_hal_dma.o
                0x08001fc4                HAL_DMA_Start_IT
 .text.HAL_DMA_Abort
                0x08002044       0x86 Drivers\STM32F4xx_HAL_Driver\stm32f4xx_hal_dma.o
                0x08002044                HAL_DMA_Abort
 *fill*         0x080020ca        0x2 
 .text.HAL_DMA_IRQHandler
                0x080020cc      0x17c Drivers\STM32F4xx_HAL_Driver\stm32f4xx_hal_dma.o
                0x080020cc                HAL_DMA_IRQHandler
 .text.HAL_NVIC_SetPriorityGrouping
                0x08002248       0x24 Drivers\STM32F4xx_HAL_Driver\stm32f4xx_hal_cortex.o
                0x08002248                HAL_NVIC_SetPriorityGrouping
 .text.HAL_NVIC_SetPriority
                0x0800226c       0x68 Drivers\STM32F4xx_HAL_Driver\stm32f4xx_hal_cortex.o
                0x0800226c                HAL_NVIC_SetPriority
 .text.HAL_NVIC_EnableIRQ
                0x080022d4       0x18 Drivers\STM32F4xx_HAL_Driver\stm32f4xx_hal_cortex.o
                0x080022d4                HAL_NVIC_EnableIRQ
 .text.HAL_SYSTICK_Config
                0x080022ec       0x2c Drivers\STM32F4xx_HAL_Driver\stm32f4xx_hal_cortex.o
                0x080022ec                HAL_SYSTICK_Config
 .text.HAL_SYSTICK_CLKSourceConfig
                0x08002318       0x18 Drivers\STM32F4xx_HAL_Driver\stm32f4xx_hal_cortex.o
                0x08002318                HAL_SYSTICK_CLKSourceConfig
 .text.HAL_Init
                0x08002330       0x34 Drivers\STM32F4xx_HAL_Driver\stm32f4xx_hal.o
                0x08002330                HAL_Init
 .text.HAL_IncTick
                0x08002364       0x10 Drivers\STM32F4xx_HAL_Driver\stm32f4xx_hal.o
                0x08002364                HAL_IncTick
 .text.HAL_GetTick
                0x08002374        0xc Drivers\STM32F4xx_HAL_Driver\stm32f4xx_hal.o
                0x08002374                HAL_GetTick
 .text.SystemInit
                0x08002380       0x4c Drivers\CMSIS\system_stm32f4xx.o
                0x08002380                SystemInit
 .text.NMI_Handler
                0x080023cc        0x2 Application\User\stm32f4xx_it.o
                0x080023cc                NMI_Handler
 .text.HardFault_Handler
                0x080023ce        0x2 Application\User\stm32f4xx_it.o
                0x080023ce                HardFault_Handler
 .text.MemManage_Handler
                0x080023d0        0x2 Application\User\stm32f4xx_it.o
                0x080023d0                MemManage_Handler
 .text.BusFault_Handler
                0x080023d2        0x2 Application\User\stm32f4xx_it.o
                0x080023d2                BusFault_Handler
 .text.UsageFault_Handler
                0x080023d4        0x2 Application\User\stm32f4xx_it.o
                0x080023d4                UsageFault_Handler
 .text.DebugMon_Handler
                0x080023d6        0x2 Application\User\stm32f4xx_it.o
                0x080023d6                DebugMon_Handler
 .text.SysTick_Handler
                0x080023d8        0x4 Application\User\stm32f4xx_it.o
                0x080023d8                SysTick_Handler
 .text.DMA1_Stream1_IRQHandler
                0x080023dc        0xc Application\User\stm32f4xx_it.o
                0x080023dc                DMA1_Stream1_IRQHandler
 .text.DMA1_Stream3_IRQHandler
                0x080023e8        0xc Application\User\stm32f4xx_it.o
                0x080023e8                DMA1_Stream3_IRQHandler
 .text.DMA1_Stream5_IRQHandler
                0x080023f4        0xc Application\User\stm32f4xx_it.o
                0x080023f4                DMA1_Stream5_IRQHandler
 .text.DMA1_Stream6_IRQHandler
                0x08002400        0xc Application\User\stm32f4xx_it.o
                0x08002400                DMA1_Stream6_IRQHandler
 .text.TIM1_UP_TIM10_IRQHandler
                0x0800240c        0xc Application\User\stm32f4xx_it.o
                0x0800240c                TIM1_UP_TIM10_IRQHandler
 .text.DMA2_Stream1_IRQHandler
                0x08002418        0xc Application\User\stm32f4xx_it.o
                0x08002418                DMA2_Stream1_IRQHandler
 .text.DMA2_Stream2_IRQHandler
                0x08002424        0xc Application\User\stm32f4xx_it.o
                0x08002424                DMA2_Stream2_IRQHandler
 .text.DMA2_Stream6_IRQHandler
                0x08002430        0xc Application\User\stm32f4xx_it.o
                0x08002430                DMA2_Stream6_IRQHandler
 .text.DMA2_Stream7_IRQHandler
                0x0800243c        0xc Application\User\stm32f4xx_it.o
                0x0800243c                DMA2_Stream7_IRQHandler
 .text.HAL_InitTick
                0x08002448       0x78 Application\User\stm32f4xx_hal_timebase_TIM.o
                0x08002448                HAL_InitTick
 .text.HAL_MspInit
                0x080024c0       0x60 Application\User\stm32f4xx_hal_msp.o
                0x080024c0                HAL_MspInit
 .text.HAL_UART_MspInit
                0x08002520      0x2c8 Application\User\stm32f4xx_hal_msp.o
                0x08002520                HAL_UART_MspInit
 .text.hdma_usart6_tx_cmplt
                0x080027e8        0x4 Application\User\main.o
 .text.StartCombineiNemo
                0x080027ec        0x2 Application\User\main.o
                0x080027ec                StartCombineiNemo
 .text.StartCombineM1
                0x080027ee        0x2 Application\User\main.o
                0x080027ee                StartCombineM1
 .text.StartCombineM2
                0x080027f0        0x2 Application\User\main.o
                0x080027f0                StartCombineM2
 .text.StartDefaultTask
                0x080027f2        0xc Application\User\main.o
                0x080027f2                StartDefaultTask
 *fill*         0x080027fe        0x2 
 .text.StartRXMotor2
                0x08002800       0x10 Application\User\main.o
                0x08002800                StartRXMotor2
 .text.StartRXMotor1
                0x08002810        0x6 Application\User\main.o
                0x08002810                StartRXMotor1
 .text.StartTXMotor2
                0x08002816        0x6 Application\User\main.o
                0x08002816                StartTXMotor2
 .text.StartTXMotor1
                0x0800281c        0x6 Application\User\main.o
                0x0800281c                StartTXMotor1
 .text.StartRXiNemo
                0x08002822        0x6 Application\User\main.o
                0x08002822                StartRXiNemo
 .text.StartRXPC
                0x08002828        0x6 Application\User\main.o
                0x08002828                StartRXPC
 .text.hdma_usart6_rx_cmplt
                0x0800282e        0x4 Application\User\main.o
 .text.hdma_usart1_rx_cmplt
                0x08002832        0x4 Application\User\main.o
 .text.hdma_usart1_tx_cmplt
                0x08002836        0x4 Application\User\main.o
 .text.hdma_usart2_rx_cmplt
                0x0800283a        0x4 Application\User\main.o
 .text.hdma_usart2_tx_cmplt
                0x0800283e        0x4 Application\User\main.o
 .text.hdma_usart3_rx_cmplt
                0x08002842        0x4 Application\User\main.o
 .text.hdma_usart3_tx_cmplt
                0x08002846        0x4 Application\User\main.o
 *fill*         0x0800284a        0x2 
 .text.SystemClock_Config
                0x0800284c       0x94 Application\User\main.o
                0x0800284c                SystemClock_Config
 .text.Motor_Commands
                0x080028e0       0xfc Application\User\main.o
                0x080028e0                Motor_Commands
 .text.ClearBuf
                0x080029dc       0x16 Application\User\main.o
                0x080029dc                ClearBuf
 .text.SetBuf   0x080029f2       0x24 Application\User\main.o
                0x080029f2                SetBuf
 *fill*         0x08002a16        0x2 
 .text.Motor_Kill
                0x08002a18       0x7c Application\User\main.o
                0x08002a18                Motor_Kill
 .text.Motor_Init
                0x08002a94       0xb4 Application\User\main.o
                0x08002a94                Motor_Init
 .text.startup.main
                0x08002b48      0x45c Application\User\main.o
                0x08002b48                main
 .text.SetBytes
                0x08002fa4       0x30 Application\User\main.o
                0x08002fa4                SetBytes
 .text.SetCurrent
                0x08002fd4       0x3c Application\User\main.o
                0x08002fd4                SetCurrent
 .text.StartTXPC
                0x08003010       0x40 Application\User\main.o
                0x08003010                StartTXPC
 .text.HAL_TIM_PeriodElapsedCallback
                0x08003050       0x14 Application\User\main.o
                0x08003050                HAL_TIM_PeriodElapsedCallback
 .text.Error_Handler
                0x08003064        0x2 Application\User\main.o
                0x08003064                Error_Handler
 *fill*         0x08003066        0x2 
 .text.Reset_Handler
                0x08003068       0x50 Application\TrueSTUDIO\startup_stm32f407xx.o
                0x08003068                Reset_Handler
 .text.Default_Handler
                0x080030b8        0x2 Application\TrueSTUDIO\startup_stm32f407xx.o
                0x080030b8                RTC_Alarm_IRQHandler
                0x080030b8                HASH_RNG_IRQHandler
                0x080030b8                EXTI2_IRQHandler
                0x080030b8                TIM8_CC_IRQHandler
                0x080030b8                TIM1_CC_IRQHandler
                0x080030b8                DMA2_Stream5_IRQHandler
                0x080030b8                PVD_IRQHandler
                0x080030b8                SDIO_IRQHandler
                0x080030b8                TAMP_STAMP_IRQHandler
                0x080030b8                CAN2_RX1_IRQHandler
                0x080030b8                EXTI3_IRQHandler
                0x080030b8                TIM8_TRG_COM_TIM14_IRQHandler
                0x080030b8                TIM8_UP_TIM13_IRQHandler
                0x080030b8                I2C3_ER_IRQHandler
                0x080030b8                EXTI0_IRQHandler
                0x080030b8                I2C2_EV_IRQHandler
                0x080030b8                DMA1_Stream2_IRQHandler
                0x080030b8                CAN1_RX0_IRQHandler
                0x080030b8                FPU_IRQHandler
                0x080030b8                OTG_HS_WKUP_IRQHandler
                0x080030b8                CAN2_SCE_IRQHandler
                0x080030b8                SPI1_IRQHandler
                0x080030b8                TIM6_DAC_IRQHandler
                0x080030b8                TIM1_BRK_TIM9_IRQHandler
                0x080030b8                DCMI_IRQHandler
                0x080030b8                CAN2_RX0_IRQHandler
                0x080030b8                DMA2_Stream3_IRQHandler
                0x080030b8                USART6_IRQHandler
                0x080030b8                USART3_IRQHandler
                0x080030b8                CAN1_RX1_IRQHandler
                0x080030b8                UART5_IRQHandler
                0x080030b8                DMA2_Stream0_IRQHandler
                0x080030b8                TIM4_IRQHandler
                0x080030b8                I2C1_EV_IRQHandler
                0x080030b8                UART4_IRQHandler
                0x080030b8                TIM3_IRQHandler
                0x080030b8                RCC_IRQHandler
                0x080030b8                TIM8_BRK_TIM12_IRQHandler
                0x080030b8                Default_Handler
                0x080030b8                EXTI15_10_IRQHandler
                0x080030b8                ADC_IRQHandler
                0x080030b8                DMA1_Stream7_IRQHandler
                0x080030b8                TIM7_IRQHandler
                0x080030b8                CAN2_TX_IRQHandler
                0x080030b8                TIM5_IRQHandler
                0x080030b8                I2C3_EV_IRQHandler
                0x080030b8                EXTI9_5_IRQHandler
                0x080030b8                RTC_WKUP_IRQHandler
                0x080030b8                ETH_WKUP_IRQHandler
                0x080030b8                SPI2_IRQHandler
                0x080030b8                OTG_HS_EP1_IN_IRQHandler
                0x080030b8                DMA1_Stream0_IRQHandler
                0x080030b8                CAN1_TX_IRQHandler
                0x080030b8                EXTI4_IRQHandler
                0x080030b8                FSMC_IRQHandler
                0x080030b8                ETH_IRQHandler
                0x080030b8                OTG_HS_EP1_OUT_IRQHandler
                0x080030b8                WWDG_IRQHandler
                0x080030b8                TIM2_IRQHandler
                0x080030b8                OTG_FS_WKUP_IRQHandler
                0x080030b8                TIM1_TRG_COM_TIM11_IRQHandler
                0x080030b8                OTG_HS_IRQHandler
                0x080030b8                EXTI1_IRQHandler
                0x080030b8                USART2_IRQHandler
                0x080030b8                I2C2_ER_IRQHandler
                0x080030b8                CAN1_SCE_IRQHandler
                0x080030b8                FLASH_IRQHandler
                0x080030b8                DMA2_Stream4_IRQHandler
                0x080030b8                USART1_IRQHandler
                0x080030b8                OTG_FS_IRQHandler
                0x080030b8                SPI3_IRQHandler
                0x080030b8                DMA1_Stream4_IRQHandler
                0x080030b8                I2C1_ER_IRQHandler
 *fill*         0x080030ba        0x2 
 .text.__libc_init_array
                0x080030bc       0x4c c:/program files (x86)/atollic/truestudio for arm 5.5.2/armtools/bin/../lib/gcc/arm-atollic-eabi/5.3.1/../../../../arm-atollic-eabi/lib/armv7e-m/fpu\libc.a(lib_a-init.o)
                0x080030bc                __libc_init_array
 .text.memset   0x08003108       0x10 c:/program files (x86)/atollic/truestudio for arm 5.5.2/armtools/bin/../lib/gcc/arm-atollic-eabi/5.3.1/../../../../arm-atollic-eabi/lib/armv7e-m/fpu\libc.a(lib_a-memset.o)
                0x08003108                memset
 *(.glue_7)
 .glue_7        0x08003118        0x0 linker stubs
 *(.glue_7t)
 .glue_7t       0x08003118        0x0 linker stubs
 *(.eh_frame)
 .eh_frame      0x08003118        0x0 c:/program files (x86)/atollic/truestudio for arm 5.5.2/armtools/bin/../lib/gcc/arm-atollic-eabi/5.3.1/armv7e-m/fpu/crtbegin.o
 *(.init)
 .init          0x08003118        0x4 c:/program files (x86)/atollic/truestudio for arm 5.5.2/armtools/bin/../lib/gcc/arm-atollic-eabi/5.3.1/armv7e-m/fpu/crti.o
                0x08003118                _init
 .init          0x0800311c        0x8 c:/program files (x86)/atollic/truestudio for arm 5.5.2/armtools/bin/../lib/gcc/arm-atollic-eabi/5.3.1/armv7e-m/fpu/crtn.o
 *(.fini)
 .fini          0x08003124        0x4 c:/program files (x86)/atollic/truestudio for arm 5.5.2/armtools/bin/../lib/gcc/arm-atollic-eabi/5.3.1/armv7e-m/fpu/crti.o
                0x08003124                _fini
 .fini          0x08003128        0x8 c:/program files (x86)/atollic/truestudio for arm 5.5.2/armtools/bin/../lib/gcc/arm-atollic-eabi/5.3.1/armv7e-m/fpu/crtn.o
                0x08003130                . = ALIGN (0x4)
                0x08003130                _etext = .

.vfp11_veneer   0x08003130        0x0
 .vfp11_veneer  0x08003130        0x0 linker stubs

.v4_bx          0x08003130        0x0
 .v4_bx         0x08003130        0x0 linker stubs

.iplt           0x08003130        0x0
 .iplt          0x08003130        0x0 c:/program files (x86)/atollic/truestudio for arm 5.5.2/armtools/bin/../lib/gcc/arm-atollic-eabi/5.3.1/armv7e-m/fpu/crtbegin.o

.rodata         0x08003130      0x16c
                0x08003130                . = ALIGN (0x4)
 *(.rodata)
 .rodata        0x08003130       0xec Application\User\main.o
 *(.rodata*)
 .rodata.str1.1
                0x0800321c        0x5 Middlewares\FreeRTOS\tasks.o
 .rodata.APBAHBPrescTable
                0x08003221       0x10 Drivers\STM32F4xx_HAL_Driver\stm32f4xx_hal_rcc.o
                0x08003221                APBAHBPrescTable
 .rodata.flagBitshiftOffset.7682
                0x08003231        0x8 Drivers\STM32F4xx_HAL_Driver\stm32f4xx_hal_dma.o
 .rodata.str1.1
                0x08003239       0x63 Application\User\main.o
                0x0800329c                . = ALIGN (0x4)

.rel.dyn        0x0800329c        0x0
 .rel.iplt      0x0800329c        0x0 c:/program files (x86)/atollic/truestudio for arm 5.5.2/armtools/bin/../lib/gcc/arm-atollic-eabi/5.3.1/armv7e-m/fpu/crtbegin.o

.ARM.extab
 *(.ARM.extab* .gnu.linkonce.armextab.*)

.ARM            0x0800329c        0x0
                0x0800329c                __exidx_start = .
 *(.ARM.exidx*)
                0x0800329c                __exidx_end = .

.preinit_array  0x0800329c        0x0
                0x0800329c                PROVIDE (__preinit_array_start, .)
 *(.preinit_array*)
                0x0800329c                PROVIDE (__preinit_array_end, .)

.init_array     0x0800329c        0x4
                0x0800329c                PROVIDE (__init_array_start, .)
 *(SORT(.init_array.*))
 *(.init_array*)
 .init_array    0x0800329c        0x4 c:/program files (x86)/atollic/truestudio for arm 5.5.2/armtools/bin/../lib/gcc/arm-atollic-eabi/5.3.1/armv7e-m/fpu/crtbegin.o
                0x080032a0                PROVIDE (__init_array_end, .)

.fini_array     0x080032a0        0x4
                [!provide]                PROVIDE (__fini_array_start, .)
 *(SORT(.fini_array.*))
 *(.fini_array*)
 .fini_array    0x080032a0        0x4 c:/program files (x86)/atollic/truestudio for arm 5.5.2/armtools/bin/../lib/gcc/arm-atollic-eabi/5.3.1/armv7e-m/fpu/crtbegin.o
                [!provide]                PROVIDE (__fini_array_end, .)
                0x080032a4                _sidata = LOADADDR (.data)

.data           0x20000000        0xc load address 0x080032a4
                0x20000000                . = ALIGN (0x4)
                0x20000000                _sdata = .
 *(.data)
 *(.data*)
 .data.uxCriticalNesting
                0x20000000        0x4 Middlewares\FreeRTOS\port.o
 .data.SystemCoreClock
                0x20000004        0x4 Drivers\CMSIS\system_stm32f4xx.o
                0x20000004                SystemCoreClock
 .data.Ts       0x20000008        0x1 Application\User\main.o
                0x20000008                Ts
                0x2000000c                . = ALIGN (0x4)
 *fill*         0x20000009        0x3 
                0x2000000c                _edata = .
                0x080032b0                _siccmram = LOADADDR (.ccmram)

.igot.plt       0x2000000c        0x0 load address 0x080032b0
 .igot.plt      0x2000000c        0x0 c:/program files (x86)/atollic/truestudio for arm 5.5.2/armtools/bin/../lib/gcc/arm-atollic-eabi/5.3.1/armv7e-m/fpu/crtbegin.o

.ccmram         0x10000000        0x0 load address 0x080032b0
                0x10000000                . = ALIGN (0x4)
                0x10000000                _sccmram = .
 *(.ccmram)
 *(.ccmram*)
                0x10000000                . = ALIGN (0x4)
                0x10000000                _eccmram = .
                0x10000000                . = ALIGN (0x4)

.bss            0x2000000c     0x42ac
                0x2000000c                _sbss = .
                0x2000000c                __bss_start__ = _sbss
 *(.bss)
 .bss           0x2000000c       0x1c c:/program files (x86)/atollic/truestudio for arm 5.5.2/armtools/bin/../lib/gcc/arm-atollic-eabi/5.3.1/armv7e-m/fpu/crtbegin.o
 *(.bss*)
 .bss.xNumOfOverflows
                0x20000028        0x4 Middlewares\FreeRTOS\tasks.o
 .bss.pxDelayedTaskList
                0x2000002c        0x4 Middlewares\FreeRTOS\tasks.o
 .bss.xSchedulerRunning
                0x20000030        0x4 Middlewares\FreeRTOS\tasks.o
 .bss.uxTasksDeleted
                0x20000034        0x4 Middlewares\FreeRTOS\tasks.o
 .bss.xTasksWaitingTermination
                0x20000038       0x14 Middlewares\FreeRTOS\tasks.o
 .bss.xSuspendedTaskList
                0x2000004c       0x14 Middlewares\FreeRTOS\tasks.o
 .bss.uxPendedTicks
                0x20000060        0x4 Middlewares\FreeRTOS\tasks.o
 .bss.pxReadyTasksLists
                0x20000064       0x8c Middlewares\FreeRTOS\tasks.o
 .bss.uxSchedulerSuspended
                0x200000f0        0x4 Middlewares\FreeRTOS\tasks.o
 .bss.pxCurrentTCB
                0x200000f4        0x4 Middlewares\FreeRTOS\tasks.o
                0x200000f4                pxCurrentTCB
 .bss.xNextTaskUnblockTime
                0x200000f8        0x4 Middlewares\FreeRTOS\tasks.o
 .bss.xTickCount
                0x200000fc        0x4 Middlewares\FreeRTOS\tasks.o
 .bss.pxOverflowDelayedTaskList
                0x20000100        0x4 Middlewares\FreeRTOS\tasks.o
 .bss.xPendingReadyList
                0x20000104       0x14 Middlewares\FreeRTOS\tasks.o
 .bss.uxTaskNumber
                0x20000118        0x4 Middlewares\FreeRTOS\tasks.o
 .bss.xDelayedTaskList1
                0x2000011c       0x14 Middlewares\FreeRTOS\tasks.o
 .bss.xDelayedTaskList2
                0x20000130       0x14 Middlewares\FreeRTOS\tasks.o
 .bss.uxCurrentNumberOfTasks
                0x20000144        0x4 Middlewares\FreeRTOS\tasks.o
 .bss.uxTopReadyPriority
                0x20000148        0x4 Middlewares\FreeRTOS\tasks.o
 .bss.xYieldPending
                0x2000014c        0x4 Middlewares\FreeRTOS\tasks.o
 .bss.ucMaxSysCallPriority
                0x20000150        0x1 Middlewares\FreeRTOS\port.o
 *fill*         0x20000151        0x3 
 .bss.ulMaxPRIGROUPValue
                0x20000154        0x4 Middlewares\FreeRTOS\port.o
 .bss.xFreeBytesRemaining
                0x20000158        0x4 Middlewares\FreeRTOS\heap_4.o
 .bss.pxEnd     0x2000015c        0x4 Middlewares\FreeRTOS\heap_4.o
 .bss.xStart    0x20000160        0x8 Middlewares\FreeRTOS\heap_4.o
 .bss.ucHeap    0x20000168     0x3c00 Middlewares\FreeRTOS\heap_4.o
 .bss.xBlockAllocatedBit
                0x20003d68        0x4 Middlewares\FreeRTOS\heap_4.o
 .bss.xMinimumEverFreeBytesRemaining
                0x20003d6c        0x4 Middlewares\FreeRTOS\heap_4.o
 *(COMMON)
 COMMON         0x20003d70        0x4 Drivers\STM32F4xx_HAL_Driver\stm32f4xx_hal.o
                0x20003d70                uwTick
 COMMON         0x20003d74       0x3c Application\User\stm32f4xx_hal_timebase_TIM.o
                0x20003d74                htim1
 COMMON         0x20003db0      0x508 Application\User\main.o
                0x20003db0                defaultTaskHandle
                0x20003db4                hdma_usart2_rx
                0x20003e14                TXBoxM2Handle
                0x20003e18                TXBufM1
                0x20003e28                hdma_usart6_rx
                0x20003e88                TXMotor2Handle
                0x20003e8c                TXBufM2
                0x20003e9c                rptr
                0x20003ea0                Current_Command
                0x20003eb0                hdma_usart3_rx
                0x20003f10                huart3
                0x20003f50                RXBoxM1Handle
                0x20003f54                RXBoxiNemoHandle
                0x20003f58                Read_Current
                0x20003f60                Disable_Bridge
                0x20003f6c                hdma_usart3_tx
                0x20003fcc                RXBufM1
                0x20003fdc                TXMotor1Handle
                0x20003fe0                TXBoxHandle
                0x20003fe4                hdma_usart1_tx
                0x20004044                hdma_usart6_tx
                0x200040a4                hdma_usart1_rx
                0x20004104                hdma_usart2_tx
                0x20004164                Enable_Bridge
                0x20004170                mpool
                0x20004174                huart1
                0x200041b4                MB
                0x200041b8                CombineM2Handle
                0x200041bc                Read_Position
                0x200041c4                Read_Velocity
                0x200041cc                MW
                0x200041d0                TXBoxM1Handle
                0x200041d4                mptr
                0x200041d8                RXiNemoHandle
                0x200041dc                TXPCHandle
                0x200041e0                RXMotor2Handle
                0x200041e4                RXBoxM2Handle
                0x200041e8                CombineiNemoHandle
                0x200041ec                RXMotor1Handle
                0x200041f0                Position_Command
                0x20004200                huart6
                0x20004240                Write_Access
                0x2000424c                RXBuf
                0x20004256                RXBufM2
                0x20004264                huart2
                0x200042a4                TXBuf
                0x200042b0                RXPCHandle
                0x200042b4                CombineM1Handle
                0x200042b8                . = ALIGN (0x4)
                0x200042b8                _ebss = .
                0x200042b8                __bss_end__ = _ebss

._user_heap_stack
                0x200042b8      0x600
                0x200042b8                . = ALIGN (0x4)
                [!provide]                PROVIDE (end, .)
                [!provide]                PROVIDE (_end, .)
                0x200044b8                . = (. + _Min_Heap_Size)
 *fill*         0x200042b8      0x200 
                0x200048b8                . = (. + _Min_Stack_Size)
 *fill*         0x200044b8      0x400 
                0x200048b8                . = ALIGN (0x4)

/DISCARD/
 libc.a(*)
 libm.a(*)
 libgcc.a(*)

.ARM.attributes
                0x00000000       0x30
 *(.ARM.attributes)
 .ARM.attributes
                0x00000000       0x22 c:/program files (x86)/atollic/truestudio for arm 5.5.2/armtools/bin/../lib/gcc/arm-atollic-eabi/5.3.1/armv7e-m/fpu/crti.o
 .ARM.attributes
                0x00000022       0x34 c:/program files (x86)/atollic/truestudio for arm 5.5.2/armtools/bin/../lib/gcc/arm-atollic-eabi/5.3.1/armv7e-m/fpu/crtbegin.o
 .ARM.attributes
                0x00000056       0x39 Middlewares\FreeRTOS\tasks.o
 .ARM.attributes
                0x0000008f       0x39 Middlewares\FreeRTOS\queue.o
 .ARM.attributes
                0x000000c8       0x39 Middlewares\FreeRTOS\port.o
 .ARM.attributes
                0x00000101       0x39 Middlewares\FreeRTOS\list.o
 .ARM.attributes
                0x0000013a       0x39 Middlewares\FreeRTOS\heap_4.o
 .ARM.attributes
                0x00000173       0x39 Middlewares\FreeRTOS\cmsis_os.o
 .ARM.attributes
                0x000001ac       0x39 Drivers\STM32F4xx_HAL_Driver\stm32f4xx_hal_uart.o
 .ARM.attributes
                0x000001e5       0x39 Drivers\STM32F4xx_HAL_Driver\stm32f4xx_hal_tim_ex.o
 .ARM.attributes
                0x0000021e       0x39 Drivers\STM32F4xx_HAL_Driver\stm32f4xx_hal_tim.o
 .ARM.attributes
                0x00000257       0x39 Drivers\STM32F4xx_HAL_Driver\stm32f4xx_hal_rcc.o
 .ARM.attributes
                0x00000290       0x39 Drivers\STM32F4xx_HAL_Driver\stm32f4xx_hal_gpio.o
 .ARM.attributes
                0x000002c9       0x39 Drivers\STM32F4xx_HAL_Driver\stm32f4xx_hal_dma.o
 .ARM.attributes
                0x00000302       0x39 Drivers\STM32F4xx_HAL_Driver\stm32f4xx_hal_cortex.o
 .ARM.attributes
                0x0000033b       0x39 Drivers\STM32F4xx_HAL_Driver\stm32f4xx_hal.o
 .ARM.attributes
                0x00000374       0x39 Drivers\CMSIS\system_stm32f4xx.o
 .ARM.attributes
                0x000003ad       0x39 Application\User\stm32f4xx_it.o
 .ARM.attributes
                0x000003e6       0x39 Application\User\stm32f4xx_hal_timebase_TIM.o
 .ARM.attributes
                0x0000041f       0x39 Application\User\stm32f4xx_hal_msp.o
 .ARM.attributes
                0x00000458       0x39 Application\User\main.o
 .ARM.attributes
                0x00000491       0x21 Application\TrueSTUDIO\startup_stm32f407xx.o
 .ARM.attributes
                0x000004b2       0x34 c:/program files (x86)/atollic/truestudio for arm 5.5.2/armtools/bin/../lib/gcc/arm-atollic-eabi/5.3.1/../../../../arm-atollic-eabi/lib/armv7e-m/fpu\libc.a(lib_a-init.o)
 .ARM.attributes
                0x000004e6       0x34 c:/program files (x86)/atollic/truestudio for arm 5.5.2/armtools/bin/../lib/gcc/arm-atollic-eabi/5.3.1/../../../../arm-atollic-eabi/lib/armv7e-m/fpu\libc.a(lib_a-memset.o)
 .ARM.attributes
                0x0000051a       0x22 c:/program files (x86)/atollic/truestudio for arm 5.5.2/armtools/bin/../lib/gcc/arm-atollic-eabi/5.3.1/armv7e-m/fpu/crtn.o
OUTPUT(Baleka.elf elf32-littlearm)

.debug_info     0x00000000    0x13317
 .debug_info    0x00000000     0x2718 Middlewares\FreeRTOS\tasks.o
 .debug_info    0x00002718     0x1674 Middlewares\FreeRTOS\queue.o
 .debug_info    0x00003d8c      0x557 Middlewares\FreeRTOS\port.o
 .debug_info    0x000042e3      0x2a1 Middlewares\FreeRTOS\list.o
 .debug_info    0x00004584      0x486 Middlewares\FreeRTOS\heap_4.o
 .debug_info    0x00004a0a     0x1ae7 Middlewares\FreeRTOS\cmsis_os.o
 .debug_info    0x000064f1     0x128c Drivers\STM32F4xx_HAL_Driver\stm32f4xx_hal_uart.o
 .debug_info    0x0000777d      0xf6b Drivers\STM32F4xx_HAL_Driver\stm32f4xx_hal_tim_ex.o
 .debug_info    0x000086e8     0x2ea6 Drivers\STM32F4xx_HAL_Driver\stm32f4xx_hal_tim.o
 .debug_info    0x0000b58e      0xc93 Drivers\STM32F4xx_HAL_Driver\stm32f4xx_hal_rcc.o
 .debug_info    0x0000c221      0x72d Drivers\STM32F4xx_HAL_Driver\stm32f4xx_hal_gpio.o
 .debug_info    0x0000c94e      0xa28 Drivers\STM32F4xx_HAL_Driver\stm32f4xx_hal_dma.o
 .debug_info    0x0000d376      0xe7b Drivers\STM32F4xx_HAL_Driver\stm32f4xx_hal_cortex.o
 .debug_info    0x0000e1f1      0x8dc Drivers\STM32F4xx_HAL_Driver\stm32f4xx_hal.o
 .debug_info    0x0000eacd      0x4d6 Drivers\CMSIS\system_stm32f4xx.o
 .debug_info    0x0000efa3      0x793 Application\User\stm32f4xx_it.o
 .debug_info    0x0000f736      0xb46 Application\User\stm32f4xx_hal_timebase_TIM.o
 .debug_info    0x0001027c      0xd90 Application\User\stm32f4xx_hal_msp.o
 .debug_info    0x0001100c     0x222e Application\User\main.o
 .debug_info    0x0001323a       0xdd Application\TrueSTUDIO\startup_stm32f407xx.o

.debug_abbrev   0x00000000     0x2e91
 .debug_abbrev  0x00000000      0x383 Middlewares\FreeRTOS\tasks.o
 .debug_abbrev  0x00000383      0x2d0 Middlewares\FreeRTOS\queue.o
 .debug_abbrev  0x00000653      0x21b Middlewares\FreeRTOS\port.o
 .debug_abbrev  0x0000086e       0xdc Middlewares\FreeRTOS\list.o
 .debug_abbrev  0x0000094a      0x230 Middlewares\FreeRTOS\heap_4.o
 .debug_abbrev  0x00000b7a      0x36c Middlewares\FreeRTOS\cmsis_os.o
 .debug_abbrev  0x00000ee6      0x2ec Drivers\STM32F4xx_HAL_Driver\stm32f4xx_hal_uart.o
 .debug_abbrev  0x000011d2      0x270 Drivers\STM32F4xx_HAL_Driver\stm32f4xx_hal_tim_ex.o
 .debug_abbrev  0x00001442      0x311 Drivers\STM32F4xx_HAL_Driver\stm32f4xx_hal_tim.o
 .debug_abbrev  0x00001753      0x31e Drivers\STM32F4xx_HAL_Driver\stm32f4xx_hal_rcc.o
 .debug_abbrev  0x00001a71      0x1c8 Drivers\STM32F4xx_HAL_Driver\stm32f4xx_hal_gpio.o
 .debug_abbrev  0x00001c39      0x2dd Drivers\STM32F4xx_HAL_Driver\stm32f4xx_hal_dma.o
 .debug_abbrev  0x00001f16      0x32f Drivers\STM32F4xx_HAL_Driver\stm32f4xx_hal_cortex.o
 .debug_abbrev  0x00002245      0x244 Drivers\STM32F4xx_HAL_Driver\stm32f4xx_hal.o
 .debug_abbrev  0x00002489      0x101 Drivers\CMSIS\system_stm32f4xx.o
 .debug_abbrev  0x0000258a      0x1ab Application\User\stm32f4xx_it.o
 .debug_abbrev  0x00002735      0x1cf Application\User\stm32f4xx_hal_timebase_TIM.o
 .debug_abbrev  0x00002904      0x200 Application\User\stm32f4xx_hal_msp.o
 .debug_abbrev  0x00002b04      0x37b Application\User\main.o
 .debug_abbrev  0x00002e7f       0x12 Application\TrueSTUDIO\startup_stm32f407xx.o

.debug_loc      0x00000000     0x9999
 .debug_loc     0x00000000     0x17c5 Middlewares\FreeRTOS\tasks.o
 .debug_loc     0x000017c5      0xa46 Middlewares\FreeRTOS\queue.o
 .debug_loc     0x0000220b       0xae Middlewares\FreeRTOS\port.o
 .debug_loc     0x000022b9       0x94 Middlewares\FreeRTOS\list.o
 .debug_loc     0x0000234d      0x3a7 Middlewares\FreeRTOS\heap_4.o
 .debug_loc     0x000026f4      0xf7e Middlewares\FreeRTOS\cmsis_os.o
 .debug_loc     0x00003672     0x1194 Drivers\STM32F4xx_HAL_Driver\stm32f4xx_hal_uart.o
 .debug_loc     0x00004806      0x7b9 Drivers\STM32F4xx_HAL_Driver\stm32f4xx_hal_tim_ex.o
 .debug_loc     0x00004fbf     0x3146 Drivers\STM32F4xx_HAL_Driver\stm32f4xx_hal_tim.o
 .debug_loc     0x00008105      0x49b Drivers\STM32F4xx_HAL_Driver\stm32f4xx_hal_rcc.o
 .debug_loc     0x000085a0      0x374 Drivers\STM32F4xx_HAL_Driver\stm32f4xx_hal_gpio.o
 .debug_loc     0x00008914      0x757 Drivers\STM32F4xx_HAL_Driver\stm32f4xx_hal_dma.o
 .debug_loc     0x0000906b      0x4ab Drivers\STM32F4xx_HAL_Driver\stm32f4xx_hal_cortex.o
 .debug_loc     0x00009516       0x92 Drivers\STM32F4xx_HAL_Driver\stm32f4xx_hal.o
 .debug_loc     0x000095a8       0xd7 Drivers\CMSIS\system_stm32f4xx.o
 .debug_loc     0x0000967f       0x94 Application\User\stm32f4xx_hal_timebase_TIM.o
 .debug_loc     0x00009713       0xd1 Application\User\stm32f4xx_hal_msp.o
 .debug_loc     0x000097e4      0x1b5 Application\User\main.o

.debug_aranges  0x00000000      0xdd0
 .debug_aranges
                0x00000000      0x190 Middlewares\FreeRTOS\tasks.o
 .debug_aranges
                0x00000190       0xd0 Middlewares\FreeRTOS\queue.o
 .debug_aranges
                0x00000260       0x80 Middlewares\FreeRTOS\port.o
 .debug_aranges
                0x000002e0       0x40 Middlewares\FreeRTOS\list.o
 .debug_aranges
                0x00000320       0x48 Middlewares\FreeRTOS\heap_4.o
 .debug_aranges
                0x00000368      0x178 Middlewares\FreeRTOS\cmsis_os.o
 .debug_aranges
                0x000004e0      0x120 Drivers\STM32F4xx_HAL_Driver\stm32f4xx_hal_uart.o
 .debug_aranges
                0x00000600       0xf0 Drivers\STM32F4xx_HAL_Driver\stm32f4xx_hal_tim_ex.o
 .debug_aranges
                0x000006f0      0x250 Drivers\STM32F4xx_HAL_Driver\stm32f4xx_hal_tim.o
 .debug_aranges
                0x00000940       0x80 Drivers\STM32F4xx_HAL_Driver\stm32f4xx_hal_rcc.o
 .debug_aranges
                0x000009c0       0x58 Drivers\STM32F4xx_HAL_Driver\stm32f4xx_hal_gpio.o
 .debug_aranges
                0x00000a18       0x80 Drivers\STM32F4xx_HAL_Driver\stm32f4xx_hal_dma.o
 .debug_aranges
                0x00000a98       0x98 Drivers\STM32F4xx_HAL_Driver\stm32f4xx_hal_cortex.o
 .debug_aranges
                0x00000b30       0xb8 Drivers\STM32F4xx_HAL_Driver\stm32f4xx_hal.o
 .debug_aranges
                0x00000be8       0x28 Drivers\CMSIS\system_stm32f4xx.o
 .debug_aranges
                0x00000c10       0x90 Application\User\stm32f4xx_it.o
 .debug_aranges
                0x00000ca0       0x30 Application\User\stm32f4xx_hal_timebase_TIM.o
 .debug_aranges
                0x00000cd0       0x30 Application\User\stm32f4xx_hal_msp.o
 .debug_aranges
                0x00000d00       0xa8 Application\User\main.o
 .debug_aranges
                0x00000da8       0x28 Application\TrueSTUDIO\startup_stm32f407xx.o

.debug_ranges   0x00000000     0x1148
 .debug_ranges  0x00000000      0x200 Middlewares\FreeRTOS\tasks.o
 .debug_ranges  0x00000200       0xc0 Middlewares\FreeRTOS\queue.o
 .debug_ranges  0x000002c0       0x70 Middlewares\FreeRTOS\port.o
 .debug_ranges  0x00000330       0x30 Middlewares\FreeRTOS\list.o
 .debug_ranges  0x00000360       0x38 Middlewares\FreeRTOS\heap_4.o
 .debug_ranges  0x00000398      0x168 Middlewares\FreeRTOS\cmsis_os.o
 .debug_ranges  0x00000500      0x128 Drivers\STM32F4xx_HAL_Driver\stm32f4xx_hal_uart.o
 .debug_ranges  0x00000628       0xe0 Drivers\STM32F4xx_HAL_Driver\stm32f4xx_hal_tim_ex.o
 .debug_ranges  0x00000708      0x330 Drivers\STM32F4xx_HAL_Driver\stm32f4xx_hal_tim.o
 .debug_ranges  0x00000a38      0x150 Drivers\STM32F4xx_HAL_Driver\stm32f4xx_hal_rcc.o
 .debug_ranges  0x00000b88       0x70 Drivers\STM32F4xx_HAL_Driver\stm32f4xx_hal_gpio.o
 .debug_ranges  0x00000bf8       0xa8 Drivers\STM32F4xx_HAL_Driver\stm32f4xx_hal_dma.o
 .debug_ranges  0x00000ca0      0x148 Drivers\STM32F4xx_HAL_Driver\stm32f4xx_hal_cortex.o
 .debug_ranges  0x00000de8       0xa8 Drivers\STM32F4xx_HAL_Driver\stm32f4xx_hal.o
 .debug_ranges  0x00000e90       0x18 Drivers\CMSIS\system_stm32f4xx.o
 .debug_ranges  0x00000ea8       0x80 Application\User\stm32f4xx_it.o
 .debug_ranges  0x00000f28       0x40 Application\User\stm32f4xx_hal_timebase_TIM.o
 .debug_ranges  0x00000f68       0x80 Application\User\stm32f4xx_hal_msp.o
 .debug_ranges  0x00000fe8      0x140 Application\User\main.o
 .debug_ranges  0x00001128       0x20 Application\TrueSTUDIO\startup_stm32f407xx.o

.debug_line     0x00000000     0x6d0a
 .debug_line    0x00000000      0xbcd Middlewares\FreeRTOS\tasks.o
 .debug_line    0x00000bcd      0x755 Middlewares\FreeRTOS\queue.o
 .debug_line    0x00001322      0x351 Middlewares\FreeRTOS\port.o
 .debug_line    0x00001673      0x25b Middlewares\FreeRTOS\list.o
 .debug_line    0x000018ce      0x384 Middlewares\FreeRTOS\heap_4.o
 .debug_line    0x00001c52      0x7ac Middlewares\FreeRTOS\cmsis_os.o
 .debug_line    0x000023fe      0x9d2 Drivers\STM32F4xx_HAL_Driver\stm32f4xx_hal_uart.o
 .debug_line    0x00002dd0      0x638 Drivers\STM32F4xx_HAL_Driver\stm32f4xx_hal_tim_ex.o
 .debug_line    0x00003408     0x109f Drivers\STM32F4xx_HAL_Driver\stm32f4xx_hal_tim.o
 .debug_line    0x000044a7      0x586 Drivers\STM32F4xx_HAL_Driver\stm32f4xx_hal_rcc.o
 .debug_line    0x00004a2d      0x3e2 Drivers\STM32F4xx_HAL_Driver\stm32f4xx_hal_gpio.o
 .debug_line    0x00004e0f      0x551 Drivers\STM32F4xx_HAL_Driver\stm32f4xx_hal_dma.o
 .debug_line    0x00005360      0x40a Drivers\STM32F4xx_HAL_Driver\stm32f4xx_hal_cortex.o
 .debug_line    0x0000576a      0x3c3 Drivers\STM32F4xx_HAL_Driver\stm32f4xx_hal.o
 .debug_line    0x00005b2d      0x204 Drivers\CMSIS\system_stm32f4xx.o
 .debug_line    0x00005d31      0x341 Application\User\stm32f4xx_it.o
 .debug_line    0x00006072      0x288 Application\User\stm32f4xx_hal_timebase_TIM.o
 .debug_line    0x000062fa      0x34f Application\User\stm32f4xx_hal_msp.o
 .debug_line    0x00006649      0x60d Application\User\main.o
 .debug_line    0x00006c56       0xb4 Application\TrueSTUDIO\startup_stm32f407xx.o

.debug_str      0x00000000     0x52b7
 .debug_str     0x00000000      0xf35 Middlewares\FreeRTOS\tasks.o
                                0xfe3 (size before relaxing)
 .debug_str     0x00000f35      0x410 Middlewares\FreeRTOS\queue.o
                                0x921 (size before relaxing)
 .debug_str     0x00001345      0x1a2 Middlewares\FreeRTOS\port.o
                                0x4d0 (size before relaxing)
 .debug_str     0x000014e7       0x79 Middlewares\FreeRTOS\list.o
                                0x346 (size before relaxing)
 .debug_str     0x00001560      0x1e7 Middlewares\FreeRTOS\heap_4.o
                                0x42f (size before relaxing)
 .debug_str     0x00001747      0x75b Middlewares\FreeRTOS\cmsis_os.o
                                0xd01 (size before relaxing)
 .debug_str     0x00001ea2      0x7e9 Drivers\STM32F4xx_HAL_Driver\stm32f4xx_hal_uart.o
                                0xa6b (size before relaxing)
 .debug_str     0x0000268b      0x700 Drivers\STM32F4xx_HAL_Driver\stm32f4xx_hal_tim_ex.o
                                0xbc2 (size before relaxing)
 .debug_str     0x00002d8b      0x9a1 Drivers\STM32F4xx_HAL_Driver\stm32f4xx_hal_tim.o
                               0x1173 (size before relaxing)
 .debug_str     0x0000372c      0x446 Drivers\STM32F4xx_HAL_Driver\stm32f4xx_hal_rcc.o
                                0x714 (size before relaxing)
 .debug_str     0x00003b72      0x16c Drivers\STM32F4xx_HAL_Driver\stm32f4xx_hal_gpio.o
                                0x548 (size before relaxing)
 .debug_str     0x00003cde      0x2e4 Drivers\STM32F4xx_HAL_Driver\stm32f4xx_hal_dma.o
                                0x7de (size before relaxing)
 .debug_str     0x00003fc2      0x8df Drivers\STM32F4xx_HAL_Driver\stm32f4xx_hal_cortex.o
                                0xc40 (size before relaxing)
 .debug_str     0x000048a1      0x1e5 Drivers\STM32F4xx_HAL_Driver\stm32f4xx_hal.o
                                0xae0 (size before relaxing)
 .debug_str     0x00004a86       0x7a Drivers\CMSIS\system_stm32f4xx.o
                                0x3f9 (size before relaxing)
 .debug_str     0x00004b00      0x1dc Application\User\stm32f4xx_it.o
                                0x80e (size before relaxing)
 .debug_str     0x00004cdc       0x61 Application\User\stm32f4xx_hal_timebase_TIM.o
                                0xda5 (size before relaxing)
 .debug_str     0x00004d3d       0x5f Application\User\stm32f4xx_hal_msp.o
                                0xdc8 (size before relaxing)
 .debug_str     0x00004d9c      0x51b Application\User\main.o
                               0x178a (size before relaxing)

.comment        0x00000000       0x7e
 .comment       0x00000000       0x7e Middlewares\FreeRTOS\tasks.o
                                 0x7f (size before relaxing)
 .comment       0x0000007e       0x7f Middlewares\FreeRTOS\queue.o
 .comment       0x0000007e       0x7f Middlewares\FreeRTOS\port.o
 .comment       0x0000007e       0x7f Middlewares\FreeRTOS\list.o
 .comment       0x0000007e       0x7f Middlewares\FreeRTOS\heap_4.o
 .comment       0x0000007e       0x7f Middlewares\FreeRTOS\cmsis_os.o
 .comment       0x0000007e       0x7f Drivers\STM32F4xx_HAL_Driver\stm32f4xx_hal_uart.o
 .comment       0x0000007e       0x7f Drivers\STM32F4xx_HAL_Driver\stm32f4xx_hal_tim_ex.o
 .comment       0x0000007e       0x7f Drivers\STM32F4xx_HAL_Driver\stm32f4xx_hal_tim.o
 .comment       0x0000007e       0x7f Drivers\STM32F4xx_HAL_Driver\stm32f4xx_hal_rcc.o
 .comment       0x0000007e       0x7f Drivers\STM32F4xx_HAL_Driver\stm32f4xx_hal_gpio.o
 .comment       0x0000007e       0x7f Drivers\STM32F4xx_HAL_Driver\stm32f4xx_hal_dma.o
 .comment       0x0000007e       0x7f Drivers\STM32F4xx_HAL_Driver\stm32f4xx_hal_cortex.o
 .comment       0x0000007e       0x7f Drivers\STM32F4xx_HAL_Driver\stm32f4xx_hal.o
 .comment       0x0000007e       0x7f Drivers\CMSIS\system_stm32f4xx.o
 .comment       0x0000007e       0x7f Application\User\stm32f4xx_it.o
 .comment       0x0000007e       0x7f Application\User\stm32f4xx_hal_timebase_TIM.o
 .comment       0x0000007e       0x7f Application\User\stm32f4xx_hal_msp.o
 .comment       0x0000007e       0x7f Application\User\main.o

.debug_frame    0x00000000     0x2820
 .debug_frame   0x00000000      0x558 Middlewares\FreeRTOS\tasks.o
 .debug_frame   0x00000558      0x270 Middlewares\FreeRTOS\queue.o
 .debug_frame   0x000007c8       0xf0 Middlewares\FreeRTOS\port.o
 .debug_frame   0x000008b8       0x6c Middlewares\FreeRTOS\list.o
 .debug_frame   0x00000924       0x98 Middlewares\FreeRTOS\heap_4.o
 .debug_frame   0x000009bc      0x460 Middlewares\FreeRTOS\cmsis_os.o
 .debug_frame   0x00000e1c      0x374 Drivers\STM32F4xx_HAL_Driver\stm32f4xx_hal_uart.o
 .debug_frame   0x00001190      0x334 Drivers\STM32F4xx_HAL_Driver\stm32f4xx_hal_tim_ex.o
 .debug_frame   0x000014c4      0x854 Drivers\STM32F4xx_HAL_Driver\stm32f4xx_hal_tim.o
 .debug_frame   0x00001d18      0x138 Drivers\STM32F4xx_HAL_Driver\stm32f4xx_hal_rcc.o
 .debug_frame   0x00001e50       0xd4 Drivers\STM32F4xx_HAL_Driver\stm32f4xx_hal_gpio.o
 .debug_frame   0x00001f24      0x150 Drivers\STM32F4xx_HAL_Driver\stm32f4xx_hal_dma.o
 .debug_frame   0x00002074      0x130 Drivers\STM32F4xx_HAL_Driver\stm32f4xx_hal_cortex.o
 .debug_frame   0x000021a4      0x184 Drivers\STM32F4xx_HAL_Driver\stm32f4xx_hal.o
 .debug_frame   0x00002328       0x30 Drivers\CMSIS\system_stm32f4xx.o
 .debug_frame   0x00002358      0x110 Application\User\stm32f4xx_it.o
 .debug_frame   0x00002468       0x50 Application\User\stm32f4xx_hal_timebase_TIM.o
 .debug_frame   0x000024b8       0x70 Application\User\stm32f4xx_hal_msp.o
 .debug_frame   0x00002528      0x2ac Application\User\main.o
 .debug_frame   0x000027d4       0x2c c:/program files (x86)/atollic/truestudio for arm 5.5.2/armtools/bin/../lib/gcc/arm-atollic-eabi/5.3.1/../../../../arm-atollic-eabi/lib/armv7e-m/fpu\libc.a(lib_a-init.o)
 .debug_frame   0x00002800       0x20 c:/program files (x86)/atollic/truestudio for arm 5.5.2/armtools/bin/../lib/gcc/arm-atollic-eabi/5.3.1/../../../../arm-atollic-eabi/lib/armv7e-m/fpu\libc.a(lib_a-memset.o)

Cross Reference Table

Symbol                                            File
ADC_IRQHandler                                    Application\TrueSTUDIO\startup_stm32f407xx.o
AHBPrescTable                                     Drivers\CMSIS\system_stm32f4xx.o
APBAHBPrescTable                                  Drivers\STM32F4xx_HAL_Driver\stm32f4xx_hal_rcc.o
BusFault_Handler                                  Application\User\stm32f4xx_it.o
CAN1_RX0_IRQHandler                               Application\TrueSTUDIO\startup_stm32f407xx.o
CAN1_RX1_IRQHandler                               Application\TrueSTUDIO\startup_stm32f407xx.o
CAN1_SCE_IRQHandler                               Application\TrueSTUDIO\startup_stm32f407xx.o
CAN1_TX_IRQHandler                                Application\TrueSTUDIO\startup_stm32f407xx.o
CAN2_RX0_IRQHandler                               Application\TrueSTUDIO\startup_stm32f407xx.o
CAN2_RX1_IRQHandler                               Application\TrueSTUDIO\startup_stm32f407xx.o
CAN2_SCE_IRQHandler                               Application\TrueSTUDIO\startup_stm32f407xx.o
CAN2_TX_IRQHandler                                Application\TrueSTUDIO\startup_stm32f407xx.o
ClearBuf                                          Application\User\main.o
CombineM1Handle                                   Application\User\main.o
CombineM2Handle                                   Application\User\main.o
CombineiNemoHandle                                Application\User\main.o
Current_Command                                   Application\User\main.o
DCMI_IRQHandler                                   Application\TrueSTUDIO\startup_stm32f407xx.o
DMA1_Stream0_IRQHandler                           Application\TrueSTUDIO\startup_stm32f407xx.o
DMA1_Stream1_IRQHandler                           Application\User\stm32f4xx_it.o
DMA1_Stream2_IRQHandler                           Application\TrueSTUDIO\startup_stm32f407xx.o
DMA1_Stream3_IRQHandler                           Application\User\stm32f4xx_it.o
DMA1_Stream4_IRQHandler                           Application\TrueSTUDIO\startup_stm32f407xx.o
DMA1_Stream5_IRQHandler                           Application\User\stm32f4xx_it.o
DMA1_Stream6_IRQHandler                           Application\User\stm32f4xx_it.o
DMA1_Stream7_IRQHandler                           Application\TrueSTUDIO\startup_stm32f407xx.o
DMA2_Stream0_IRQHandler                           Application\TrueSTUDIO\startup_stm32f407xx.o
DMA2_Stream1_IRQHandler                           Application\User\stm32f4xx_it.o
DMA2_Stream2_IRQHandler                           Application\User\stm32f4xx_it.o
DMA2_Stream3_IRQHandler                           Application\TrueSTUDIO\startup_stm32f407xx.o
DMA2_Stream4_IRQHandler                           Application\TrueSTUDIO\startup_stm32f407xx.o
DMA2_Stream5_IRQHandler                           Application\TrueSTUDIO\startup_stm32f407xx.o
DMA2_Stream6_IRQHandler                           Application\User\stm32f4xx_it.o
DMA2_Stream7_IRQHandler                           Application\User\stm32f4xx_it.o
DebugMon_Handler                                  Application\User\stm32f4xx_it.o
Default_Handler                                   Application\TrueSTUDIO\startup_stm32f407xx.o
Disable_Bridge                                    Application\User\main.o
ETH_IRQHandler                                    Application\TrueSTUDIO\startup_stm32f407xx.o
ETH_WKUP_IRQHandler                               Application\TrueSTUDIO\startup_stm32f407xx.o
EXTI0_IRQHandler                                  Application\TrueSTUDIO\startup_stm32f407xx.o
EXTI15_10_IRQHandler                              Application\TrueSTUDIO\startup_stm32f407xx.o
EXTI1_IRQHandler                                  Application\TrueSTUDIO\startup_stm32f407xx.o
EXTI2_IRQHandler                                  Application\TrueSTUDIO\startup_stm32f407xx.o
EXTI3_IRQHandler                                  Application\TrueSTUDIO\startup_stm32f407xx.o
EXTI4_IRQHandler                                  Application\TrueSTUDIO\startup_stm32f407xx.o
EXTI9_5_IRQHandler                                Application\TrueSTUDIO\startup_stm32f407xx.o
Enable_Bridge                                     Application\User\main.o
Error_Handler                                     Application\User\main.o
                                                  Application\User\stm32f4xx_hal_msp.o
FLASH_Erase_Sector                                Drivers\STM32F4xx_HAL_Driver\stm32f4xx_hal_flash_ex.o
                                                  Drivers\STM32F4xx_HAL_Driver\stm32f4xx_hal_flash.o
FLASH_FlushCaches                                 Drivers\STM32F4xx_HAL_Driver\stm32f4xx_hal_flash_ex.o
                                                  Drivers\STM32F4xx_HAL_Driver\stm32f4xx_hal_flash.o
FLASH_IRQHandler                                  Application\TrueSTUDIO\startup_stm32f407xx.o
FLASH_WaitForLastOperation                        Drivers\STM32F4xx_HAL_Driver\stm32f4xx_hal_flash.o
                                                  Drivers\STM32F4xx_HAL_Driver\stm32f4xx_hal_flash_ex.o
FPU_IRQHandler                                    Application\TrueSTUDIO\startup_stm32f407xx.o
FSMC_IRQHandler                                   Application\TrueSTUDIO\startup_stm32f407xx.o
HAL_DBGMCU_DisableDBGSleepMode                    Drivers\STM32F4xx_HAL_Driver\stm32f4xx_hal.o
HAL_DBGMCU_DisableDBGStandbyMode                  Drivers\STM32F4xx_HAL_Driver\stm32f4xx_hal.o
HAL_DBGMCU_DisableDBGStopMode                     Drivers\STM32F4xx_HAL_Driver\stm32f4xx_hal.o
HAL_DBGMCU_EnableDBGSleepMode                     Drivers\STM32F4xx_HAL_Driver\stm32f4xx_hal.o
HAL_DBGMCU_EnableDBGStandbyMode                   Drivers\STM32F4xx_HAL_Driver\stm32f4xx_hal.o
HAL_DBGMCU_EnableDBGStopMode                      Drivers\STM32F4xx_HAL_Driver\stm32f4xx_hal.o
HAL_DMAEx_ChangeMemory                            Drivers\STM32F4xx_HAL_Driver\stm32f4xx_hal_dma_ex.o
HAL_DMAEx_MultiBufferStart                        Drivers\STM32F4xx_HAL_Driver\stm32f4xx_hal_dma_ex.o
HAL_DMAEx_MultiBufferStart_IT                     Drivers\STM32F4xx_HAL_Driver\stm32f4xx_hal_dma_ex.o
HAL_DMA_Abort                                     Drivers\STM32F4xx_HAL_Driver\stm32f4xx_hal_dma.o
                                                  Drivers\STM32F4xx_HAL_Driver\stm32f4xx_hal_tim.o
                                                  Drivers\STM32F4xx_HAL_Driver\stm32f4xx_hal_uart.o
HAL_DMA_Abort_IT                                  Drivers\STM32F4xx_HAL_Driver\stm32f4xx_hal_dma.o
                                                  Drivers\STM32F4xx_HAL_Driver\stm32f4xx_hal_uart.o
HAL_DMA_DeInit                                    Drivers\STM32F4xx_HAL_Driver\stm32f4xx_hal_dma.o
                                                  Application\User\stm32f4xx_hal_msp.o
HAL_DMA_GetError                                  Drivers\STM32F4xx_HAL_Driver\stm32f4xx_hal_dma.o
HAL_DMA_GetState                                  Drivers\STM32F4xx_HAL_Driver\stm32f4xx_hal_dma.o
HAL_DMA_IRQHandler                                Drivers\STM32F4xx_HAL_Driver\stm32f4xx_hal_dma.o
                                                  Application\User\stm32f4xx_it.o
HAL_DMA_Init                                      Drivers\STM32F4xx_HAL_Driver\stm32f4xx_hal_dma.o
                                                  Application\User\stm32f4xx_hal_msp.o
HAL_DMA_PollForTransfer                           Drivers\STM32F4xx_HAL_Driver\stm32f4xx_hal_dma.o
HAL_DMA_RegisterCallback                          Drivers\STM32F4xx_HAL_Driver\stm32f4xx_hal_dma.o
HAL_DMA_Start                                     Drivers\STM32F4xx_HAL_Driver\stm32f4xx_hal_dma.o
HAL_DMA_Start_IT                                  Drivers\STM32F4xx_HAL_Driver\stm32f4xx_hal_dma.o
                                                  Drivers\STM32F4xx_HAL_Driver\stm32f4xx_hal_tim.o
                                                  Drivers\STM32F4xx_HAL_Driver\stm32f4xx_hal_tim_ex.o
                                                  Drivers\STM32F4xx_HAL_Driver\stm32f4xx_hal_uart.o
HAL_DMA_UnRegisterCallback                        Drivers\STM32F4xx_HAL_Driver\stm32f4xx_hal_dma.o
HAL_DeInit                                        Drivers\STM32F4xx_HAL_Driver\stm32f4xx_hal.o
HAL_Delay                                         Drivers\STM32F4xx_HAL_Driver\stm32f4xx_hal.o
HAL_DisableCompensationCell                       Drivers\STM32F4xx_HAL_Driver\stm32f4xx_hal.o
HAL_EnableCompensationCell                        Drivers\STM32F4xx_HAL_Driver\stm32f4xx_hal.o
HAL_FLASHEx_Erase                                 Drivers\STM32F4xx_HAL_Driver\stm32f4xx_hal_flash_ex.o
HAL_FLASHEx_Erase_IT                              Drivers\STM32F4xx_HAL_Driver\stm32f4xx_hal_flash_ex.o
HAL_FLASHEx_OBGetConfig                           Drivers\STM32F4xx_HAL_Driver\stm32f4xx_hal_flash_ex.o
HAL_FLASHEx_OBProgram                             Drivers\STM32F4xx_HAL_Driver\stm32f4xx_hal_flash_ex.o
HAL_FLASH_EndOfOperationCallback                  Drivers\STM32F4xx_HAL_Driver\stm32f4xx_hal_flash.o
HAL_FLASH_GetError                                Drivers\STM32F4xx_HAL_Driver\stm32f4xx_hal_flash.o
HAL_FLASH_IRQHandler                              Drivers\STM32F4xx_HAL_Driver\stm32f4xx_hal_flash.o
HAL_FLASH_Lock                                    Drivers\STM32F4xx_HAL_Driver\stm32f4xx_hal_flash.o
HAL_FLASH_OB_Launch                               Drivers\STM32F4xx_HAL_Driver\stm32f4xx_hal_flash.o
HAL_FLASH_OB_Lock                                 Drivers\STM32F4xx_HAL_Driver\stm32f4xx_hal_flash.o
HAL_FLASH_OB_Unlock                               Drivers\STM32F4xx_HAL_Driver\stm32f4xx_hal_flash.o
HAL_FLASH_OperationErrorCallback                  Drivers\STM32F4xx_HAL_Driver\stm32f4xx_hal_flash.o
HAL_FLASH_Program                                 Drivers\STM32F4xx_HAL_Driver\stm32f4xx_hal_flash.o
HAL_FLASH_Program_IT                              Drivers\STM32F4xx_HAL_Driver\stm32f4xx_hal_flash.o
HAL_FLASH_Unlock                                  Drivers\STM32F4xx_HAL_Driver\stm32f4xx_hal_flash.o
HAL_GPIO_DeInit                                   Drivers\STM32F4xx_HAL_Driver\stm32f4xx_hal_gpio.o
                                                  Application\User\stm32f4xx_hal_msp.o
HAL_GPIO_EXTI_Callback                            Drivers\STM32F4xx_HAL_Driver\stm32f4xx_hal_gpio.o
HAL_GPIO_EXTI_IRQHandler                          Drivers\STM32F4xx_HAL_Driver\stm32f4xx_hal_gpio.o
HAL_GPIO_Init                                     Drivers\STM32F4xx_HAL_Driver\stm32f4xx_hal_gpio.o
                                                  Application\User\stm32f4xx_hal_msp.o
                                                  Drivers\STM32F4xx_HAL_Driver\stm32f4xx_hal_rcc.o
HAL_GPIO_LockPin                                  Drivers\STM32F4xx_HAL_Driver\stm32f4xx_hal_gpio.o
HAL_GPIO_ReadPin                                  Drivers\STM32F4xx_HAL_Driver\stm32f4xx_hal_gpio.o
HAL_GPIO_TogglePin                                Drivers\STM32F4xx_HAL_Driver\stm32f4xx_hal_gpio.o
HAL_GPIO_WritePin                                 Drivers\STM32F4xx_HAL_Driver\stm32f4xx_hal_gpio.o
HAL_GetDEVID                                      Drivers\STM32F4xx_HAL_Driver\stm32f4xx_hal.o
HAL_GetHalVersion                                 Drivers\STM32F4xx_HAL_Driver\stm32f4xx_hal.o
HAL_GetREVID                                      Drivers\STM32F4xx_HAL_Driver\stm32f4xx_hal.o
HAL_GetTick                                       Drivers\STM32F4xx_HAL_Driver\stm32f4xx_hal.o
                                                  Drivers\STM32F4xx_HAL_Driver\stm32f4xx_hal_dma.o
                                                  Drivers\STM32F4xx_HAL_Driver\stm32f4xx_hal_flash.o
                                                  Drivers\STM32F4xx_HAL_Driver\stm32f4xx_hal_pwr_ex.o
                                                  Drivers\STM32F4xx_HAL_Driver\stm32f4xx_hal_rcc.o
                                                  Drivers\STM32F4xx_HAL_Driver\stm32f4xx_hal_rcc_ex.o
                                                  Drivers\STM32F4xx_HAL_Driver\stm32f4xx_hal_uart.o
HAL_HalfDuplex_EnableReceiver                     Drivers\STM32F4xx_HAL_Driver\stm32f4xx_hal_uart.o
HAL_HalfDuplex_EnableTransmitter                  Drivers\STM32F4xx_HAL_Driver\stm32f4xx_hal_uart.o
HAL_HalfDuplex_Init                               Drivers\STM32F4xx_HAL_Driver\stm32f4xx_hal_uart.o
HAL_IncTick                                       Drivers\STM32F4xx_HAL_Driver\stm32f4xx_hal.o
                                                  Application\User\main.o
HAL_Init                                          Drivers\STM32F4xx_HAL_Driver\stm32f4xx_hal.o
                                                  Application\User\main.o
HAL_InitTick                                      Application\User\stm32f4xx_hal_timebase_TIM.o
                                                  Drivers\STM32F4xx_HAL_Driver\stm32f4xx_hal.o
                                                  Drivers\STM32F4xx_HAL_Driver\stm32f4xx_hal_rcc.o
HAL_LIN_Init                                      Drivers\STM32F4xx_HAL_Driver\stm32f4xx_hal_uart.o
HAL_LIN_SendBreak                                 Drivers\STM32F4xx_HAL_Driver\stm32f4xx_hal_uart.o
HAL_MPU_ConfigRegion                              Drivers\STM32F4xx_HAL_Driver\stm32f4xx_hal_cortex.o
HAL_MspDeInit                                     Drivers\STM32F4xx_HAL_Driver\stm32f4xx_hal.o
HAL_MspInit                                       Application\User\stm32f4xx_hal_msp.o
                                                  Drivers\STM32F4xx_HAL_Driver\stm32f4xx_hal.o
HAL_MultiProcessor_EnterMuteMode                  Drivers\STM32F4xx_HAL_Driver\stm32f4xx_hal_uart.o
HAL_MultiProcessor_ExitMuteMode                   Drivers\STM32F4xx_HAL_Driver\stm32f4xx_hal_uart.o
HAL_MultiProcessor_Init                           Drivers\STM32F4xx_HAL_Driver\stm32f4xx_hal_uart.o
HAL_NVIC_ClearPendingIRQ                          Drivers\STM32F4xx_HAL_Driver\stm32f4xx_hal_cortex.o
HAL_NVIC_DisableIRQ                               Drivers\STM32F4xx_HAL_Driver\stm32f4xx_hal_cortex.o
HAL_NVIC_EnableIRQ                                Drivers\STM32F4xx_HAL_Driver\stm32f4xx_hal_cortex.o
                                                  Application\User\main.o
                                                  Application\User\stm32f4xx_hal_timebase_TIM.o
HAL_NVIC_GetActive                                Drivers\STM32F4xx_HAL_Driver\stm32f4xx_hal_cortex.o
HAL_NVIC_GetPendingIRQ                            Drivers\STM32F4xx_HAL_Driver\stm32f4xx_hal_cortex.o
HAL_NVIC_GetPriority                              Drivers\STM32F4xx_HAL_Driver\stm32f4xx_hal_cortex.o
HAL_NVIC_GetPriorityGrouping                      Drivers\STM32F4xx_HAL_Driver\stm32f4xx_hal_cortex.o
HAL_NVIC_SetPendingIRQ                            Drivers\STM32F4xx_HAL_Driver\stm32f4xx_hal_cortex.o
HAL_NVIC_SetPriority                              Drivers\STM32F4xx_HAL_Driver\stm32f4xx_hal_cortex.o
                                                  Application\User\main.o
                                                  Application\User\stm32f4xx_hal_msp.o
                                                  Application\User\stm32f4xx_hal_timebase_TIM.o
                                                  Drivers\STM32F4xx_HAL_Driver\stm32f4xx_hal.o
HAL_NVIC_SetPriorityGrouping                      Drivers\STM32F4xx_HAL_Driver\stm32f4xx_hal_cortex.o
                                                  Application\User\stm32f4xx_hal_msp.o
                                                  Drivers\STM32F4xx_HAL_Driver\stm32f4xx_hal.o
HAL_NVIC_SystemReset                              Drivers\STM32F4xx_HAL_Driver\stm32f4xx_hal_cortex.o
HAL_PWREx_ControlVoltageScaling                   Drivers\STM32F4xx_HAL_Driver\stm32f4xx_hal_pwr_ex.o
HAL_PWREx_DisableBkUpReg                          Drivers\STM32F4xx_HAL_Driver\stm32f4xx_hal_pwr_ex.o
HAL_PWREx_DisableFlashPowerDown                   Drivers\STM32F4xx_HAL_Driver\stm32f4xx_hal_pwr_ex.o
HAL_PWREx_EnableBkUpReg                           Drivers\STM32F4xx_HAL_Driver\stm32f4xx_hal_pwr_ex.o
HAL_PWREx_EnableFlashPowerDown                    Drivers\STM32F4xx_HAL_Driver\stm32f4xx_hal_pwr_ex.o
HAL_PWREx_GetVoltageRange                         Drivers\STM32F4xx_HAL_Driver\stm32f4xx_hal_pwr_ex.o
HAL_PWR_ConfigPVD                                 Drivers\STM32F4xx_HAL_Driver\stm32f4xx_hal_pwr.o
HAL_PWR_DeInit                                    Drivers\STM32F4xx_HAL_Driver\stm32f4xx_hal_pwr.o
HAL_PWR_DisableBkUpAccess                         Drivers\STM32F4xx_HAL_Driver\stm32f4xx_hal_pwr.o
HAL_PWR_DisablePVD                                Drivers\STM32F4xx_HAL_Driver\stm32f4xx_hal_pwr.o
HAL_PWR_DisableSEVOnPend                          Drivers\STM32F4xx_HAL_Driver\stm32f4xx_hal_pwr.o
HAL_PWR_DisableSleepOnExit                        Drivers\STM32F4xx_HAL_Driver\stm32f4xx_hal_pwr.o
HAL_PWR_DisableWakeUpPin                          Drivers\STM32F4xx_HAL_Driver\stm32f4xx_hal_pwr.o
HAL_PWR_EnableBkUpAccess                          Drivers\STM32F4xx_HAL_Driver\stm32f4xx_hal_pwr.o
HAL_PWR_EnablePVD                                 Drivers\STM32F4xx_HAL_Driver\stm32f4xx_hal_pwr.o
HAL_PWR_EnableSEVOnPend                           Drivers\STM32F4xx_HAL_Driver\stm32f4xx_hal_pwr.o
HAL_PWR_EnableSleepOnExit                         Drivers\STM32F4xx_HAL_Driver\stm32f4xx_hal_pwr.o
HAL_PWR_EnableWakeUpPin                           Drivers\STM32F4xx_HAL_Driver\stm32f4xx_hal_pwr.o
HAL_PWR_EnterSLEEPMode                            Drivers\STM32F4xx_HAL_Driver\stm32f4xx_hal_pwr.o
HAL_PWR_EnterSTANDBYMode                          Drivers\STM32F4xx_HAL_Driver\stm32f4xx_hal_pwr.o
HAL_PWR_EnterSTOPMode                             Drivers\STM32F4xx_HAL_Driver\stm32f4xx_hal_pwr.o
HAL_PWR_PVDCallback                               Drivers\STM32F4xx_HAL_Driver\stm32f4xx_hal_pwr.o
HAL_PWR_PVD_IRQHandler                            Drivers\STM32F4xx_HAL_Driver\stm32f4xx_hal_pwr.o
HAL_RCCEx_GetPeriphCLKConfig                      Drivers\STM32F4xx_HAL_Driver\stm32f4xx_hal_rcc_ex.o
HAL_RCCEx_PeriphCLKConfig                         Drivers\STM32F4xx_HAL_Driver\stm32f4xx_hal_rcc_ex.o
HAL_RCC_CSSCallback                               Drivers\STM32F4xx_HAL_Driver\stm32f4xx_hal_rcc.o
HAL_RCC_ClockConfig                               Drivers\STM32F4xx_HAL_Driver\stm32f4xx_hal_rcc.o
                                                  Application\User\main.o
HAL_RCC_DeInit                                    Drivers\STM32F4xx_HAL_Driver\stm32f4xx_hal_rcc_ex.o
HAL_RCC_DisableCSS                                Drivers\STM32F4xx_HAL_Driver\stm32f4xx_hal_rcc.o
HAL_RCC_EnableCSS                                 Drivers\STM32F4xx_HAL_Driver\stm32f4xx_hal_rcc.o
HAL_RCC_GetClockConfig                            Drivers\STM32F4xx_HAL_Driver\stm32f4xx_hal_rcc.o
                                                  Application\User\stm32f4xx_hal_timebase_TIM.o
HAL_RCC_GetHCLKFreq                               Drivers\STM32F4xx_HAL_Driver\stm32f4xx_hal_rcc.o
                                                  Application\User\main.o
HAL_RCC_GetOscConfig                              Drivers\STM32F4xx_HAL_Driver\stm32f4xx_hal_rcc.o
HAL_RCC_GetPCLK1Freq                              Drivers\STM32F4xx_HAL_Driver\stm32f4xx_hal_rcc.o
                                                  Drivers\STM32F4xx_HAL_Driver\stm32f4xx_hal_uart.o
HAL_RCC_GetPCLK2Freq                              Drivers\STM32F4xx_HAL_Driver\stm32f4xx_hal_rcc.o
                                                  Application\User\stm32f4xx_hal_timebase_TIM.o
                                                  Drivers\STM32F4xx_HAL_Driver\stm32f4xx_hal_uart.o
HAL_RCC_GetSysClockFreq                           Drivers\STM32F4xx_HAL_Driver\stm32f4xx_hal_rcc.o
HAL_RCC_MCOConfig                                 Drivers\STM32F4xx_HAL_Driver\stm32f4xx_hal_rcc.o
HAL_RCC_NMI_IRQHandler                            Drivers\STM32F4xx_HAL_Driver\stm32f4xx_hal_rcc.o
HAL_RCC_OscConfig                                 Drivers\STM32F4xx_HAL_Driver\stm32f4xx_hal_rcc.o
                                                  Application\User\main.o
HAL_ResumeTick                                    Application\User\stm32f4xx_hal_timebase_TIM.o
                                                  Drivers\STM32F4xx_HAL_Driver\stm32f4xx_hal.o
HAL_SYSTICK_CLKSourceConfig                       Drivers\STM32F4xx_HAL_Driver\stm32f4xx_hal_cortex.o
                                                  Application\User\main.o
HAL_SYSTICK_Callback                              Drivers\STM32F4xx_HAL_Driver\stm32f4xx_hal_cortex.o
HAL_SYSTICK_Config                                Drivers\STM32F4xx_HAL_Driver\stm32f4xx_hal_cortex.o
                                                  Application\User\main.o
                                                  Drivers\STM32F4xx_HAL_Driver\stm32f4xx_hal.o
HAL_SYSTICK_IRQHandler                            Drivers\STM32F4xx_HAL_Driver\stm32f4xx_hal_cortex.o
HAL_SuspendTick                                   Application\User\stm32f4xx_hal_timebase_TIM.o
                                                  Drivers\STM32F4xx_HAL_Driver\stm32f4xx_hal.o
HAL_TIMEx_BreakCallback                           Drivers\STM32F4xx_HAL_Driver\stm32f4xx_hal_tim_ex.o
                                                  Drivers\STM32F4xx_HAL_Driver\stm32f4xx_hal_tim.o
HAL_TIMEx_CommutationCallback                     Drivers\STM32F4xx_HAL_Driver\stm32f4xx_hal_tim_ex.o
                                                  Drivers\STM32F4xx_HAL_Driver\stm32f4xx_hal_tim.o
HAL_TIMEx_ConfigBreakDeadTime                     Drivers\STM32F4xx_HAL_Driver\stm32f4xx_hal_tim_ex.o
HAL_TIMEx_ConfigCommutationEvent                  Drivers\STM32F4xx_HAL_Driver\stm32f4xx_hal_tim_ex.o
HAL_TIMEx_ConfigCommutationEvent_DMA              Drivers\STM32F4xx_HAL_Driver\stm32f4xx_hal_tim_ex.o
HAL_TIMEx_ConfigCommutationEvent_IT               Drivers\STM32F4xx_HAL_Driver\stm32f4xx_hal_tim_ex.o
HAL_TIMEx_HallSensor_DeInit                       Drivers\STM32F4xx_HAL_Driver\stm32f4xx_hal_tim_ex.o
HAL_TIMEx_HallSensor_GetState                     Drivers\STM32F4xx_HAL_Driver\stm32f4xx_hal_tim_ex.o
HAL_TIMEx_HallSensor_Init                         Drivers\STM32F4xx_HAL_Driver\stm32f4xx_hal_tim_ex.o
HAL_TIMEx_HallSensor_MspDeInit                    Drivers\STM32F4xx_HAL_Driver\stm32f4xx_hal_tim_ex.o
HAL_TIMEx_HallSensor_MspInit                      Drivers\STM32F4xx_HAL_Driver\stm32f4xx_hal_tim_ex.o
HAL_TIMEx_HallSensor_Start                        Drivers\STM32F4xx_HAL_Driver\stm32f4xx_hal_tim_ex.o
HAL_TIMEx_HallSensor_Start_DMA                    Drivers\STM32F4xx_HAL_Driver\stm32f4xx_hal_tim_ex.o
HAL_TIMEx_HallSensor_Start_IT                     Drivers\STM32F4xx_HAL_Driver\stm32f4xx_hal_tim_ex.o
HAL_TIMEx_HallSensor_Stop                         Drivers\STM32F4xx_HAL_Driver\stm32f4xx_hal_tim_ex.o
HAL_TIMEx_HallSensor_Stop_DMA                     Drivers\STM32F4xx_HAL_Driver\stm32f4xx_hal_tim_ex.o
HAL_TIMEx_HallSensor_Stop_IT                      Drivers\STM32F4xx_HAL_Driver\stm32f4xx_hal_tim_ex.o
HAL_TIMEx_MasterConfigSynchronization             Drivers\STM32F4xx_HAL_Driver\stm32f4xx_hal_tim_ex.o
HAL_TIMEx_OCN_Start                               Drivers\STM32F4xx_HAL_Driver\stm32f4xx_hal_tim_ex.o
HAL_TIMEx_OCN_Start_DMA                           Drivers\STM32F4xx_HAL_Driver\stm32f4xx_hal_tim_ex.o
HAL_TIMEx_OCN_Start_IT                            Drivers\STM32F4xx_HAL_Driver\stm32f4xx_hal_tim_ex.o
HAL_TIMEx_OCN_Stop                                Drivers\STM32F4xx_HAL_Driver\stm32f4xx_hal_tim_ex.o
HAL_TIMEx_OCN_Stop_DMA                            Drivers\STM32F4xx_HAL_Driver\stm32f4xx_hal_tim_ex.o
HAL_TIMEx_OCN_Stop_IT                             Drivers\STM32F4xx_HAL_Driver\stm32f4xx_hal_tim_ex.o
HAL_TIMEx_OnePulseN_Start                         Drivers\STM32F4xx_HAL_Driver\stm32f4xx_hal_tim_ex.o
HAL_TIMEx_OnePulseN_Start_IT                      Drivers\STM32F4xx_HAL_Driver\stm32f4xx_hal_tim_ex.o
HAL_TIMEx_OnePulseN_Stop                          Drivers\STM32F4xx_HAL_Driver\stm32f4xx_hal_tim_ex.o
HAL_TIMEx_OnePulseN_Stop_IT                       Drivers\STM32F4xx_HAL_Driver\stm32f4xx_hal_tim_ex.o
HAL_TIMEx_PWMN_Start                              Drivers\STM32F4xx_HAL_Driver\stm32f4xx_hal_tim_ex.o
HAL_TIMEx_PWMN_Start_DMA                          Drivers\STM32F4xx_HAL_Driver\stm32f4xx_hal_tim_ex.o
HAL_TIMEx_PWMN_Start_IT                           Drivers\STM32F4xx_HAL_Driver\stm32f4xx_hal_tim_ex.o
HAL_TIMEx_PWMN_Stop                               Drivers\STM32F4xx_HAL_Driver\stm32f4xx_hal_tim_ex.o
HAL_TIMEx_PWMN_Stop_DMA                           Drivers\STM32F4xx_HAL_Driver\stm32f4xx_hal_tim_ex.o
HAL_TIMEx_PWMN_Stop_IT                            Drivers\STM32F4xx_HAL_Driver\stm32f4xx_hal_tim_ex.o
HAL_TIMEx_RemapConfig                             Drivers\STM32F4xx_HAL_Driver\stm32f4xx_hal_tim_ex.o
HAL_TIM_Base_DeInit                               Drivers\STM32F4xx_HAL_Driver\stm32f4xx_hal_tim.o
HAL_TIM_Base_GetState                             Drivers\STM32F4xx_HAL_Driver\stm32f4xx_hal_tim.o
HAL_TIM_Base_Init                                 Drivers\STM32F4xx_HAL_Driver\stm32f4xx_hal_tim.o
                                                  Application\User\stm32f4xx_hal_timebase_TIM.o
HAL_TIM_Base_MspDeInit                            Drivers\STM32F4xx_HAL_Driver\stm32f4xx_hal_tim.o
HAL_TIM_Base_MspInit                              Drivers\STM32F4xx_HAL_Driver\stm32f4xx_hal_tim.o
HAL_TIM_Base_Start                                Drivers\STM32F4xx_HAL_Driver\stm32f4xx_hal_tim.o
HAL_TIM_Base_Start_DMA                            Drivers\STM32F4xx_HAL_Driver\stm32f4xx_hal_tim.o
HAL_TIM_Base_Start_IT                             Drivers\STM32F4xx_HAL_Driver\stm32f4xx_hal_tim.o
                                                  Application\User\stm32f4xx_hal_timebase_TIM.o
HAL_TIM_Base_Stop                                 Drivers\STM32F4xx_HAL_Driver\stm32f4xx_hal_tim.o
HAL_TIM_Base_Stop_DMA                             Drivers\STM32F4xx_HAL_Driver\stm32f4xx_hal_tim.o
HAL_TIM_Base_Stop_IT                              Drivers\STM32F4xx_HAL_Driver\stm32f4xx_hal_tim.o
HAL_TIM_ConfigClockSource                         Drivers\STM32F4xx_HAL_Driver\stm32f4xx_hal_tim.o
HAL_TIM_ConfigOCrefClear                          Drivers\STM32F4xx_HAL_Driver\stm32f4xx_hal_tim.o
HAL_TIM_ConfigTI1Input                            Drivers\STM32F4xx_HAL_Driver\stm32f4xx_hal_tim.o
HAL_TIM_DMABurst_ReadStart                        Drivers\STM32F4xx_HAL_Driver\stm32f4xx_hal_tim.o
HAL_TIM_DMABurst_ReadStop                         Drivers\STM32F4xx_HAL_Driver\stm32f4xx_hal_tim.o
HAL_TIM_DMABurst_WriteStart                       Drivers\STM32F4xx_HAL_Driver\stm32f4xx_hal_tim.o
HAL_TIM_DMABurst_WriteStop                        Drivers\STM32F4xx_HAL_Driver\stm32f4xx_hal_tim.o
HAL_TIM_Encoder_DeInit                            Drivers\STM32F4xx_HAL_Driver\stm32f4xx_hal_tim.o
HAL_TIM_Encoder_GetState                          Drivers\STM32F4xx_HAL_Driver\stm32f4xx_hal_tim.o
HAL_TIM_Encoder_Init                              Drivers\STM32F4xx_HAL_Driver\stm32f4xx_hal_tim.o
HAL_TIM_Encoder_MspDeInit                         Drivers\STM32F4xx_HAL_Driver\stm32f4xx_hal_tim.o
HAL_TIM_Encoder_MspInit                           Drivers\STM32F4xx_HAL_Driver\stm32f4xx_hal_tim.o
HAL_TIM_Encoder_Start                             Drivers\STM32F4xx_HAL_Driver\stm32f4xx_hal_tim.o
HAL_TIM_Encoder_Start_DMA                         Drivers\STM32F4xx_HAL_Driver\stm32f4xx_hal_tim.o
HAL_TIM_Encoder_Start_IT                          Drivers\STM32F4xx_HAL_Driver\stm32f4xx_hal_tim.o
HAL_TIM_Encoder_Stop                              Drivers\STM32F4xx_HAL_Driver\stm32f4xx_hal_tim.o
HAL_TIM_Encoder_Stop_DMA                          Drivers\STM32F4xx_HAL_Driver\stm32f4xx_hal_tim.o
HAL_TIM_Encoder_Stop_IT                           Drivers\STM32F4xx_HAL_Driver\stm32f4xx_hal_tim.o
HAL_TIM_ErrorCallback                             Drivers\STM32F4xx_HAL_Driver\stm32f4xx_hal_tim.o
HAL_TIM_GenerateEvent                             Drivers\STM32F4xx_HAL_Driver\stm32f4xx_hal_tim.o
HAL_TIM_IC_CaptureCallback                        Drivers\STM32F4xx_HAL_Driver\stm32f4xx_hal_tim.o
HAL_TIM_IC_ConfigChannel                          Drivers\STM32F4xx_HAL_Driver\stm32f4xx_hal_tim.o
HAL_TIM_IC_DeInit                                 Drivers\STM32F4xx_HAL_Driver\stm32f4xx_hal_tim.o
HAL_TIM_IC_GetState                               Drivers\STM32F4xx_HAL_Driver\stm32f4xx_hal_tim.o
HAL_TIM_IC_Init                                   Drivers\STM32F4xx_HAL_Driver\stm32f4xx_hal_tim.o
HAL_TIM_IC_MspDeInit                              Drivers\STM32F4xx_HAL_Driver\stm32f4xx_hal_tim.o
HAL_TIM_IC_MspInit                                Drivers\STM32F4xx_HAL_Driver\stm32f4xx_hal_tim.o
HAL_TIM_IC_Start                                  Drivers\STM32F4xx_HAL_Driver\stm32f4xx_hal_tim.o
HAL_TIM_IC_Start_DMA                              Drivers\STM32F4xx_HAL_Driver\stm32f4xx_hal_tim.o
HAL_TIM_IC_Start_IT                               Drivers\STM32F4xx_HAL_Driver\stm32f4xx_hal_tim.o
HAL_TIM_IC_Stop                                   Drivers\STM32F4xx_HAL_Driver\stm32f4xx_hal_tim.o
HAL_TIM_IC_Stop_DMA                               Drivers\STM32F4xx_HAL_Driver\stm32f4xx_hal_tim.o
HAL_TIM_IC_Stop_IT                                Drivers\STM32F4xx_HAL_Driver\stm32f4xx_hal_tim.o
HAL_TIM_IRQHandler                                Drivers\STM32F4xx_HAL_Driver\stm32f4xx_hal_tim.o
                                                  Application\User\stm32f4xx_it.o
HAL_TIM_OC_ConfigChannel                          Drivers\STM32F4xx_HAL_Driver\stm32f4xx_hal_tim.o
HAL_TIM_OC_DeInit                                 Drivers\STM32F4xx_HAL_Driver\stm32f4xx_hal_tim.o
HAL_TIM_OC_DelayElapsedCallback                   Drivers\STM32F4xx_HAL_Driver\stm32f4xx_hal_tim.o
HAL_TIM_OC_GetState                               Drivers\STM32F4xx_HAL_Driver\stm32f4xx_hal_tim.o
HAL_TIM_OC_Init                                   Drivers\STM32F4xx_HAL_Driver\stm32f4xx_hal_tim.o
HAL_TIM_OC_MspDeInit                              Drivers\STM32F4xx_HAL_Driver\stm32f4xx_hal_tim.o
HAL_TIM_OC_MspInit                                Drivers\STM32F4xx_HAL_Driver\stm32f4xx_hal_tim.o
HAL_TIM_OC_Start                                  Drivers\STM32F4xx_HAL_Driver\stm32f4xx_hal_tim.o
HAL_TIM_OC_Start_DMA                              Drivers\STM32F4xx_HAL_Driver\stm32f4xx_hal_tim.o
HAL_TIM_OC_Start_IT                               Drivers\STM32F4xx_HAL_Driver\stm32f4xx_hal_tim.o
HAL_TIM_OC_Stop                                   Drivers\STM32F4xx_HAL_Driver\stm32f4xx_hal_tim.o
HAL_TIM_OC_Stop_DMA                               Drivers\STM32F4xx_HAL_Driver\stm32f4xx_hal_tim.o
HAL_TIM_OC_Stop_IT                                Drivers\STM32F4xx_HAL_Driver\stm32f4xx_hal_tim.o
HAL_TIM_OnePulse_ConfigChannel                    Drivers\STM32F4xx_HAL_Driver\stm32f4xx_hal_tim.o
HAL_TIM_OnePulse_DeInit                           Drivers\STM32F4xx_HAL_Driver\stm32f4xx_hal_tim.o
HAL_TIM_OnePulse_GetState                         Drivers\STM32F4xx_HAL_Driver\stm32f4xx_hal_tim.o
HAL_TIM_OnePulse_Init                             Drivers\STM32F4xx_HAL_Driver\stm32f4xx_hal_tim.o
HAL_TIM_OnePulse_MspDeInit                        Drivers\STM32F4xx_HAL_Driver\stm32f4xx_hal_tim.o
HAL_TIM_OnePulse_MspInit                          Drivers\STM32F4xx_HAL_Driver\stm32f4xx_hal_tim.o
HAL_TIM_OnePulse_Start                            Drivers\STM32F4xx_HAL_Driver\stm32f4xx_hal_tim.o
HAL_TIM_OnePulse_Start_IT                         Drivers\STM32F4xx_HAL_Driver\stm32f4xx_hal_tim.o
HAL_TIM_OnePulse_Stop                             Drivers\STM32F4xx_HAL_Driver\stm32f4xx_hal_tim.o
HAL_TIM_OnePulse_Stop_IT                          Drivers\STM32F4xx_HAL_Driver\stm32f4xx_hal_tim.o
HAL_TIM_PWM_ConfigChannel                         Drivers\STM32F4xx_HAL_Driver\stm32f4xx_hal_tim.o
HAL_TIM_PWM_DeInit                                Drivers\STM32F4xx_HAL_Driver\stm32f4xx_hal_tim.o